[2025-01-06T19:15:58.220+0000][7][gc] Using G1
[2025-01-06T19:16:00.231+0000][7][gc,init] Version: 17.0.2+8 (release)
[2025-01-06T19:16:00.231+0000][7][gc,init] CPUs: 10 total, 6 available
[2025-01-06T19:16:00.232+0000][7][gc,init] Memory: 16384M
[2025-01-06T19:16:00.232+0000][7][gc,init] Large Page Support: Disabled
[2025-01-06T19:16:00.232+0000][7][gc,init] NUMA Support: Disabled
[2025-01-06T19:16:00.232+0000][7][gc,init] Compressed Oops: Enabled (Zero based)
[2025-01-06T19:16:00.232+0000][7][gc,init] Heap Region Size: 4M
[2025-01-06T19:16:00.232+0000][7][gc,init] Heap Min Capacity: 8G
[2025-01-06T19:16:00.232+0000][7][gc,init] Heap Initial Capacity: 8G
[2025-01-06T19:16:00.232+0000][7][gc,init] Heap Max Capacity: 8G
[2025-01-06T19:16:00.232+0000][7][gc,init] Pre-touch: Enabled
[2025-01-06T19:16:00.232+0000][7][gc,init] Parallel Workers: 6
[2025-01-06T19:16:00.232+0000][7][gc,init] Concurrent Workers: 2
[2025-01-06T19:16:00.232+0000][7][gc,init] Concurrent Refinement Workers: 6
[2025-01-06T19:16:00.232+0000][7][gc,init] Periodic GC: Disabled
[2025-01-06T19:16:00.234+0000][7][gc,metaspace] CDS archive(s) mapped at: [0x0000000800000000-0x0000000800bd2000-0x0000000800bd2000), size 12394496, SharedBaseAddress: 0x0000000800000000, ArchiveRelocationMode: 0.
[2025-01-06T19:16:00.234+0000][7][gc,metaspace] Compressed class space mapped at: 0x0000000800c00000-0x0000000840c00000, reserved size: 1073741824
[2025-01-06T19:16:00.234+0000][7][gc,metaspace] Narrow klass base: 0x0000000800000000, Narrow klass shift: 0, Narrow klass range: 0x100000000
[2025-01-06T19:16:01.082+0000][7][safepoint   ] Safepoint "ICBufferFull", Time since last: 809826501 ns, Reaching safepoint: 1007500 ns, At safepoint: 195250 ns, Total: 1202750 ns
[2025-01-06T19:16:01.630+0000][7][safepoint   ] Safepoint "ICBufferFull", Time since last: 547374416 ns, Reaching safepoint: 659500 ns, At safepoint: 5792 ns, Total: 665292 ns
[2025-01-06T19:16:02.506+0000][7][safepoint   ] Safepoint "ICBufferFull", Time since last: 875608667 ns, Reaching safepoint: 722125 ns, At safepoint: 7542 ns, Total: 729667 ns
[2025-01-06T19:16:03.238+0000][7][safepoint   ] Safepoint "ICBufferFull", Time since last: 730465000 ns, Reaching safepoint: 971500 ns, At safepoint: 10584 ns, Total: 982084 ns
[2025-01-06T19:16:03.267+0000][7][safepoint   ] Safepoint "ICBufferFull", Time since last: 29379250 ns, Reaching safepoint: 112458 ns, At safepoint: 3208 ns, Total: 115666 ns
[2025-01-06T19:16:03.280+0000][7][safepoint   ] Safepoint "ICBufferFull", Time since last: 12407292 ns, Reaching safepoint: 69542 ns, At safepoint: 3333 ns, Total: 72875 ns
[2025-01-06T19:16:03.289+0000][7][safepoint   ] Safepoint "ICBufferFull", Time since last: 9672125 ns, Reaching safepoint: 68208 ns, At safepoint: 2667 ns, Total: 70875 ns
[2025-01-06T19:16:03.299+0000][7][safepoint   ] Safepoint "ICBufferFull", Time since last: 9300083 ns, Reaching safepoint: 63500 ns, At safepoint: 2167 ns, Total: 65667 ns
[2025-01-06T19:16:03.308+0000][7][safepoint   ] Safepoint "ICBufferFull", Time since last: 9321292 ns, Reaching safepoint: 60750 ns, At safepoint: 2166 ns, Total: 62916 ns
[2025-01-06T19:16:03.631+0000][7][safepoint   ] Safepoint "ICBufferFull", Time since last: 322196792 ns, Reaching safepoint: 608417 ns, At safepoint: 12041 ns, Total: 620458 ns
[2025-01-06T19:16:04.010+0000][7][gc,start    ] GC(0) Pause Young (Normal) (G1 Evacuation Pause)
[2025-01-06T19:16:04.011+0000][7][gc,task     ] GC(0) Using 6 workers of 6 for evacuation
[2025-01-06T19:16:04.011+0000][7][gc,age      ] GC(0) Desired survivor size 27262976 bytes, new threshold 15 (max threshold 15)
[2025-01-06T19:16:04.070+0000][7][gc,age      ] GC(0) Age table with threshold 15 (max threshold 15)
[2025-01-06T19:16:04.070+0000][7][gc,age      ] GC(0) - age   1:   14294600 bytes,   14294600 total
[2025-01-06T19:16:04.073+0000][7][gc,phases   ] GC(0)   Pre Evacuate Collection Set: 1.5ms
[2025-01-06T19:16:04.073+0000][7][gc,phases   ] GC(0)   Merge Heap Roots: 5.6ms
[2025-01-06T19:16:04.073+0000][7][gc,phases   ] GC(0)   Evacuate Collection Set: 41.4ms
[2025-01-06T19:16:04.073+0000][7][gc,phases   ] GC(0)   Post Evacuate Collection Set: 9.6ms
[2025-01-06T19:16:04.074+0000][7][gc,phases   ] GC(0)   Other: 4.1ms
[2025-01-06T19:16:04.074+0000][7][gc,heap     ] GC(0) Eden regions: 102->0(98)
[2025-01-06T19:16:04.074+0000][7][gc,heap     ] GC(0) Survivor regions: 0->4(13)
[2025-01-06T19:16:04.074+0000][7][gc,heap     ] GC(0) Old regions: 0->0
[2025-01-06T19:16:04.074+0000][7][gc,heap     ] GC(0) Archive regions: 2->2
[2025-01-06T19:16:04.074+0000][7][gc,heap     ] GC(0) Humongous regions: 0->0
[2025-01-06T19:16:04.074+0000][7][gc,metaspace] GC(0) Metaspace: 18717K(19072K)->18717K(19072K) NonClass: 16449K(16640K)->16449K(16640K) Class: 2268K(2432K)->2268K(2432K)
[2025-01-06T19:16:04.075+0000][7][gc          ] GC(0) Pause Young (Normal) (G1 Evacuation Pause) 411M->17M(8192M) 64.440ms
[2025-01-06T19:16:04.075+0000][7][gc,cpu      ] GC(0) User=0.07s Sys=0.02s Real=0.07s
[2025-01-06T19:16:04.075+0000][7][safepoint   ] Safepoint "G1CollectForAllocation", Time since last: 376987917 ns, Reaching safepoint: 414209 ns, At safepoint: 66738291 ns, Total: 67152500 ns
[2025-01-06T19:16:04.646+0000][7][gc,start    ] GC(1) Pause Young (Normal) (G1 Evacuation Pause)
[2025-01-06T19:16:04.646+0000][7][gc,task     ] GC(1) Using 6 workers of 6 for evacuation
[2025-01-06T19:16:04.646+0000][7][gc,age      ] GC(1) Desired survivor size 27262976 bytes, new threshold 15 (max threshold 15)
[2025-01-06T19:16:04.664+0000][7][gc,age      ] GC(1) Age table with threshold 15 (max threshold 15)
[2025-01-06T19:16:04.664+0000][7][gc,age      ] GC(1) - age   1:    3866600 bytes,    3866600 total
[2025-01-06T19:16:04.664+0000][7][gc,age      ] GC(1) - age   2:   13282680 bytes,   17149280 total
[2025-01-06T19:16:04.664+0000][7][gc,phases   ] GC(1)   Pre Evacuate Collection Set: 0.2ms
[2025-01-06T19:16:04.664+0000][7][gc,phases   ] GC(1)   Merge Heap Roots: 0.1ms
[2025-01-06T19:16:04.664+0000][7][gc,phases   ] GC(1)   Evacuate Collection Set: 16.7ms
[2025-01-06T19:16:04.664+0000][7][gc,phases   ] GC(1)   Post Evacuate Collection Set: 0.7ms
[2025-01-06T19:16:04.665+0000][7][gc,phases   ] GC(1)   Other: 0.6ms
[2025-01-06T19:16:04.665+0000][7][gc,heap     ] GC(1) Eden regions: 98->0(97)
[2025-01-06T19:16:04.665+0000][7][gc,heap     ] GC(1) Survivor regions: 4->5(13)
[2025-01-06T19:16:04.665+0000][7][gc,heap     ] GC(1) Old regions: 0->0
[2025-01-06T19:16:04.665+0000][7][gc,heap     ] GC(1) Archive regions: 2->2
[2025-01-06T19:16:04.665+0000][7][gc,heap     ] GC(1) Humongous regions: 0->0
[2025-01-06T19:16:04.665+0000][7][gc,metaspace] GC(1) Metaspace: 19772K(20224K)->19772K(20224K) NonClass: 17356K(17664K)->17356K(17664K) Class: 2415K(2560K)->2415K(2560K)
[2025-01-06T19:16:04.665+0000][7][gc          ] GC(1) Pause Young (Normal) (G1 Evacuation Pause) 409M->21M(8192M) 18.766ms
[2025-01-06T19:16:04.665+0000][7][gc,cpu      ] GC(1) User=0.04s Sys=0.01s Real=0.02s
[2025-01-06T19:16:04.665+0000][7][safepoint   ] Safepoint "G1CollectForAllocation", Time since last: 570431209 ns, Reaching safepoint: 495583 ns, At safepoint: 18908125 ns, Total: 19403708 ns
[2025-01-06T19:16:05.210+0000][7][gc,start    ] GC(2) Pause Young (Normal) (G1 Evacuation Pause)
[2025-01-06T19:16:05.210+0000][7][gc,task     ] GC(2) Using 6 workers of 6 for evacuation
[2025-01-06T19:16:05.210+0000][7][gc,age      ] GC(2) Desired survivor size 27262976 bytes, new threshold 15 (max threshold 15)
[2025-01-06T19:16:05.225+0000][7][gc,age      ] GC(2) Age table with threshold 15 (max threshold 15)
[2025-01-06T19:16:05.225+0000][7][gc,age      ] GC(2) - age   1:    3305096 bytes,    3305096 total
[2025-01-06T19:16:05.225+0000][7][gc,age      ] GC(2) - age   2:    2423416 bytes,    5728512 total
[2025-01-06T19:16:05.226+0000][7][gc,age      ] GC(2) - age   3:   13274712 bytes,   19003224 total
[2025-01-06T19:16:05.226+0000][7][gc,phases   ] GC(2)   Pre Evacuate Collection Set: 0.2ms
[2025-01-06T19:16:05.226+0000][7][gc,phases   ] GC(2)   Merge Heap Roots: 0.1ms
[2025-01-06T19:16:05.226+0000][7][gc,phases   ] GC(2)   Evacuate Collection Set: 13.9ms
[2025-01-06T19:16:05.226+0000][7][gc,phases   ] GC(2)   Post Evacuate Collection Set: 0.7ms
[2025-01-06T19:16:05.226+0000][7][gc,phases   ] GC(2)   Other: 0.7ms
[2025-01-06T19:16:05.226+0000][7][gc,heap     ] GC(2) Eden regions: 97->0(99)
[2025-01-06T19:16:05.226+0000][7][gc,heap     ] GC(2) Survivor regions: 5->5(13)
[2025-01-06T19:16:05.226+0000][7][gc,heap     ] GC(2) Old regions: 0->0
[2025-01-06T19:16:05.226+0000][7][gc,heap     ] GC(2) Archive regions: 2->2
[2025-01-06T19:16:05.226+0000][7][gc,heap     ] GC(2) Humongous regions: 0->0
[2025-01-06T19:16:05.226+0000][7][gc,metaspace] GC(2) Metaspace: 21038K(21504K)->21038K(21504K) NonClass: 18449K(18752K)->18449K(18752K) Class: 2588K(2752K)->2588K(2752K)
[2025-01-06T19:16:05.226+0000][7][gc          ] GC(2) Pause Young (Normal) (G1 Evacuation Pause) 409M->23M(8192M) 16.056ms
[2025-01-06T19:16:05.226+0000][7][gc,cpu      ] GC(2) User=0.02s Sys=0.01s Real=0.02s
[2025-01-06T19:16:05.226+0000][7][safepoint   ] Safepoint "G1CollectForAllocation", Time since last: 544767750 ns, Reaching safepoint: 491292 ns, At safepoint: 16187750 ns, Total: 16679042 ns
[2025-01-06T19:16:05.307+0000][7][gc,start    ] GC(3) Pause Young (Concurrent Start) (Metadata GC Threshold)
[2025-01-06T19:16:05.307+0000][7][gc,task     ] GC(3) Using 6 workers of 6 for evacuation
[2025-01-06T19:16:05.307+0000][7][gc,age      ] GC(3) Desired survivor size 27262976 bytes, new threshold 15 (max threshold 15)
[2025-01-06T19:16:05.324+0000][7][gc,age      ] GC(3) Age table with threshold 15 (max threshold 15)
[2025-01-06T19:16:05.324+0000][7][gc,age      ] GC(3) - age   1:     164128 bytes,     164128 total
[2025-01-06T19:16:05.324+0000][7][gc,age      ] GC(3) - age   2:    2568240 bytes,    2732368 total
[2025-01-06T19:16:05.324+0000][7][gc,age      ] GC(3) - age   3:    2423416 bytes,    5155784 total
[2025-01-06T19:16:05.324+0000][7][gc,age      ] GC(3) - age   4:   13274712 bytes,   18430496 total
[2025-01-06T19:16:05.324+0000][7][gc,phases   ] GC(3)   Pre Evacuate Collection Set: 0.2ms
[2025-01-06T19:16:05.324+0000][7][gc,phases   ] GC(3)   Merge Heap Roots: 0.1ms
[2025-01-06T19:16:05.324+0000][7][gc,phases   ] GC(3)   Evacuate Collection Set: 14.9ms
[2025-01-06T19:16:05.324+0000][7][gc,phases   ] GC(3)   Post Evacuate Collection Set: 0.7ms
[2025-01-06T19:16:05.324+0000][7][gc,phases   ] GC(3)   Other: 0.9ms
[2025-01-06T19:16:05.324+0000][7][gc,heap     ] GC(3) Eden regions: 14->0(109)
[2025-01-06T19:16:05.324+0000][7][gc,heap     ] GC(3) Survivor regions: 5->5(13)
[2025-01-06T19:16:05.324+0000][7][gc,heap     ] GC(3) Old regions: 0->0
[2025-01-06T19:16:05.324+0000][7][gc,heap     ] GC(3) Archive regions: 2->2
[2025-01-06T19:16:05.324+0000][7][gc,heap     ] GC(3) Humongous regions: 0->0
[2025-01-06T19:16:05.325+0000][7][gc,metaspace] GC(3) Metaspace: 21055K(21504K)->21055K(21504K) NonClass: 18462K(18752K)->18462K(18752K) Class: 2592K(2752K)->2592K(2752K)
[2025-01-06T19:16:05.325+0000][7][gc          ] GC(3) Pause Young (Concurrent Start) (Metadata GC Threshold) 77M->23M(8192M) 17.350ms
[2025-01-06T19:16:05.325+0000][7][gc,cpu      ] GC(3) User=0.03s Sys=0.01s Real=0.02s
[2025-01-06T19:16:05.325+0000][7][gc          ] GC(4) Concurrent Mark Cycle
[2025-01-06T19:16:05.325+0000][7][safepoint   ] Safepoint "CollectForMetadataAllocation", Time since last: 80622584 ns, Reaching safepoint: 103375 ns, At safepoint: 17810833 ns, Total: 17914208 ns
[2025-01-06T19:16:05.325+0000][7][gc,marking  ] GC(4) Concurrent Clear Claimed Marks
[2025-01-06T19:16:05.325+0000][7][gc,marking  ] GC(4) Concurrent Clear Claimed Marks 0.291ms
[2025-01-06T19:16:05.325+0000][7][gc,marking  ] GC(4) Concurrent Scan Root Regions
[2025-01-06T19:16:05.331+0000][7][gc,marking  ] GC(4) Concurrent Scan Root Regions 5.696ms
[2025-01-06T19:16:05.333+0000][7][gc,marking  ] GC(4) Concurrent Mark
[2025-01-06T19:16:05.333+0000][7][gc,marking  ] GC(4) Concurrent Mark From Roots
[2025-01-06T19:16:05.333+0000][7][gc,task     ] GC(4) Using 2 workers of 2 for marking
[2025-01-06T19:16:05.339+0000][7][gc,marking  ] GC(4) Concurrent Mark From Roots 5.585ms
[2025-01-06T19:16:05.339+0000][7][gc,marking  ] GC(4) Concurrent Preclean
[2025-01-06T19:16:05.339+0000][7][gc,marking  ] GC(4) Concurrent Preclean 0.640ms
[2025-01-06T19:16:05.343+0000][7][gc,start    ] GC(4) Pause Remark
[2025-01-06T19:16:05.383+0000][7][gc          ] GC(4) Pause Remark 25M->25M(8192M) 39.708ms
[2025-01-06T19:16:05.383+0000][7][gc,cpu      ] GC(4) User=0.02s Sys=0.01s Real=0.04s
[2025-01-06T19:16:05.383+0000][7][safepoint   ] Safepoint "G1Concurrent", Time since last: 16578583 ns, Reaching safepoint: 1304834 ns, At safepoint: 39997708 ns, Total: 41302542 ns
[2025-01-06T19:16:05.388+0000][7][gc,marking  ] GC(4) Concurrent Mark 55.121ms
[2025-01-06T19:16:05.388+0000][7][gc,marking  ] GC(4) Concurrent Rebuild Remembered Sets
[2025-01-06T19:16:05.388+0000][7][gc,marking  ] GC(4) Concurrent Rebuild Remembered Sets 0.172ms
[2025-01-06T19:16:05.392+0000][7][gc,start    ] GC(4) Pause Cleanup
[2025-01-06T19:16:05.392+0000][7][gc          ] GC(4) Pause Cleanup 25M->25M(8192M) 0.258ms
[2025-01-06T19:16:05.392+0000][7][gc,cpu      ] GC(4) User=0.00s Sys=0.00s Real=0.00s
[2025-01-06T19:16:05.392+0000][7][safepoint   ] Safepoint "G1Concurrent", Time since last: 7700000 ns, Reaching safepoint: 1267083 ns, At safepoint: 455917 ns, Total: 1723000 ns
[2025-01-06T19:16:05.396+0000][7][gc,marking  ] GC(4) Concurrent Cleanup for Next Mark
[2025-01-06T19:16:05.401+0000][7][gc,marking  ] GC(4) Concurrent Cleanup for Next Mark 5.677ms
[2025-01-06T19:16:05.402+0000][7][gc          ] GC(4) Concurrent Mark Cycle 77.263ms
[2025-01-06T19:16:05.995+0000][7][safepoint   ] Safepoint "ICBufferFull", Time since last: 601709875 ns, Reaching safepoint: 809250 ns, At safepoint: 4459 ns, Total: 813709 ns
[2025-01-06T19:16:06.022+0000][7][safepoint   ] Safepoint "ICBufferFull", Time since last: 27297000 ns, Reaching safepoint: 184166 ns, At safepoint: 4709 ns, Total: 188875 ns
[2025-01-06T19:16:06.032+0000][7][safepoint   ] Safepoint "ICBufferFull", Time since last: 9938083 ns, Reaching safepoint: 105000 ns, At safepoint: 2333 ns, Total: 107333 ns
[2025-01-06T19:16:06.042+0000][7][safepoint   ] Safepoint "ICBufferFull", Time since last: 9422167 ns, Reaching safepoint: 67250 ns, At safepoint: 2375 ns, Total: 69625 ns
[2025-01-06T19:16:06.066+0000][7][safepoint   ] Safepoint "ICBufferFull", Time since last: 24426667 ns, Reaching safepoint: 105750 ns, At safepoint: 2833 ns, Total: 108583 ns
[2025-01-06T19:16:06.076+0000][7][safepoint   ] Safepoint "ICBufferFull", Time since last: 9824417 ns, Reaching safepoint: 77458 ns, At safepoint: 2583 ns, Total: 80041 ns
[2025-01-06T19:16:06.115+0000][7][safepoint   ] Safepoint "ICBufferFull", Time since last: 39066209 ns, Reaching safepoint: 126083 ns, At safepoint: 3083 ns, Total: 129166 ns
[2025-01-06T19:16:06.131+0000][7][safepoint   ] Safepoint "ICBufferFull", Time since last: 15177000 ns, Reaching safepoint: 147625 ns, At safepoint: 3875 ns, Total: 151500 ns
[2025-01-06T19:16:06.152+0000][7][safepoint   ] Safepoint "ICBufferFull", Time since last: 20790667 ns, Reaching safepoint: 137250 ns, At safepoint: 3167 ns, Total: 140417 ns
[2025-01-06T19:16:06.802+0000][7][safepoint   ] Safepoint "ICBufferFull", Time since last: 649061583 ns, Reaching safepoint: 787584 ns, At safepoint: 5833 ns, Total: 793417 ns
[2025-01-06T19:16:07.804+0000][7][safepoint   ] Safepoint "Cleanup", Time since last: 1001230000 ns, Reaching safepoint: 781625 ns, At safepoint: 23625 ns, Total: 805250 ns
[2025-01-06T19:16:08.091+0000][7][gc,start    ] GC(5) Pause Young (Concurrent Start) (Metadata GC Threshold)
[2025-01-06T19:16:08.091+0000][7][gc,task     ] GC(5) Using 6 workers of 6 for evacuation
[2025-01-06T19:16:08.091+0000][7][gc,age      ] GC(5) Desired survivor size 31457280 bytes, new threshold 15 (max threshold 15)
[2025-01-06T19:16:08.104+0000][7][gc,age      ] GC(5) Age table with threshold 15 (max threshold 15)
[2025-01-06T19:16:08.104+0000][7][gc,age      ] GC(5) - age   1:   27603296 bytes,   27603296 total
[2025-01-06T19:16:08.104+0000][7][gc,age      ] GC(5) - age   2:     148408 bytes,   27751704 total
[2025-01-06T19:16:08.104+0000][7][gc,age      ] GC(5) - age   3:    2526088 bytes,   30277792 total
[2025-01-06T19:16:08.104+0000][7][gc,age      ] GC(5) - age   4:    2401432 bytes,   32679224 total
[2025-01-06T19:16:08.104+0000][7][gc,age      ] GC(5) - age   5:   13099744 bytes,   45778968 total
[2025-01-06T19:16:08.104+0000][7][gc,phases   ] GC(5)   Pre Evacuate Collection Set: 0.2ms
[2025-01-06T19:16:08.104+0000][7][gc,phases   ] GC(5)   Merge Heap Roots: 0.1ms
[2025-01-06T19:16:08.104+0000][7][gc,phases   ] GC(5)   Evacuate Collection Set: 11.3ms
[2025-01-06T19:16:08.105+0000][7][gc,phases   ] GC(5)   Post Evacuate Collection Set: 1.4ms
[2025-01-06T19:16:08.105+0000][7][gc,phases   ] GC(5)   Other: 0.7ms
[2025-01-06T19:16:08.105+0000][7][gc,heap     ] GC(5) Eden regions: 87->0(112)
[2025-01-06T19:16:08.105+0000][7][gc,heap     ] GC(5) Survivor regions: 5->12(15)
[2025-01-06T19:16:08.105+0000][7][gc,heap     ] GC(5) Old regions: 0->0
[2025-01-06T19:16:08.105+0000][7][gc,heap     ] GC(5) Archive regions: 2->2
[2025-01-06T19:16:08.105+0000][7][gc,heap     ] GC(5) Humongous regions: 0->0
[2025-01-06T19:16:08.105+0000][7][gc,metaspace] GC(5) Metaspace: 35053K(35968K)->35053K(35968K) NonClass: 30416K(30976K)->30416K(30976K) Class: 4637K(4992K)->4637K(4992K)
[2025-01-06T19:16:08.105+0000][7][gc          ] GC(5) Pause Young (Concurrent Start) (Metadata GC Threshold) 369M->49M(8192M) 14.332ms
[2025-01-06T19:16:08.105+0000][7][gc,cpu      ] GC(5) User=0.06s Sys=0.01s Real=0.01s
[2025-01-06T19:16:08.105+0000][7][gc          ] GC(6) Concurrent Mark Cycle
[2025-01-06T19:16:08.105+0000][7][gc,marking  ] GC(6) Concurrent Clear Claimed Marks
[2025-01-06T19:16:08.105+0000][7][safepoint   ] Safepoint "CollectForMetadataAllocation", Time since last: 286755542 ns, Reaching safepoint: 255167 ns, At safepoint: 14540958 ns, Total: 14796125 ns
[2025-01-06T19:16:08.105+0000][7][gc,marking  ] GC(6) Concurrent Clear Claimed Marks 0.168ms
[2025-01-06T19:16:08.106+0000][7][gc,marking  ] GC(6) Concurrent Scan Root Regions
[2025-01-06T19:16:08.114+0000][7][gc,marking  ] GC(6) Concurrent Scan Root Regions 7.847ms
[2025-01-06T19:16:08.114+0000][7][gc,marking  ] GC(6) Concurrent Mark
[2025-01-06T19:16:08.114+0000][7][gc,marking  ] GC(6) Concurrent Mark From Roots
[2025-01-06T19:16:08.114+0000][7][gc,task     ] GC(6) Using 2 workers of 2 for marking
[2025-01-06T19:16:08.115+0000][7][gc,marking  ] GC(6) Concurrent Mark From Roots 1.655ms
[2025-01-06T19:16:08.116+0000][7][gc,marking  ] GC(6) Concurrent Preclean
[2025-01-06T19:16:08.116+0000][7][gc,marking  ] GC(6) Concurrent Preclean 0.074ms
[2025-01-06T19:16:08.117+0000][7][gc,start    ] GC(6) Pause Remark
[2025-01-06T19:16:08.133+0000][7][gc          ] GC(6) Pause Remark 51M->51M(8192M) 16.658ms
[2025-01-06T19:16:08.133+0000][7][gc,cpu      ] GC(6) User=0.01s Sys=0.00s Real=0.02s
[2025-01-06T19:16:08.134+0000][7][safepoint   ] Safepoint "G1Concurrent", Time since last: 10556709 ns, Reaching safepoint: 937541 ns, At safepoint: 16885084 ns, Total: 17822625 ns
[2025-01-06T19:16:08.134+0000][7][gc,marking  ] GC(6) Concurrent Mark 19.869ms
[2025-01-06T19:16:08.134+0000][7][gc,marking  ] GC(6) Concurrent Rebuild Remembered Sets
[2025-01-06T19:16:08.134+0000][7][gc,marking  ] GC(6) Concurrent Rebuild Remembered Sets 0.059ms
[2025-01-06T19:16:08.136+0000][7][gc,start    ] GC(6) Pause Cleanup
[2025-01-06T19:16:08.136+0000][7][gc          ] GC(6) Pause Cleanup 51M->51M(8192M) 0.101ms
[2025-01-06T19:16:08.136+0000][7][gc,cpu      ] GC(6) User=0.00s Sys=0.00s Real=0.00s
[2025-01-06T19:16:08.136+0000][7][safepoint   ] Safepoint "G1Concurrent", Time since last: 261791 ns, Reaching safepoint: 2058542 ns, At safepoint: 217042 ns, Total: 2275584 ns
[2025-01-06T19:16:08.136+0000][7][gc,marking  ] GC(6) Concurrent Cleanup for Next Mark
[2025-01-06T19:16:08.141+0000][7][gc,marking  ] GC(6) Concurrent Cleanup for Next Mark 4.673ms
[2025-01-06T19:16:08.141+0000][7][gc          ] GC(6) Concurrent Mark Cycle 35.926ms
[2025-01-06T19:16:09.203+0000][7][safepoint   ] Safepoint "Cleanup", Time since last: 1066308958 ns, Reaching safepoint: 664209 ns, At safepoint: 7125 ns, Total: 671334 ns
[2025-01-06T19:16:09.675+0000][7][safepoint   ] Safepoint "ICBufferFull", Time since last: 470741792 ns, Reaching safepoint: 871541 ns, At safepoint: 9459 ns, Total: 881000 ns
[2025-01-06T19:16:10.498+0000][7][safepoint   ] Safepoint "ICBufferFull", Time since last: 822558208 ns, Reaching safepoint: 436709 ns, At safepoint: 3500 ns, Total: 440209 ns
[2025-01-06T19:16:11.124+0000][7][gc,start    ] GC(7) Pause Young (Concurrent Start) (Metadata GC Threshold)
[2025-01-06T19:16:11.124+0000][7][gc,task     ] GC(7) Using 6 workers of 6 for evacuation
[2025-01-06T19:16:11.124+0000][7][gc,age      ] GC(7) Desired survivor size 33554432 bytes, new threshold 5 (max threshold 15)
[2025-01-06T19:16:11.147+0000][7][gc,age      ] GC(7) Age table with threshold 5 (max threshold 15)
[2025-01-06T19:16:11.147+0000][7][gc,age      ] GC(7) - age   1:    9785624 bytes,    9785624 total
[2025-01-06T19:16:11.147+0000][7][gc,age      ] GC(7) - age   2:   27291048 bytes,   37076672 total
[2025-01-06T19:16:11.147+0000][7][gc,age      ] GC(7) - age   3:     148280 bytes,   37224952 total
[2025-01-06T19:16:11.147+0000][7][gc,age      ] GC(7) - age   4:    2513608 bytes,   39738560 total
[2025-01-06T19:16:11.148+0000][7][gc,age      ] GC(7) - age   5:    2385856 bytes,   42124416 total
[2025-01-06T19:16:11.148+0000][7][gc,phases   ] GC(7)   Pre Evacuate Collection Set: 0.2ms
[2025-01-06T19:16:11.148+0000][7][gc,phases   ] GC(7)   Merge Heap Roots: 0.1ms
[2025-01-06T19:16:11.148+0000][7][gc,phases   ] GC(7)   Evacuate Collection Set: 21.0ms
[2025-01-06T19:16:11.148+0000][7][gc,phases   ] GC(7)   Post Evacuate Collection Set: 1.7ms
[2025-01-06T19:16:11.148+0000][7][gc,phases   ] GC(7)   Other: 0.9ms
[2025-01-06T19:16:11.148+0000][7][gc,heap     ] GC(7) Eden regions: 96->0(91)
[2025-01-06T19:16:11.148+0000][7][gc,heap     ] GC(7) Survivor regions: 12->11(16)
[2025-01-06T19:16:11.148+0000][7][gc,heap     ] GC(7) Old regions: 0->4
[2025-01-06T19:16:11.148+0000][7][gc,heap     ] GC(7) Archive regions: 2->2
[2025-01-06T19:16:11.148+0000][7][gc,heap     ] GC(7) Humongous regions: 0->0
[2025-01-06T19:16:11.148+0000][7][gc,metaspace] GC(7) Metaspace: 58952K(60160K)->58952K(60160K) NonClass: 50939K(51648K)->50939K(51648K) Class: 8013K(8512K)->8013K(8512K)
[2025-01-06T19:16:11.148+0000][7][gc          ] GC(7) Pause Young (Concurrent Start) (Metadata GC Threshold) 433M->60M(8192M) 24.399ms
[2025-01-06T19:16:11.148+0000][7][gc,cpu      ] GC(7) User=0.10s Sys=0.01s Real=0.02s
[2025-01-06T19:16:11.148+0000][7][safepoint   ] Safepoint "CollectForMetadataAllocation", Time since last: 625323417 ns, Reaching safepoint: 796791 ns, At safepoint: 24615459 ns, Total: 25412250 ns
[2025-01-06T19:16:11.148+0000][7][gc          ] GC(8) Concurrent Mark Cycle
[2025-01-06T19:16:11.149+0000][7][gc,marking  ] GC(8) Concurrent Clear Claimed Marks
[2025-01-06T19:16:11.149+0000][7][gc,marking  ] GC(8) Concurrent Clear Claimed Marks 0.148ms
[2025-01-06T19:16:11.149+0000][7][gc,marking  ] GC(8) Concurrent Scan Root Regions
[2025-01-06T19:16:11.158+0000][7][gc,marking  ] GC(8) Concurrent Scan Root Regions 9.127ms
[2025-01-06T19:16:11.158+0000][7][gc,marking  ] GC(8) Concurrent Mark
[2025-01-06T19:16:11.158+0000][7][gc,marking  ] GC(8) Concurrent Mark From Roots
[2025-01-06T19:16:11.158+0000][7][gc,task     ] GC(8) Using 2 workers of 2 for marking
[2025-01-06T19:16:11.160+0000][7][gc,marking  ] GC(8) Concurrent Mark From Roots 1.605ms
[2025-01-06T19:16:11.160+0000][7][gc,marking  ] GC(8) Concurrent Preclean
[2025-01-06T19:16:11.160+0000][7][gc,marking  ] GC(8) Concurrent Preclean 0.081ms
[2025-01-06T19:16:11.161+0000][7][gc,start    ] GC(8) Pause Remark
[2025-01-06T19:16:11.191+0000][7][gc          ] GC(8) Pause Remark 62M->62M(8192M) 30.708ms
[2025-01-06T19:16:11.192+0000][7][gc,cpu      ] GC(8) User=0.02s Sys=0.02s Real=0.03s
[2025-01-06T19:16:11.192+0000][7][safepoint   ] Safepoint "G1Concurrent", Time since last: 11531625 ns, Reaching safepoint: 828125 ns, At safepoint: 30934125 ns, Total: 31762250 ns
[2025-01-06T19:16:11.192+0000][7][gc,marking  ] GC(8) Concurrent Mark 33.687ms
[2025-01-06T19:16:11.192+0000][7][gc,marking  ] GC(8) Concurrent Rebuild Remembered Sets
[2025-01-06T19:16:11.200+0000][7][gc,marking  ] GC(8) Concurrent Rebuild Remembered Sets 8.179ms
[2025-01-06T19:16:11.205+0000][7][gc,start    ] GC(8) Pause Cleanup
[2025-01-06T19:16:11.206+0000][7][gc          ] GC(8) Pause Cleanup 62M->62M(8192M) 1.202ms
[2025-01-06T19:16:11.206+0000][7][gc,cpu      ] GC(8) User=0.00s Sys=0.00s Real=0.00s
[2025-01-06T19:16:11.206+0000][7][safepoint   ] Safepoint "G1Concurrent", Time since last: 11906750 ns, Reaching safepoint: 1244583 ns, At safepoint: 1327708 ns, Total: 2572291 ns
[2025-01-06T19:16:11.206+0000][7][gc,marking  ] GC(8) Concurrent Cleanup for Next Mark
[2025-01-06T19:16:11.209+0000][7][gc,marking  ] GC(8) Concurrent Cleanup for Next Mark 2.641ms
[2025-01-06T19:16:11.209+0000][7][gc          ] GC(8) Concurrent Mark Cycle 60.651ms
[2025-01-06T19:16:12.118+0000][7][safepoint   ] Safepoint "ICBufferFull", Time since last: 910544959 ns, Reaching safepoint: 843250 ns, At safepoint: 4000 ns, Total: 847250 ns
[2025-01-06T19:16:13.246+0000][7][safepoint   ] Safepoint "ICBufferFull", Time since last: 1127881292 ns, Reaching safepoint: 743709 ns, At safepoint: 9375 ns, Total: 753084 ns
[2025-01-06T19:16:14.044+0000][7][safepoint   ] Safepoint "ICBufferFull", Time since last: 796709625 ns, Reaching safepoint: 686750 ns, At safepoint: 6708 ns, Total: 693458 ns
[2025-01-06T19:16:14.460+0000][7][safepoint   ] Safepoint "ICBufferFull", Time since last: 415928584 ns, Reaching safepoint: 756625 ns, At safepoint: 4167 ns, Total: 760792 ns
[2025-01-06T19:16:14.917+0000][7][safepoint   ] Safepoint "ICBufferFull", Time since last: 456369666 ns, Reaching safepoint: 788250 ns, At safepoint: 12459 ns, Total: 800709 ns
[2025-01-06T19:16:15.311+0000][7][safepoint   ] Safepoint "ICBufferFull", Time since last: 358604166 ns, Reaching safepoint: 921125 ns, At safepoint: 3791 ns, Total: 924916 ns
[2025-01-06T19:16:15.453+0000][7][gc,start    ] GC(9) Pause Young (Normal) (G1 Evacuation Pause)
[2025-01-06T19:16:15.454+0000][7][gc,task     ] GC(9) Using 6 workers of 6 for evacuation
[2025-01-06T19:16:15.454+0000][7][gc,age      ] GC(9) Desired survivor size 27262976 bytes, new threshold 2 (max threshold 15)
[2025-01-06T19:16:15.479+0000][7][gc,age      ] GC(9) Age table with threshold 2 (max threshold 15)
[2025-01-06T19:16:15.479+0000][7][gc,age      ] GC(9) - age   1:   15251360 bytes,   15251360 total
[2025-01-06T19:16:15.479+0000][7][gc,age      ] GC(9) - age   2:    9238472 bytes,   24489832 total
[2025-01-06T19:16:15.480+0000][7][gc,phases   ] GC(9)   Pre Evacuate Collection Set: 0.2ms
[2025-01-06T19:16:15.480+0000][7][gc,phases   ] GC(9)   Merge Heap Roots: 0.1ms
[2025-01-06T19:16:15.480+0000][7][gc,phases   ] GC(9)   Evacuate Collection Set: 23.8ms
[2025-01-06T19:16:15.480+0000][7][gc,phases   ] GC(9)   Post Evacuate Collection Set: 1.4ms
[2025-01-06T19:16:15.480+0000][7][gc,phases   ] GC(9)   Other: 0.7ms
[2025-01-06T19:16:15.480+0000][7][gc,heap     ] GC(9) Eden regions: 91->0(168)
[2025-01-06T19:16:15.480+0000][7][gc,heap     ] GC(9) Survivor regions: 11->7(13)
[2025-01-06T19:16:15.480+0000][7][gc,heap     ] GC(9) Old regions: 4->11
[2025-01-06T19:16:15.480+0000][7][gc,heap     ] GC(9) Archive regions: 2->2
[2025-01-06T19:16:15.480+0000][7][gc,heap     ] GC(9) Humongous regions: 0->0
[2025-01-06T19:16:15.480+0000][7][gc,metaspace] GC(9) Metaspace: 94608K(96128K)->94608K(96128K) NonClass: 81320K(82240K)->81320K(82240K) Class: 13288K(13888K)->13288K(13888K)
[2025-01-06T19:16:15.480+0000][7][gc          ] GC(9) Pause Young (Normal) (G1 Evacuation Pause) 424M->74M(8192M) 26.757ms
[2025-01-06T19:16:15.480+0000][7][gc,cpu      ] GC(9) User=0.15s Sys=0.02s Real=0.03s
[2025-01-06T19:16:15.480+0000][7][safepoint   ] Safepoint "G1CollectForAllocation", Time since last: 140776000 ns, Reaching safepoint: 1308834 ns, At safepoint: 27048083 ns, Total: 28356917 ns
[2025-01-06T19:16:16.069+0000][7][safepoint   ] Safepoint "ICBufferFull", Time since last: 587239292 ns, Reaching safepoint: 1344125 ns, At safepoint: 28083 ns, Total: 1372208 ns
[2025-01-06T19:16:16.349+0000][7][gc,start    ] GC(10) Pause Young (Concurrent Start) (Metadata GC Threshold)
[2025-01-06T19:16:16.349+0000][7][gc,task     ] GC(10) Using 6 workers of 6 for evacuation
[2025-01-06T19:16:16.349+0000][7][gc,age      ] GC(10) Desired survivor size 44040192 bytes, new threshold 15 (max threshold 15)
[2025-01-06T19:16:16.363+0000][7][gc,age      ] GC(10) Age table with threshold 15 (max threshold 15)
[2025-01-06T19:16:16.364+0000][7][gc,age      ] GC(10) - age   1:    4192512 bytes,    4192512 total
[2025-01-06T19:16:16.364+0000][7][gc,age      ] GC(10) - age   2:   14773680 bytes,   18966192 total
[2025-01-06T19:16:16.364+0000][7][gc,age      ] GC(10) - age   3:    9147032 bytes,   28113224 total
[2025-01-06T19:16:16.364+0000][7][gc,phases   ] GC(10)   Pre Evacuate Collection Set: 0.3ms
[2025-01-06T19:16:16.364+0000][7][gc,phases   ] GC(10)   Merge Heap Roots: 0.4ms
[2025-01-06T19:16:16.364+0000][7][gc,phases   ] GC(10)   Evacuate Collection Set: 12.5ms
[2025-01-06T19:16:16.364+0000][7][gc,phases   ] GC(10)   Post Evacuate Collection Set: 1.3ms
[2025-01-06T19:16:16.364+0000][7][gc,phases   ] GC(10)   Other: 0.6ms
[2025-01-06T19:16:16.364+0000][7][gc,heap     ] GC(10) Eden regions: 13->0(183)
[2025-01-06T19:16:16.364+0000][7][gc,heap     ] GC(10) Survivor regions: 7->8(21)
[2025-01-06T19:16:16.364+0000][7][gc,heap     ] GC(10) Old regions: 11->11
[2025-01-06T19:16:16.364+0000][7][gc,heap     ] GC(10) Archive regions: 2->2
[2025-01-06T19:16:16.364+0000][7][gc,heap     ] GC(10) Humongous regions: 2->2
[2025-01-06T19:16:16.364+0000][7][gc,metaspace] GC(10) Metaspace: 98910K(100416K)->98910K(100416K) NonClass: 84955K(85888K)->84955K(85888K) Class: 13954K(14528K)->13954K(14528K)
[2025-01-06T19:16:16.364+0000][7][gc          ] GC(10) Pause Young (Concurrent Start) (Metadata GC Threshold) 131M->84M(8192M) 15.449ms
[2025-01-06T19:16:16.364+0000][7][gc,cpu      ] GC(10) User=0.06s Sys=0.00s Real=0.01s
[2025-01-06T19:16:16.364+0000][7][gc          ] GC(11) Concurrent Mark Cycle
[2025-01-06T19:16:16.364+0000][7][gc,marking  ] GC(11) Concurrent Clear Claimed Marks
[2025-01-06T19:16:16.364+0000][7][gc,marking  ] GC(11) Concurrent Clear Claimed Marks 0.171ms
[2025-01-06T19:16:16.364+0000][7][gc,marking  ] GC(11) Concurrent Scan Root Regions
[2025-01-06T19:16:16.364+0000][7][safepoint   ] Safepoint "CollectForMetadataAllocation", Time since last: 277840250 ns, Reaching safepoint: 1701917 ns, At safepoint: 15657500 ns, Total: 17359417 ns
[2025-01-06T19:16:16.372+0000][7][gc,marking  ] GC(11) Concurrent Scan Root Regions 7.117ms
[2025-01-06T19:16:16.374+0000][7][gc,marking  ] GC(11) Concurrent Mark
[2025-01-06T19:16:16.374+0000][7][gc,marking  ] GC(11) Concurrent Mark From Roots
[2025-01-06T19:16:16.374+0000][7][gc,task     ] GC(11) Using 2 workers of 2 for marking
[2025-01-06T19:16:16.402+0000][7][gc,marking  ] GC(11) Concurrent Mark From Roots 27.908ms
[2025-01-06T19:16:16.402+0000][7][gc,marking  ] GC(11) Concurrent Preclean
[2025-01-06T19:16:16.404+0000][7][gc,marking  ] GC(11) Concurrent Preclean 1.741ms
[2025-01-06T19:16:16.405+0000][7][gc,start    ] GC(11) Pause Remark
[2025-01-06T19:16:16.474+0000][7][gc          ] GC(11) Pause Remark 88M->88M(8192M) 68.647ms
[2025-01-06T19:16:16.474+0000][7][gc,cpu      ] GC(11) User=0.04s Sys=0.04s Real=0.06s
[2025-01-06T19:16:16.474+0000][7][safepoint   ] Safepoint "G1Concurrent", Time since last: 39878583 ns, Reaching safepoint: 986625 ns, At safepoint: 68861626 ns, Total: 69848251 ns
[2025-01-06T19:16:16.474+0000][7][gc,marking  ] GC(11) Concurrent Mark 100.152ms
[2025-01-06T19:16:16.474+0000][7][gc,marking  ] GC(11) Concurrent Rebuild Remembered Sets
[2025-01-06T19:16:16.474+0000][7][gc,marking  ] GC(11) Concurrent Rebuild Remembered Sets 0.058ms
[2025-01-06T19:16:16.475+0000][7][gc,start    ] GC(11) Pause Cleanup
[2025-01-06T19:16:16.475+0000][7][gc          ] GC(11) Pause Cleanup 88M->88M(8192M) 0.048ms
[2025-01-06T19:16:16.475+0000][7][gc,cpu      ] GC(11) User=0.00s Sys=0.00s Real=0.00s
[2025-01-06T19:16:16.475+0000][7][safepoint   ] Safepoint "G1Concurrent", Time since last: 233666 ns, Reaching safepoint: 912709 ns, At safepoint: 212333 ns, Total: 1125042 ns
[2025-01-06T19:16:16.475+0000][7][gc,marking  ] GC(11) Concurrent Cleanup for Next Mark
[2025-01-06T19:16:16.478+0000][7][gc,marking  ] GC(11) Concurrent Cleanup for Next Mark 2.628ms
[2025-01-06T19:16:16.478+0000][7][gc          ] GC(11) Concurrent Mark Cycle 114.049ms
[2025-01-06T19:16:17.549+0000][7][safepoint   ] Safepoint "ICBufferFull", Time since last: 1072040542 ns, Reaching safepoint: 1602292 ns, At safepoint: 22250 ns, Total: 1624542 ns
[2025-01-06T19:16:17.550+0000][7][safepoint   ] Safepoint "ICBufferFull", Time since last: 280458 ns, Reaching safepoint: 656208 ns, At safepoint: 30834 ns, Total: 687042 ns
[2025-01-06T19:16:17.551+0000][7][safepoint   ] Safepoint "ICBufferFull", Time since last: 149083 ns, Reaching safepoint: 846750 ns, At safepoint: 23208 ns, Total: 869958 ns
[2025-01-06T19:16:18.039+0000][7][safepoint   ] Safepoint "ICBufferFull", Time since last: 486281209 ns, Reaching safepoint: 1463167 ns, At safepoint: 32000 ns, Total: 1495167 ns
[2025-01-06T19:16:18.605+0000][7][safepoint   ] Safepoint "ICBufferFull", Time since last: 564126083 ns, Reaching safepoint: 2513334 ns, At safepoint: 19958 ns, Total: 2533292 ns
[2025-01-06T19:16:19.615+0000][7][safepoint   ] Safepoint "Cleanup", Time since last: 1008807625 ns, Reaching safepoint: 877917 ns, At safepoint: 27208 ns, Total: 905125 ns
[2025-01-06T19:16:21.619+0000][7][safepoint   ] Safepoint "Cleanup", Time since last: 2003745043 ns, Reaching safepoint: 255167 ns, At safepoint: 6041 ns, Total: 261208 ns
[2025-01-06T19:16:22.622+0000][7][safepoint   ] Safepoint "Cleanup", Time since last: 1002778917 ns, Reaching safepoint: 185042 ns, At safepoint: 8667 ns, Total: 193709 ns
[2025-01-06T19:16:25.625+0000][7][safepoint   ] Safepoint "Cleanup", Time since last: 3002974543 ns, Reaching safepoint: 310208 ns, At safepoint: 6792 ns, Total: 317000 ns
[2025-01-06T19:16:28.634+0000][7][safepoint   ] Safepoint "Cleanup", Time since last: 3008563293 ns, Reaching safepoint: 199042 ns, At safepoint: 5541 ns, Total: 204583 ns
[2025-01-06T19:16:30.638+0000][7][safepoint   ] Safepoint "Cleanup", Time since last: 2003742543 ns, Reaching safepoint: 160042 ns, At safepoint: 4833 ns, Total: 164875 ns
[2025-01-06T19:16:32.640+0000][7][safepoint   ] Safepoint "Cleanup", Time since last: 2001854876 ns, Reaching safepoint: 193917 ns, At safepoint: 9500 ns, Total: 203417 ns
[2025-01-06T19:16:34.643+0000][7][safepoint   ] Safepoint "Cleanup", Time since last: 2001738084 ns, Reaching safepoint: 1546500 ns, At safepoint: 25500 ns, Total: 1572000 ns
[2025-01-06T19:16:35.646+0000][7][safepoint   ] Safepoint "Cleanup", Time since last: 1001989167 ns, Reaching safepoint: 896500 ns, At safepoint: 18875 ns, Total: 915375 ns
[2025-01-06T19:16:36.653+0000][7][safepoint   ] Safepoint "Cleanup", Time since last: 1006589334 ns, Reaching safepoint: 218458 ns, At safepoint: 13833 ns, Total: 232291 ns
[2025-01-06T19:16:40.667+0000][7][safepoint   ] Safepoint "Cleanup", Time since last: 4012527752 ns, Reaching safepoint: 919084 ns, At safepoint: 26958 ns, Total: 946042 ns
[2025-01-06T19:16:41.669+0000][7][safepoint   ] Safepoint "Cleanup", Time since last: 1002008584 ns, Reaching safepoint: 761792 ns, At safepoint: 30875 ns, Total: 792667 ns
[2025-01-06T19:16:42.675+0000][7][safepoint   ] Safepoint "Cleanup", Time since last: 1005269250 ns, Reaching safepoint: 617792 ns, At safepoint: 19000 ns, Total: 636792 ns
[2025-01-06T19:16:43.682+0000][7][safepoint   ] Safepoint "Cleanup", Time since last: 1005704875 ns, Reaching safepoint: 698500 ns, At safepoint: 34000 ns, Total: 732500 ns
[2025-01-06T19:16:44.685+0000][7][safepoint   ] Safepoint "Cleanup", Time since last: 1002155042 ns, Reaching safepoint: 625334 ns, At safepoint: 26125 ns, Total: 651459 ns
[2025-01-06T19:16:45.688+0000][7][safepoint   ] Safepoint "Cleanup", Time since last: 1002371791 ns, Reaching safepoint: 750375 ns, At safepoint: 14625 ns, Total: 765000 ns
[2025-01-06T19:16:46.691+0000][7][safepoint   ] Safepoint "Cleanup", Time since last: 1002269876 ns, Reaching safepoint: 1011791 ns, At safepoint: 31750 ns, Total: 1043541 ns
[2025-01-06T19:16:47.697+0000][7][safepoint   ] Safepoint "Cleanup", Time since last: 1006160667 ns, Reaching safepoint: 248834 ns, At safepoint: 15375 ns, Total: 264209 ns
[2025-01-06T19:16:51.713+0000][7][safepoint   ] Safepoint "Cleanup", Time since last: 4015464335 ns, Reaching safepoint: 271583 ns, At safepoint: 12834 ns, Total: 284417 ns
[2025-01-06T19:16:54.727+0000][7][safepoint   ] Safepoint "Cleanup", Time since last: 3012765293 ns, Reaching safepoint: 559041 ns, At safepoint: 30750 ns, Total: 589791 ns
[2025-01-06T19:16:55.734+0000][7][safepoint   ] Safepoint "Cleanup", Time since last: 1006399668 ns, Reaching safepoint: 553166 ns, At safepoint: 23125 ns, Total: 576291 ns
[2025-01-06T19:16:58.743+0000][7][safepoint   ] Safepoint "Cleanup", Time since last: 3008655752 ns, Reaching safepoint: 379583 ns, At safepoint: 15250 ns, Total: 394833 ns
[2025-01-06T19:17:00.752+0000][7][safepoint   ] Safepoint "Cleanup", Time since last: 2008414418 ns, Reaching safepoint: 626458 ns, At safepoint: 28500 ns, Total: 654958 ns
[2025-01-06T19:17:07.778+0000][7][safepoint   ] Safepoint "Cleanup", Time since last: 7025293170 ns, Reaching safepoint: 1295083 ns, At safepoint: 28584 ns, Total: 1323667 ns
[2025-01-06T19:17:10.788+0000][7][safepoint   ] Safepoint "Cleanup", Time since last: 3007752584 ns, Reaching safepoint: 2366375 ns, At safepoint: 33709 ns, Total: 2400084 ns
[2025-01-06T19:17:11.792+0000][7][safepoint   ] Safepoint "Cleanup", Time since last: 1003185209 ns, Reaching safepoint: 218125 ns, At safepoint: 9125 ns, Total: 227250 ns
[2025-01-06T19:17:12.939+0000][7][safepoint   ] Safepoint "Cleanup", Time since last: 1146021375 ns, Reaching safepoint: 1284042 ns, At safepoint: 15291 ns, Total: 1299333 ns
[2025-01-06T19:17:14.070+0000][7][safepoint   ] Safepoint "Cleanup", Time since last: 1129014834 ns, Reaching safepoint: 2130834 ns, At safepoint: 29333 ns, Total: 2160167 ns
[2025-01-06T19:17:16.079+0000][7][safepoint   ] Safepoint "Cleanup", Time since last: 2007836125 ns, Reaching safepoint: 277875 ns, At safepoint: 20542 ns, Total: 298417 ns
[2025-01-06T19:17:19.090+0000][7][safepoint   ] Safepoint "Cleanup", Time since last: 3009834543 ns, Reaching safepoint: 924375 ns, At safepoint: 30250 ns, Total: 954625 ns
[2025-01-06T19:17:20.095+0000][7][safepoint   ] Safepoint "Cleanup", Time since last: 1004621209 ns, Reaching safepoint: 459917 ns, At safepoint: 6000 ns, Total: 465917 ns
[2025-01-06T19:17:22.101+0000][7][safepoint   ] Safepoint "Cleanup", Time since last: 2006054292 ns, Reaching safepoint: 275875 ns, At safepoint: 14375 ns, Total: 290250 ns
[2025-01-06T19:17:31.129+0000][7][safepoint   ] Safepoint "Cleanup", Time since last: 9028119713 ns, Reaching safepoint: 219417 ns, At safepoint: 13916 ns, Total: 233333 ns
[2025-01-06T19:17:33.135+0000][7][safepoint   ] Safepoint "Cleanup", Time since last: 2004659668 ns, Reaching safepoint: 968416 ns, At safepoint: 31000 ns, Total: 999416 ns
[2025-01-06T19:17:35.141+0000][7][safepoint   ] Safepoint "Cleanup", Time since last: 2004178543 ns, Reaching safepoint: 1700208 ns, At safepoint: 34709 ns, Total: 1734917 ns
[2025-01-06T19:17:36.144+0000][7][safepoint   ] Safepoint "Cleanup", Time since last: 1002712542 ns, Reaching safepoint: 433042 ns, At safepoint: 6333 ns, Total: 439375 ns
[2025-01-06T19:17:39.154+0000][7][safepoint   ] Safepoint "Cleanup", Time since last: 3009181085 ns, Reaching safepoint: 598125 ns, At safepoint: 29291 ns, Total: 627416 ns
[2025-01-06T19:17:41.161+0000][7][safepoint   ] Safepoint "Cleanup", Time since last: 2006676085 ns, Reaching safepoint: 697125 ns, At safepoint: 25416 ns, Total: 722541 ns
[2025-01-06T19:17:45.173+0000][7][safepoint   ] Safepoint "Cleanup", Time since last: 4010170293 ns, Reaching safepoint: 1075875 ns, At safepoint: 31583 ns, Total: 1107458 ns
[2025-01-06T19:17:46.176+0000][7][safepoint   ] Safepoint "Cleanup", Time since last: 1002313084 ns, Reaching safepoint: 673583 ns, At safepoint: 21625 ns, Total: 695208 ns
[2025-01-06T19:17:48.185+0000][7][safepoint   ] Safepoint "Cleanup", Time since last: 2005219460 ns, Reaching safepoint: 4002166 ns, At safepoint: 28500 ns, Total: 4030666 ns
[2025-01-06T19:17:51.190+0000][7][safepoint   ] Safepoint "Cleanup", Time since last: 3004641877 ns, Reaching safepoint: 388625 ns, At safepoint: 22708 ns, Total: 411333 ns
[2025-01-06T19:17:54.195+0000][7][safepoint   ] Safepoint "Cleanup", Time since last: 3003980252 ns, Reaching safepoint: 656875 ns, At safepoint: 31500 ns, Total: 688375 ns
[2025-01-06T19:18:01.230+0000][7][safepoint   ] Safepoint "Cleanup", Time since last: 7034728878 ns, Reaching safepoint: 706000 ns, At safepoint: 31292 ns, Total: 737292 ns
[2025-01-06T19:18:06.241+0000][7][safepoint   ] Safepoint "Cleanup", Time since last: 5010412669 ns, Reaching safepoint: 606000 ns, At safepoint: 31416 ns, Total: 637416 ns
[2025-01-06T19:18:08.100+0000][7][safepoint   ] Safepoint "Cleanup", Time since last: 1857656959 ns, Reaching safepoint: 1038750 ns, At safepoint: 16584 ns, Total: 1055334 ns
[2025-01-06T19:18:12.112+0000][7][safepoint   ] Safepoint "Cleanup", Time since last: 4011012127 ns, Reaching safepoint: 852875 ns, At safepoint: 30666 ns, Total: 883541 ns
[2025-01-06T19:18:13.119+0000][7][safepoint   ] Safepoint "Cleanup", Time since last: 1006499293 ns, Reaching safepoint: 781000 ns, At safepoint: 22541 ns, Total: 803541 ns
[2025-01-06T19:18:14.122+0000][7][safepoint   ] Safepoint "Cleanup", Time since last: 1001985959 ns, Reaching safepoint: 409375 ns, At safepoint: 22958 ns, Total: 432333 ns
[2025-01-06T19:18:21.126+0000][7][safepoint   ] Safepoint "Cleanup", Time since last: 7003585587 ns, Reaching safepoint: 408041 ns, At safepoint: 22459 ns, Total: 430500 ns
[2025-01-06T19:18:22.133+0000][7][safepoint   ] Safepoint "Cleanup", Time since last: 1005210417 ns, Reaching safepoint: 2398042 ns, At safepoint: 29791 ns, Total: 2427833 ns
[2025-01-06T19:18:29.157+0000][7][safepoint   ] Safepoint "Cleanup", Time since last: 7022868170 ns, Reaching safepoint: 662209 ns, At safepoint: 34625 ns, Total: 696834 ns
[2025-01-06T19:18:45.208+0000][7][safepoint   ] Safepoint "Cleanup", Time since last: 16050794256 ns, Reaching safepoint: 148459 ns, At safepoint: 6125 ns, Total: 154584 ns
[2025-01-06T19:18:46.211+0000][7][safepoint   ] Safepoint "Cleanup", Time since last: 1002704042 ns, Reaching safepoint: 220625 ns, At safepoint: 25083 ns, Total: 245708 ns
[2025-01-06T19:18:49.222+0000][7][safepoint   ] Safepoint "Cleanup", Time since last: 3009853126 ns, Reaching safepoint: 671292 ns, At safepoint: 32917 ns, Total: 704209 ns
[2025-01-06T19:18:51.230+0000][7][safepoint   ] Safepoint "Cleanup", Time since last: 2008119542 ns, Reaching safepoint: 204917 ns, At safepoint: 31583 ns, Total: 236500 ns
[2025-01-06T19:18:52.234+0000][7][safepoint   ] Safepoint "Cleanup", Time since last: 1003071543 ns, Reaching safepoint: 602083 ns, At safepoint: 75000 ns, Total: 677083 ns
[2025-01-06T19:18:53.239+0000][7][safepoint   ] Safepoint "Cleanup", Time since last: 1004976375 ns, Reaching safepoint: 283209 ns, At safepoint: 21583 ns, Total: 304792 ns
[2025-01-06T19:19:03.263+0000][7][safepoint   ] Safepoint "Cleanup", Time since last: 10023758672 ns, Reaching safepoint: 183583 ns, At safepoint: 11333 ns, Total: 194916 ns
[2025-01-06T19:19:06.272+0000][7][safepoint   ] Safepoint "Cleanup", Time since last: 3007867460 ns, Reaching safepoint: 427417 ns, At safepoint: 17958 ns, Total: 445375 ns
[2025-01-06T19:19:13.295+0000][7][safepoint   ] Safepoint "Cleanup", Time since last: 7023503962 ns, Reaching safepoint: 204291 ns, At safepoint: 6584 ns, Total: 210875 ns
[2025-01-06T19:19:14.301+0000][7][safepoint   ] Safepoint "Cleanup", Time since last: 1004775042 ns, Reaching safepoint: 620500 ns, At safepoint: 27916 ns, Total: 648416 ns
[2025-01-06T19:19:15.308+0000][7][safepoint   ] Safepoint "Cleanup", Time since last: 1006488709 ns, Reaching safepoint: 709625 ns, At safepoint: 30333 ns, Total: 739958 ns
[2025-01-06T19:19:19.328+0000][7][safepoint   ] Safepoint "Cleanup", Time since last: 4018282044 ns, Reaching safepoint: 1351042 ns, At safepoint: 36750 ns, Total: 1387792 ns
[2025-01-06T19:19:24.343+0000][7][safepoint   ] Safepoint "Cleanup", Time since last: 5014175544 ns, Reaching safepoint: 854166 ns, At safepoint: 28500 ns, Total: 882666 ns
[2025-01-06T19:19:34.378+0000][7][safepoint   ] Safepoint "Cleanup", Time since last: 10034168630 ns, Reaching safepoint: 752958 ns, At safepoint: 29500 ns, Total: 782458 ns
[2025-01-06T19:19:39.402+0000][7][safepoint   ] Safepoint "Cleanup", Time since last: 5023251753 ns, Reaching safepoint: 995250 ns, At safepoint: 19208 ns, Total: 1014458 ns
[2025-01-06T19:19:44.427+0000][7][safepoint   ] Safepoint "Cleanup", Time since last: 5022847127 ns, Reaching safepoint: 1691167 ns, At safepoint: 56792 ns, Total: 1747959 ns
[2025-01-06T19:19:45.433+0000][7][safepoint   ] Safepoint "Cleanup", Time since last: 1005734666 ns, Reaching safepoint: 600792 ns, At safepoint: 32708 ns, Total: 633500 ns
[2025-01-06T19:19:54.471+0000][7][safepoint   ] Safepoint "Cleanup", Time since last: 9037353629 ns, Reaching safepoint: 715334 ns, At safepoint: 23166 ns, Total: 738500 ns
[2025-01-06T19:20:04.499+0000][7][safepoint   ] Safepoint "Cleanup", Time since last: 10027088463 ns, Reaching safepoint: 225542 ns, At safepoint: 15708 ns, Total: 241250 ns
[2025-01-06T19:20:08.511+0000][7][safepoint   ] Safepoint "Cleanup", Time since last: 4011806294 ns, Reaching safepoint: 705708 ns, At safepoint: 30250 ns, Total: 735958 ns
[2025-01-06T19:20:14.538+0000][7][safepoint   ] Safepoint "Cleanup", Time since last: 6025608170 ns, Reaching safepoint: 973208 ns, At safepoint: 24500 ns, Total: 997708 ns
[2025-01-06T19:20:15.542+0000][7][safepoint   ] Safepoint "Cleanup", Time since last: 1002628459 ns, Reaching safepoint: 677458 ns, At safepoint: 28542 ns, Total: 706000 ns
[2025-01-06T19:20:24.578+0000][7][safepoint   ] Safepoint "Cleanup", Time since last: 9035737212 ns, Reaching safepoint: 725084 ns, At safepoint: 31000 ns, Total: 756084 ns
[2025-01-06T19:20:33.594+0000][7][safepoint   ] Safepoint "Cleanup", Time since last: 9015897504 ns, Reaching safepoint: 250250 ns, At safepoint: 17375 ns, Total: 267625 ns
[2025-01-06T19:20:44.630+0000][7][safepoint   ] Safepoint "Cleanup", Time since last: 11034315630 ns, Reaching safepoint: 1044000 ns, At safepoint: 37125 ns, Total: 1081125 ns
[2025-01-06T19:20:45.631+0000][7][safepoint   ] Safepoint "Cleanup", Time since last: 1001421417 ns, Reaching safepoint: 311000 ns, At safepoint: 23250 ns, Total: 334250 ns
[2025-01-06T19:20:46.633+0000][7][safepoint   ] Safepoint "Cleanup", Time since last: 1000782834 ns, Reaching safepoint: 669708 ns, At safepoint: 34250 ns, Total: 703958 ns
[2025-01-06T19:20:48.637+0000][7][safepoint   ] Safepoint "Cleanup", Time since last: 2003325168 ns, Reaching safepoint: 1086166 ns, At safepoint: 25000 ns, Total: 1111166 ns
[2025-01-06T19:20:55.652+0000][7][safepoint   ] Safepoint "Cleanup", Time since last: 7013876795 ns, Reaching safepoint: 809167 ns, At safepoint: 33833 ns, Total: 843000 ns
[2025-01-06T19:20:58.956+0000][7][safepoint   ] Safepoint "Cleanup", Time since last: 3303157460 ns, Reaching safepoint: 651542 ns, At safepoint: 33583 ns, Total: 685125 ns
[2025-01-06T19:21:00.960+0000][7][safepoint   ] Safepoint "Cleanup", Time since last: 2003663876 ns, Reaching safepoint: 289583 ns, At safepoint: 14584 ns, Total: 304167 ns
[2025-01-06T19:21:02.966+0000][7][safepoint   ] Safepoint "Cleanup", Time since last: 2004187501 ns, Reaching safepoint: 1527916 ns, At safepoint: 60000 ns, Total: 1587916 ns
[2025-01-06T19:21:04.971+0000][7][safepoint   ] Safepoint "Cleanup", Time since last: 2004891918 ns, Reaching safepoint: 724958 ns, At safepoint: 28459 ns, Total: 753417 ns
[2025-01-06T19:21:15.005+0000][7][safepoint   ] Safepoint "Cleanup", Time since last: 10032620713 ns, Reaching safepoint: 784791 ns, At safepoint: 19667 ns, Total: 804458 ns
[2025-01-06T19:21:16.008+0000][7][safepoint   ] Safepoint "Cleanup", Time since last: 1002469917 ns, Reaching safepoint: 765083 ns, At safepoint: 53875 ns, Total: 818958 ns
[2025-01-06T19:21:21.020+0000][7][safepoint   ] Safepoint "Cleanup", Time since last: 5010492836 ns, Reaching safepoint: 702458 ns, At safepoint: 35833 ns, Total: 738291 ns
[2025-01-06T19:21:25.038+0000][7][safepoint   ] Safepoint "Cleanup", Time since last: 4016820877 ns, Reaching safepoint: 1346292 ns, At safepoint: 34708 ns, Total: 1381000 ns
[2025-01-06T19:21:35.064+0000][7][safepoint   ] Safepoint "Cleanup", Time since last: 10025942047 ns, Reaching safepoint: 201250 ns, At safepoint: 16500 ns, Total: 217750 ns
[2025-01-06T19:21:46.106+0000][7][safepoint   ] Safepoint "Cleanup", Time since last: 11040930046 ns, Reaching safepoint: 377916 ns, At safepoint: 95625 ns, Total: 473541 ns
[2025-01-06T19:22:05.158+0000][7][safepoint   ] Safepoint "Cleanup", Time since last: 19051060134 ns, Reaching safepoint: 737417 ns, At safepoint: 29375 ns, Total: 766792 ns
[2025-01-06T19:22:06.160+0000][7][safepoint   ] Safepoint "Cleanup", Time since last: 1001803376 ns, Reaching safepoint: 168541 ns, At safepoint: 15792 ns, Total: 184333 ns
[2025-01-06T19:22:16.187+0000][7][safepoint   ] Safepoint "Cleanup", Time since last: 10026436963 ns, Reaching safepoint: 338916 ns, At safepoint: 7834 ns, Total: 346750 ns
[2025-01-06T19:22:25.222+0000][7][safepoint   ] Safepoint "Cleanup", Time since last: 9034935171 ns, Reaching safepoint: 637875 ns, At safepoint: 31625 ns, Total: 669500 ns
[2025-01-06T19:22:29.230+0000][7][safepoint   ] Safepoint "Cleanup", Time since last: 4007283210 ns, Reaching safepoint: 647083 ns, At safepoint: 32125 ns, Total: 679208 ns
[2025-01-06T19:22:34.244+0000][7][safepoint   ] Safepoint "Cleanup", Time since last: 5013385211 ns, Reaching safepoint: 673625 ns, At safepoint: 31250 ns, Total: 704875 ns
[2025-01-06T19:22:36.256+0000][7][safepoint   ] Safepoint "Cleanup", Time since last: 2011686376 ns, Reaching safepoint: 255333 ns, At safepoint: 8625 ns, Total: 263958 ns
[2025-01-06T19:22:42.279+0000][7][safepoint   ] Safepoint "Cleanup", Time since last: 6021561045 ns, Reaching safepoint: 784250 ns, At safepoint: 51625 ns, Total: 835875 ns
[2025-01-06T19:22:46.287+0000][7][safepoint   ] Safepoint "Cleanup", Time since last: 4008493043 ns, Reaching safepoint: 219792 ns, At safepoint: 5708 ns, Total: 225500 ns
[2025-01-06T19:22:48.292+0000][7][safepoint   ] Safepoint "Cleanup", Time since last: 2004088001 ns, Reaching safepoint: 707542 ns, At safepoint: 32291 ns, Total: 739833 ns
[2025-01-06T19:22:56.318+0000][7][safepoint   ] Safepoint "Cleanup", Time since last: 8024877129 ns, Reaching safepoint: 552625 ns, At safepoint: 15750 ns, Total: 568375 ns
[2025-01-06T19:23:06.352+0000][7][safepoint   ] Safepoint "Cleanup", Time since last: 10033693963 ns, Reaching safepoint: 394250 ns, At safepoint: 15667 ns, Total: 409917 ns
[2025-01-06T19:23:12.895+0000][7][safepoint   ] Safepoint "Cleanup", Time since last: 6542947836 ns, Reaching safepoint: 805167 ns, At safepoint: 31083 ns, Total: 836250 ns
[2025-01-06T19:23:15.907+0000][7][safepoint   ] Safepoint "Cleanup", Time since last: 3009666876 ns, Reaching safepoint: 828125 ns, At safepoint: 43417 ns, Total: 871542 ns
[2025-01-06T19:23:26.956+0000][7][safepoint   ] Safepoint "Cleanup", Time since last: 11048624713 ns, Reaching safepoint: 299792 ns, At safepoint: 18916 ns, Total: 318708 ns
[2025-01-06T19:23:46.001+0000][7][safepoint   ] Safepoint "Cleanup", Time since last: 19045123343 ns, Reaching safepoint: 278541 ns, At safepoint: 16875 ns, Total: 295416 ns
[2025-01-06T19:23:47.003+0000][7][safepoint   ] Safepoint "Cleanup", Time since last: 1000714751 ns, Reaching safepoint: 1080291 ns, At safepoint: 20125 ns, Total: 1100416 ns
[2025-01-06T19:23:48.006+0000][7][safepoint   ] Safepoint "Cleanup", Time since last: 1001735459 ns, Reaching safepoint: 530750 ns, At safepoint: 30834 ns, Total: 561584 ns
[2025-01-06T19:24:16.072+0000][7][safepoint   ] Safepoint "Cleanup", Time since last: 28065371971 ns, Reaching safepoint: 763458 ns, At safepoint: 29292 ns, Total: 792750 ns
[2025-01-06T19:24:17.076+0000][7][safepoint   ] Safepoint "Cleanup", Time since last: 1003028000 ns, Reaching safepoint: 776209 ns, At safepoint: 27333 ns, Total: 803542 ns
[2025-01-06T19:24:19.084+0000][7][safepoint   ] Safepoint "Cleanup", Time since last: 2007582543 ns, Reaching safepoint: 493333 ns, At safepoint: 27583 ns, Total: 520916 ns
[2025-01-06T19:24:27.108+0000][7][safepoint   ] Safepoint "Cleanup", Time since last: 8023319921 ns, Reaching safepoint: 1386250 ns, At safepoint: 23375 ns, Total: 1409625 ns
[2025-01-06T19:24:31.130+0000][7][safepoint   ] Safepoint "Cleanup", Time since last: 4020742668 ns, Reaching safepoint: 813292 ns, At safepoint: 30125 ns, Total: 843417 ns
[2025-01-06T19:24:35.142+0000][7][safepoint   ] Safepoint "Cleanup", Time since last: 4011179294 ns, Reaching safepoint: 644416 ns, At safepoint: 31125 ns, Total: 675541 ns
[2025-01-06T19:24:37.148+0000][7][safepoint   ] Safepoint "Cleanup", Time since last: 2006141251 ns, Reaching safepoint: 142334 ns, At safepoint: 14875 ns, Total: 157209 ns
[2025-01-06T19:24:40.160+0000][7][safepoint   ] Safepoint "Cleanup", Time since last: 3011747459 ns, Reaching safepoint: 444000 ns, At safepoint: 11875 ns, Total: 455875 ns
[2025-01-06T19:24:40.398+0000][7][gc,heap,exit] Heap
[2025-01-06T19:24:40.399+0000][7][gc,heap,exit]  garbage-first heap   total 8388608K, used 535362K [0x0000000600000000, 0x0000000800000000)
[2025-01-06T19:24:40.399+0000][7][gc,heap,exit]   region size 4096K, 118 young (483328K), 8 survivors (32768K)
[2025-01-06T19:24:40.399+0000][7][gc,heap,exit]  Metaspace       used 106173K, committed 107712K, reserved 1146880K
[2025-01-06T19:24:40.399+0000][7][gc,heap,exit]   class space    used 14948K, committed 15552K, reserved 1048576K
