[2025-01-06T18:38:00.987+0000][7][gc] Using G1
[2025-01-06T18:38:01.093+0000][7][gc,init] Version: 17.0.2+8 (release)
[2025-01-06T18:38:01.093+0000][7][gc,init] CPUs: 10 total, 6 available
[2025-01-06T18:38:01.094+0000][7][gc,init] Memory: 16384M
[2025-01-06T18:38:01.094+0000][7][gc,init] Large Page Support: Disabled
[2025-01-06T18:38:01.094+0000][7][gc,init] NUMA Support: Disabled
[2025-01-06T18:38:01.094+0000][7][gc,init] Compressed Oops: Enabled (Zero based)
[2025-01-06T18:38:01.094+0000][7][gc,init] Heap Region Size: 4M
[2025-01-06T18:38:01.094+0000][7][gc,init] Heap Min Capacity: 8G
[2025-01-06T18:38:01.094+0000][7][gc,init] Heap Initial Capacity: 8G
[2025-01-06T18:38:01.094+0000][7][gc,init] Heap Max Capacity: 8G
[2025-01-06T18:38:01.094+0000][7][gc,init] Pre-touch: Enabled
[2025-01-06T18:38:01.094+0000][7][gc,init] Parallel Workers: 6
[2025-01-06T18:38:01.094+0000][7][gc,init] Concurrent Workers: 2
[2025-01-06T18:38:01.094+0000][7][gc,init] Concurrent Refinement Workers: 6
[2025-01-06T18:38:01.094+0000][7][gc,init] Periodic GC: Disabled
[2025-01-06T18:38:01.096+0000][7][gc,metaspace] CDS archive(s) mapped at: [0x0000000800000000-0x0000000800bd2000-0x0000000800bd2000), size 12394496, SharedBaseAddress: 0x0000000800000000, ArchiveRelocationMode: 0.
[2025-01-06T18:38:01.096+0000][7][gc,metaspace] Compressed class space mapped at: 0x0000000800c00000-0x0000000840c00000, reserved size: 1073741824
[2025-01-06T18:38:01.096+0000][7][gc,metaspace] Narrow klass base: 0x0000000800000000, Narrow klass shift: 0, Narrow klass range: 0x100000000
[2025-01-06T18:38:01.997+0000][7][safepoint   ] Safepoint "ICBufferFull", Time since last: 862287792 ns, Reaching safepoint: 977500 ns, At safepoint: 193875 ns, Total: 1171375 ns
[2025-01-06T18:38:02.554+0000][7][safepoint   ] Safepoint "ICBufferFull", Time since last: 556458459 ns, Reaching safepoint: 633292 ns, At safepoint: 6791 ns, Total: 640083 ns
[2025-01-06T18:38:03.412+0000][7][safepoint   ] Safepoint "ICBufferFull", Time since last: 856926709 ns, Reaching safepoint: 934500 ns, At safepoint: 16958 ns, Total: 951458 ns
[2025-01-06T18:38:03.901+0000][7][safepoint   ] Safepoint "ICBufferFull", Time since last: 487884084 ns, Reaching safepoint: 631208 ns, At safepoint: 3917 ns, Total: 635125 ns
[2025-01-06T18:38:03.961+0000][7][safepoint   ] Safepoint "ICBufferFull", Time since last: 60388083 ns, Reaching safepoint: 169792 ns, At safepoint: 3667 ns, Total: 173459 ns
[2025-01-06T18:38:03.969+0000][7][safepoint   ] Safepoint "ICBufferFull", Time since last: 8282666 ns, Reaching safepoint: 62917 ns, At safepoint: 2542 ns, Total: 65459 ns
[2025-01-06T18:38:03.979+0000][7][safepoint   ] Safepoint "ICBufferFull", Time since last: 9570125 ns, Reaching safepoint: 68166 ns, At safepoint: 2584 ns, Total: 70750 ns
[2025-01-06T18:38:03.987+0000][7][safepoint   ] Safepoint "ICBufferFull", Time since last: 7991666 ns, Reaching safepoint: 63209 ns, At safepoint: 2041 ns, Total: 65250 ns
[2025-01-06T18:38:03.995+0000][7][safepoint   ] Safepoint "ICBufferFull", Time since last: 7866250 ns, Reaching safepoint: 55584 ns, At safepoint: 1791 ns, Total: 57375 ns
[2025-01-06T18:38:04.515+0000][7][safepoint   ] Safepoint "ICBufferFull", Time since last: 519192292 ns, Reaching safepoint: 585959 ns, At safepoint: 4125 ns, Total: 590084 ns
[2025-01-06T18:38:04.557+0000][7][gc,start    ] GC(0) Pause Young (Normal) (G1 Evacuation Pause)
[2025-01-06T18:38:04.557+0000][7][gc,task     ] GC(0) Using 6 workers of 6 for evacuation
[2025-01-06T18:38:04.558+0000][7][gc,age      ] GC(0) Desired survivor size 27262976 bytes, new threshold 15 (max threshold 15)
[2025-01-06T18:38:04.619+0000][7][gc,age      ] GC(0) Age table with threshold 15 (max threshold 15)
[2025-01-06T18:38:04.619+0000][7][gc,age      ] GC(0) - age   1:   13741096 bytes,   13741096 total
[2025-01-06T18:38:04.621+0000][7][gc,phases   ] GC(0)   Pre Evacuate Collection Set: 1.1ms
[2025-01-06T18:38:04.621+0000][7][gc,phases   ] GC(0)   Merge Heap Roots: 5.4ms
[2025-01-06T18:38:04.622+0000][7][gc,phases   ] GC(0)   Evacuate Collection Set: 44.1ms
[2025-01-06T18:38:04.622+0000][7][gc,phases   ] GC(0)   Post Evacuate Collection Set: 9.6ms
[2025-01-06T18:38:04.622+0000][7][gc,phases   ] GC(0)   Other: 4.1ms
[2025-01-06T18:38:04.623+0000][7][gc,heap     ] GC(0) Eden regions: 102->0(98)
[2025-01-06T18:38:04.623+0000][7][gc,heap     ] GC(0) Survivor regions: 0->4(13)
[2025-01-06T18:38:04.623+0000][7][gc,heap     ] GC(0) Old regions: 0->0
[2025-01-06T18:38:04.623+0000][7][gc,heap     ] GC(0) Archive regions: 2->2
[2025-01-06T18:38:04.623+0000][7][gc,heap     ] GC(0) Humongous regions: 0->0
[2025-01-06T18:38:04.623+0000][7][gc,metaspace] GC(0) Metaspace: 18684K(19072K)->18684K(19072K) NonClass: 16413K(16640K)->16413K(16640K) Class: 2271K(2432K)->2271K(2432K)
[2025-01-06T18:38:04.623+0000][7][gc          ] GC(0) Pause Young (Normal) (G1 Evacuation Pause) 411M->17M(8192M) 66.693ms
[2025-01-06T18:38:04.624+0000][7][gc,cpu      ] GC(0) User=0.07s Sys=0.02s Real=0.07s
[2025-01-06T18:38:04.624+0000][7][safepoint   ] Safepoint "G1CollectForAllocation", Time since last: 39793583 ns, Reaching safepoint: 182542 ns, At safepoint: 68891958 ns, Total: 69074500 ns
[2025-01-06T18:38:05.159+0000][7][gc,start    ] GC(1) Pause Young (Normal) (G1 Evacuation Pause)
[2025-01-06T18:38:05.159+0000][7][gc,task     ] GC(1) Using 6 workers of 6 for evacuation
[2025-01-06T18:38:05.159+0000][7][gc,age      ] GC(1) Desired survivor size 27262976 bytes, new threshold 15 (max threshold 15)
[2025-01-06T18:38:05.175+0000][7][gc,age      ] GC(1) Age table with threshold 15 (max threshold 15)
[2025-01-06T18:38:05.175+0000][7][gc,age      ] GC(1) - age   1:    3857328 bytes,    3857328 total
[2025-01-06T18:38:05.175+0000][7][gc,age      ] GC(1) - age   2:   13275920 bytes,   17133248 total
[2025-01-06T18:38:05.175+0000][7][gc,phases   ] GC(1)   Pre Evacuate Collection Set: 0.2ms
[2025-01-06T18:38:05.175+0000][7][gc,phases   ] GC(1)   Merge Heap Roots: 0.1ms
[2025-01-06T18:38:05.175+0000][7][gc,phases   ] GC(1)   Evacuate Collection Set: 14.8ms
[2025-01-06T18:38:05.175+0000][7][gc,phases   ] GC(1)   Post Evacuate Collection Set: 0.7ms
[2025-01-06T18:38:05.176+0000][7][gc,phases   ] GC(1)   Other: 0.6ms
[2025-01-06T18:38:05.176+0000][7][gc,heap     ] GC(1) Eden regions: 98->0(97)
[2025-01-06T18:38:05.176+0000][7][gc,heap     ] GC(1) Survivor regions: 4->5(13)
[2025-01-06T18:38:05.176+0000][7][gc,heap     ] GC(1) Old regions: 0->0
[2025-01-06T18:38:05.176+0000][7][gc,heap     ] GC(1) Archive regions: 2->2
[2025-01-06T18:38:05.176+0000][7][gc,heap     ] GC(1) Humongous regions: 0->0
[2025-01-06T18:38:05.176+0000][7][gc,metaspace] GC(1) Metaspace: 19795K(20224K)->19795K(20224K) NonClass: 17371K(17664K)->17371K(17664K) Class: 2423K(2560K)->2423K(2560K)
[2025-01-06T18:38:05.176+0000][7][gc          ] GC(1) Pause Young (Normal) (G1 Evacuation Pause) 409M->21M(8192M) 16.808ms
[2025-01-06T18:38:05.176+0000][7][gc,cpu      ] GC(1) User=0.03s Sys=0.01s Real=0.02s
[2025-01-06T18:38:05.176+0000][7][safepoint   ] Safepoint "G1CollectForAllocation", Time since last: 534794834 ns, Reaching safepoint: 535666 ns, At safepoint: 16959042 ns, Total: 17494708 ns
[2025-01-06T18:38:05.583+0000][7][gc,start    ] GC(2) Pause Young (Concurrent Start) (Metadata GC Threshold)
[2025-01-06T18:38:05.584+0000][7][gc,task     ] GC(2) Using 6 workers of 6 for evacuation
[2025-01-06T18:38:05.584+0000][7][gc,age      ] GC(2) Desired survivor size 27262976 bytes, new threshold 15 (max threshold 15)
[2025-01-06T18:38:05.595+0000][7][gc,age      ] GC(2) Age table with threshold 15 (max threshold 15)
[2025-01-06T18:38:05.595+0000][7][gc,age      ] GC(2) - age   1:    2240744 bytes,    2240744 total
[2025-01-06T18:38:05.595+0000][7][gc,age      ] GC(2) - age   2:    2434248 bytes,    4674992 total
[2025-01-06T18:38:05.595+0000][7][gc,age      ] GC(2) - age   3:   13268224 bytes,   17943216 total
[2025-01-06T18:38:05.596+0000][7][gc,phases   ] GC(2)   Pre Evacuate Collection Set: 0.2ms
[2025-01-06T18:38:05.596+0000][7][gc,phases   ] GC(2)   Merge Heap Roots: 0.1ms
[2025-01-06T18:38:05.596+0000][7][gc,phases   ] GC(2)   Evacuate Collection Set: 10.2ms
[2025-01-06T18:38:05.596+0000][7][gc,phases   ] GC(2)   Post Evacuate Collection Set: 0.8ms
[2025-01-06T18:38:05.596+0000][7][gc,phases   ] GC(2)   Other: 0.9ms
[2025-01-06T18:38:05.596+0000][7][gc,heap     ] GC(2) Eden regions: 70->0(97)
[2025-01-06T18:38:05.596+0000][7][gc,heap     ] GC(2) Survivor regions: 5->5(13)
[2025-01-06T18:38:05.596+0000][7][gc,heap     ] GC(2) Old regions: 0->0
[2025-01-06T18:38:05.596+0000][7][gc,heap     ] GC(2) Archive regions: 2->2
[2025-01-06T18:38:05.596+0000][7][gc,heap     ] GC(2) Humongous regions: 0->0
[2025-01-06T18:38:05.596+0000][7][gc,metaspace] GC(2) Metaspace: 21014K(21504K)->21014K(21504K) NonClass: 18427K(18752K)->18427K(18752K) Class: 2586K(2752K)->2586K(2752K)
[2025-01-06T18:38:05.596+0000][7][gc          ] GC(2) Pause Young (Concurrent Start) (Metadata GC Threshold) 299M->22M(8192M) 12.737ms
[2025-01-06T18:38:05.596+0000][7][gc,cpu      ] GC(2) User=0.02s Sys=0.01s Real=0.01s
[2025-01-06T18:38:05.596+0000][7][gc          ] GC(3) Concurrent Mark Cycle
[2025-01-06T18:38:05.597+0000][7][safepoint   ] Safepoint "CollectForMetadataAllocation", Time since last: 406747667 ns, Reaching safepoint: 524666 ns, At safepoint: 13207667 ns, Total: 13732333 ns
[2025-01-06T18:38:05.597+0000][7][gc,marking  ] GC(3) Concurrent Clear Claimed Marks
[2025-01-06T18:38:05.601+0000][7][gc,marking  ] GC(3) Concurrent Clear Claimed Marks 4.341ms
[2025-01-06T18:38:05.601+0000][7][gc,marking  ] GC(3) Concurrent Scan Root Regions
[2025-01-06T18:38:05.606+0000][7][gc,marking  ] GC(3) Concurrent Scan Root Regions 4.925ms
[2025-01-06T18:38:05.606+0000][7][gc,marking  ] GC(3) Concurrent Mark
[2025-01-06T18:38:05.606+0000][7][gc,marking  ] GC(3) Concurrent Mark From Roots
[2025-01-06T18:38:05.607+0000][7][gc,task     ] GC(3) Using 2 workers of 2 for marking
[2025-01-06T18:38:05.611+0000][7][gc,marking  ] GC(3) Concurrent Mark From Roots 4.806ms
[2025-01-06T18:38:05.611+0000][7][gc,marking  ] GC(3) Concurrent Preclean
[2025-01-06T18:38:05.613+0000][7][gc,marking  ] GC(3) Concurrent Preclean 1.317ms
[2025-01-06T18:38:05.614+0000][7][gc,start    ] GC(3) Pause Remark
[2025-01-06T18:38:05.654+0000][7][gc          ] GC(3) Pause Remark 24M->24M(8192M) 40.063ms
[2025-01-06T18:38:05.654+0000][7][gc,cpu      ] GC(3) User=0.02s Sys=0.01s Real=0.04s
[2025-01-06T18:38:05.654+0000][7][safepoint   ] Safepoint "G1Concurrent", Time since last: 16574708 ns, Reaching safepoint: 500750 ns, At safepoint: 40354500 ns, Total: 40855250 ns
[2025-01-06T18:38:05.659+0000][7][gc,marking  ] GC(3) Concurrent Mark 52.272ms
[2025-01-06T18:38:05.659+0000][7][gc,marking  ] GC(3) Concurrent Rebuild Remembered Sets
[2025-01-06T18:38:05.659+0000][7][gc,marking  ] GC(3) Concurrent Rebuild Remembered Sets 0.167ms
[2025-01-06T18:38:05.660+0000][7][gc,start    ] GC(3) Pause Cleanup
[2025-01-06T18:38:05.660+0000][7][gc          ] GC(3) Pause Cleanup 24M->24M(8192M) 0.150ms
[2025-01-06T18:38:05.660+0000][7][gc,cpu      ] GC(3) User=0.00s Sys=0.00s Real=0.00s
[2025-01-06T18:38:05.660+0000][7][safepoint   ] Safepoint "G1Concurrent", Time since last: 4993334 ns, Reaching safepoint: 659125 ns, At safepoint: 247333 ns, Total: 906458 ns
[2025-01-06T18:38:05.664+0000][7][gc,marking  ] GC(3) Concurrent Cleanup for Next Mark
[2025-01-06T18:38:05.668+0000][7][gc,marking  ] GC(3) Concurrent Cleanup for Next Mark 3.281ms
[2025-01-06T18:38:05.668+0000][7][gc          ] GC(3) Concurrent Mark Cycle 71.938ms
[2025-01-06T18:38:06.308+0000][7][safepoint   ] Safepoint "ICBufferFull", Time since last: 646505625 ns, Reaching safepoint: 1718333 ns, At safepoint: 7292 ns, Total: 1725625 ns
[2025-01-06T18:38:06.455+0000][7][safepoint   ] Safepoint "ICBufferFull", Time since last: 146623500 ns, Reaching safepoint: 219042 ns, At safepoint: 4083 ns, Total: 223125 ns
[2025-01-06T18:38:06.462+0000][7][safepoint   ] Safepoint "ICBufferFull", Time since last: 7209250 ns, Reaching safepoint: 77792 ns, At safepoint: 2583 ns, Total: 80375 ns
[2025-01-06T18:38:06.469+0000][7][safepoint   ] Safepoint "ICBufferFull", Time since last: 6666667 ns, Reaching safepoint: 77708 ns, At safepoint: 5000 ns, Total: 82708 ns
[2025-01-06T18:38:06.488+0000][7][safepoint   ] Safepoint "ICBufferFull", Time since last: 18783292 ns, Reaching safepoint: 126000 ns, At safepoint: 2792 ns, Total: 128792 ns
[2025-01-06T18:38:06.496+0000][7][safepoint   ] Safepoint "ICBufferFull", Time since last: 7336833 ns, Reaching safepoint: 56417 ns, At safepoint: 1041 ns, Total: 57458 ns
[2025-01-06T18:38:06.533+0000][7][safepoint   ] Safepoint "ICBufferFull", Time since last: 37441625 ns, Reaching safepoint: 96167 ns, At safepoint: 3667 ns, Total: 99834 ns
[2025-01-06T18:38:06.546+0000][7][safepoint   ] Safepoint "ICBufferFull", Time since last: 12674041 ns, Reaching safepoint: 120709 ns, At safepoint: 3333 ns, Total: 124042 ns
[2025-01-06T18:38:06.561+0000][7][safepoint   ] Safepoint "ICBufferFull", Time since last: 15405167 ns, Reaching safepoint: 109250 ns, At safepoint: 3583 ns, Total: 112833 ns
[2025-01-06T18:38:06.637+0000][7][safepoint   ] Safepoint "ICBufferFull", Time since last: 74567083 ns, Reaching safepoint: 1245959 ns, At safepoint: 10750 ns, Total: 1256709 ns
[2025-01-06T18:38:07.268+0000][7][safepoint   ] Safepoint "ICBufferFull", Time since last: 629890167 ns, Reaching safepoint: 809041 ns, At safepoint: 4792 ns, Total: 813833 ns
[2025-01-06T18:38:07.612+0000][7][gc,start    ] GC(4) Pause Young (Normal) (G1 Evacuation Pause)
[2025-01-06T18:38:07.613+0000][7][gc,task     ] GC(4) Using 6 workers of 6 for evacuation
[2025-01-06T18:38:07.613+0000][7][gc,age      ] GC(4) Desired survivor size 27262976 bytes, new threshold 15 (max threshold 15)
[2025-01-06T18:38:07.633+0000][7][gc,age      ] GC(4) Age table with threshold 15 (max threshold 15)
[2025-01-06T18:38:07.633+0000][7][gc,age      ] GC(4) - age   1:   17539864 bytes,   17539864 total
[2025-01-06T18:38:07.633+0000][7][gc,age      ] GC(4) - age   2:    2200936 bytes,   19740800 total
[2025-01-06T18:38:07.634+0000][7][gc,age      ] GC(4) - age   3:    2411472 bytes,   22152272 total
[2025-01-06T18:38:07.634+0000][7][gc,age      ] GC(4) - age   4:   13099632 bytes,   35251904 total
[2025-01-06T18:38:07.634+0000][7][gc,phases   ] GC(4)   Pre Evacuate Collection Set: 0.2ms
[2025-01-06T18:38:07.634+0000][7][gc,phases   ] GC(4)   Merge Heap Roots: 0.1ms
[2025-01-06T18:38:07.634+0000][7][gc,phases   ] GC(4)   Evacuate Collection Set: 19.0ms
[2025-01-06T18:38:07.634+0000][7][gc,phases   ] GC(4)   Post Evacuate Collection Set: 1.3ms
[2025-01-06T18:38:07.634+0000][7][gc,phases   ] GC(4)   Other: 0.9ms
[2025-01-06T18:38:07.634+0000][7][gc,heap     ] GC(4) Eden regions: 97->0(104)
[2025-01-06T18:38:07.634+0000][7][gc,heap     ] GC(4) Survivor regions: 5->9(13)
[2025-01-06T18:38:07.634+0000][7][gc,heap     ] GC(4) Old regions: 0->0
[2025-01-06T18:38:07.634+0000][7][gc,heap     ] GC(4) Archive regions: 2->2
[2025-01-06T18:38:07.634+0000][7][gc,heap     ] GC(4) Humongous regions: 0->0
[2025-01-06T18:38:07.634+0000][7][gc,metaspace] GC(4) Metaspace: 30735K(31744K)->30735K(31744K) NonClass: 26793K(27392K)->26793K(27392K) Class: 3942K(4352K)->3942K(4352K)
[2025-01-06T18:38:07.634+0000][7][gc          ] GC(4) Pause Young (Normal) (G1 Evacuation Pause) 410M->39M(8192M) 22.020ms
[2025-01-06T18:38:07.634+0000][7][gc,cpu      ] GC(4) User=0.07s Sys=0.00s Real=0.03s
[2025-01-06T18:38:07.635+0000][7][safepoint   ] Safepoint "G1CollectForAllocation", Time since last: 344051458 ns, Reaching safepoint: 322917 ns, At safepoint: 22191917 ns, Total: 22514834 ns
[2025-01-06T18:38:08.439+0000][7][gc,start    ] GC(5) Pause Young (Concurrent Start) (Metadata GC Threshold)
[2025-01-06T18:38:08.439+0000][7][gc,task     ] GC(5) Using 6 workers of 6 for evacuation
[2025-01-06T18:38:08.439+0000][7][gc,age      ] GC(5) Desired survivor size 31457280 bytes, new threshold 4 (max threshold 15)
[2025-01-06T18:38:08.463+0000][7][gc,age      ] GC(5) Age table with threshold 4 (max threshold 15)
[2025-01-06T18:38:08.463+0000][7][gc,age      ] GC(5) - age   1:   10911032 bytes,   10911032 total
[2025-01-06T18:38:08.463+0000][7][gc,age      ] GC(5) - age   2:   17089488 bytes,   28000520 total
[2025-01-06T18:38:08.463+0000][7][gc,age      ] GC(5) - age   3:    2199968 bytes,   30200488 total
[2025-01-06T18:38:08.463+0000][7][gc,age      ] GC(5) - age   4:    2411440 bytes,   32611928 total
[2025-01-06T18:38:08.464+0000][7][gc,phases   ] GC(5)   Pre Evacuate Collection Set: 0.2ms
[2025-01-06T18:38:08.464+0000][7][gc,phases   ] GC(5)   Merge Heap Roots: 0.1ms
[2025-01-06T18:38:08.464+0000][7][gc,phases   ] GC(5)   Evacuate Collection Set: 22.7ms
[2025-01-06T18:38:08.464+0000][7][gc,phases   ] GC(5)   Post Evacuate Collection Set: 1.0ms
[2025-01-06T18:38:08.464+0000][7][gc,phases   ] GC(5)   Other: 0.9ms
[2025-01-06T18:38:08.464+0000][7][gc,heap     ] GC(5) Eden regions: 32->0(93)
[2025-01-06T18:38:08.464+0000][7][gc,heap     ] GC(5) Survivor regions: 9->9(15)
[2025-01-06T18:38:08.464+0000][7][gc,heap     ] GC(5) Old regions: 0->4
[2025-01-06T18:38:08.464+0000][7][gc,heap     ] GC(5) Archive regions: 2->2
[2025-01-06T18:38:08.464+0000][7][gc,heap     ] GC(5) Humongous regions: 0->0
[2025-01-06T18:38:08.464+0000][7][gc,metaspace] GC(5) Metaspace: 34932K(35968K)->34932K(35968K) NonClass: 30295K(30912K)->30295K(30912K) Class: 4637K(5056K)->4637K(5056K)
[2025-01-06T18:38:08.464+0000][7][gc          ] GC(5) Pause Young (Concurrent Start) (Metadata GC Threshold) 165M->50M(8192M) 25.606ms
[2025-01-06T18:38:08.464+0000][7][gc,cpu      ] GC(5) User=0.10s Sys=0.01s Real=0.03s
[2025-01-06T18:38:08.464+0000][7][gc          ] GC(6) Concurrent Mark Cycle
[2025-01-06T18:38:08.464+0000][7][gc,marking  ] GC(6) Concurrent Clear Claimed Marks
[2025-01-06T18:38:08.464+0000][7][safepoint   ] Safepoint "CollectForMetadataAllocation", Time since last: 803247167 ns, Reaching safepoint: 736208 ns, At safepoint: 25847042 ns, Total: 26583250 ns
[2025-01-06T18:38:08.465+0000][7][gc,marking  ] GC(6) Concurrent Clear Claimed Marks 0.162ms
[2025-01-06T18:38:08.465+0000][7][gc,marking  ] GC(6) Concurrent Scan Root Regions
[2025-01-06T18:38:08.473+0000][7][gc,marking  ] GC(6) Concurrent Scan Root Regions 7.956ms
[2025-01-06T18:38:08.473+0000][7][gc,marking  ] GC(6) Concurrent Mark
[2025-01-06T18:38:08.473+0000][7][gc,marking  ] GC(6) Concurrent Mark From Roots
[2025-01-06T18:38:08.473+0000][7][gc,task     ] GC(6) Using 2 workers of 2 for marking
[2025-01-06T18:38:08.474+0000][7][gc,marking  ] GC(6) Concurrent Mark From Roots 1.295ms
[2025-01-06T18:38:08.474+0000][7][gc,marking  ] GC(6) Concurrent Preclean
[2025-01-06T18:38:08.475+0000][7][gc,marking  ] GC(6) Concurrent Preclean 0.098ms
[2025-01-06T18:38:08.476+0000][7][gc,start    ] GC(6) Pause Remark
[2025-01-06T18:38:08.505+0000][7][gc          ] GC(6) Pause Remark 52M->52M(8192M) 29.470ms
[2025-01-06T18:38:08.506+0000][7][gc,cpu      ] GC(6) User=0.03s Sys=0.02s Real=0.03s
[2025-01-06T18:38:08.506+0000][7][safepoint   ] Safepoint "G1Concurrent", Time since last: 10368875 ns, Reaching safepoint: 1271250 ns, At safepoint: 29760583 ns, Total: 31031833 ns
[2025-01-06T18:38:08.506+0000][7][gc,marking  ] GC(6) Concurrent Mark 32.795ms
[2025-01-06T18:38:08.506+0000][7][gc,marking  ] GC(6) Concurrent Rebuild Remembered Sets
[2025-01-06T18:38:08.515+0000][7][gc,marking  ] GC(6) Concurrent Rebuild Remembered Sets 8.985ms
[2025-01-06T18:38:08.516+0000][7][gc,start    ] GC(6) Pause Cleanup
[2025-01-06T18:38:08.517+0000][7][gc          ] GC(6) Pause Cleanup 52M->52M(8192M) 0.879ms
[2025-01-06T18:38:08.517+0000][7][gc,cpu      ] GC(6) User=0.00s Sys=0.00s Real=0.00s
[2025-01-06T18:38:08.517+0000][7][safepoint   ] Safepoint "G1Concurrent", Time since last: 9306042 ns, Reaching safepoint: 689542 ns, At safepoint: 1020916 ns, Total: 1710458 ns
[2025-01-06T18:38:08.517+0000][7][gc,marking  ] GC(6) Concurrent Cleanup for Next Mark
[2025-01-06T18:38:08.520+0000][7][gc,marking  ] GC(6) Concurrent Cleanup for Next Mark 2.764ms
[2025-01-06T18:38:08.520+0000][7][gc          ] GC(6) Concurrent Mark Cycle 55.487ms
[2025-01-06T18:38:09.524+0000][7][safepoint   ] Safepoint "Cleanup", Time since last: 1006243042 ns, Reaching safepoint: 849375 ns, At safepoint: 19334 ns, Total: 868709 ns
[2025-01-06T18:38:09.899+0000][7][safepoint   ] Safepoint "ICBufferFull", Time since last: 374710958 ns, Reaching safepoint: 543209 ns, At safepoint: 9791 ns, Total: 553000 ns
[2025-01-06T18:38:10.800+0000][7][safepoint   ] Safepoint "ICBufferFull", Time since last: 899896959 ns, Reaching safepoint: 610125 ns, At safepoint: 7250 ns, Total: 617375 ns
[2025-01-06T18:38:11.325+0000][7][gc,start    ] GC(7) Pause Young (Normal) (G1 Evacuation Pause)
[2025-01-06T18:38:11.327+0000][7][gc,task     ] GC(7) Using 6 workers of 6 for evacuation
[2025-01-06T18:38:11.328+0000][7][gc,age      ] GC(7) Desired survivor size 27262976 bytes, new threshold 2 (max threshold 15)
[2025-01-06T18:38:11.342+0000][7][gc,age      ] GC(7) Age table with threshold 2 (max threshold 15)
[2025-01-06T18:38:11.342+0000][7][gc,age      ] GC(7) - age   1:    9705408 bytes,    9705408 total
[2025-01-06T18:38:11.342+0000][7][gc,age      ] GC(7) - age   2:   10837520 bytes,   20542928 total
[2025-01-06T18:38:11.342+0000][7][gc,phases   ] GC(7)   Pre Evacuate Collection Set: 0.2ms
[2025-01-06T18:38:11.342+0000][7][gc,phases   ] GC(7)   Merge Heap Roots: 0.1ms
[2025-01-06T18:38:11.342+0000][7][gc,phases   ] GC(7)   Evacuate Collection Set: 11.3ms
[2025-01-06T18:38:11.342+0000][7][gc,phases   ] GC(7)   Post Evacuate Collection Set: 1.2ms
[2025-01-06T18:38:11.342+0000][7][gc,phases   ] GC(7)   Other: 4.4ms
[2025-01-06T18:38:11.342+0000][7][gc,heap     ] GC(7) Eden regions: 93->0(116)
[2025-01-06T18:38:11.342+0000][7][gc,heap     ] GC(7) Survivor regions: 9->6(13)
[2025-01-06T18:38:11.342+0000][7][gc,heap     ] GC(7) Old regions: 4->9
[2025-01-06T18:38:11.342+0000][7][gc,heap     ] GC(7) Archive regions: 2->2
[2025-01-06T18:38:11.342+0000][7][gc,heap     ] GC(7) Humongous regions: 0->0
[2025-01-06T18:38:11.342+0000][7][gc,metaspace] GC(7) Metaspace: 58957K(60160K)->58957K(60160K) NonClass: 50937K(51648K)->50937K(51648K) Class: 8019K(8512K)->8019K(8512K)
[2025-01-06T18:38:11.343+0000][7][gc          ] GC(7) Pause Young (Normal) (G1 Evacuation Pause) 422M->61M(8192M) 17.698ms
[2025-01-06T18:38:11.343+0000][7][gc,cpu      ] GC(7) User=0.07s Sys=0.00s Real=0.01s
[2025-01-06T18:38:11.343+0000][7][safepoint   ] Safepoint "G1CollectForAllocation", Time since last: 524568334 ns, Reaching safepoint: 568958 ns, At safepoint: 17857792 ns, Total: 18426750 ns
[2025-01-06T18:38:11.436+0000][7][gc,start    ] GC(8) Pause Young (Concurrent Start) (Metadata GC Threshold)
[2025-01-06T18:38:11.436+0000][7][gc,task     ] GC(8) Using 6 workers of 6 for evacuation
[2025-01-06T18:38:11.436+0000][7][gc,age      ] GC(8) Desired survivor size 33554432 bytes, new threshold 15 (max threshold 15)
[2025-01-06T18:38:11.442+0000][7][gc,age      ] GC(8) Age table with threshold 15 (max threshold 15)
[2025-01-06T18:38:11.443+0000][7][gc,age      ] GC(8) - age   1:      87192 bytes,      87192 total
[2025-01-06T18:38:11.443+0000][7][gc,age      ] GC(8) - age   2:    9505232 bytes,    9592424 total
[2025-01-06T18:38:11.443+0000][7][gc,age      ] GC(8) - age   3:   10837520 bytes,   20429944 total
[2025-01-06T18:38:11.443+0000][7][gc,phases   ] GC(8)   Pre Evacuate Collection Set: 0.2ms
[2025-01-06T18:38:11.443+0000][7][gc,phases   ] GC(8)   Merge Heap Roots: 0.1ms
[2025-01-06T18:38:11.443+0000][7][gc,phases   ] GC(8)   Evacuate Collection Set: 4.7ms
[2025-01-06T18:38:11.443+0000][7][gc,phases   ] GC(8)   Post Evacuate Collection Set: 0.7ms
[2025-01-06T18:38:11.444+0000][7][gc,phases   ] GC(8)   Other: 1.1ms
[2025-01-06T18:38:11.444+0000][7][gc,heap     ] GC(8) Eden regions: 1->0(147)
[2025-01-06T18:38:11.444+0000][7][gc,heap     ] GC(8) Survivor regions: 6->6(16)
[2025-01-06T18:38:11.444+0000][7][gc,heap     ] GC(8) Old regions: 9->9
[2025-01-06T18:38:11.444+0000][7][gc,heap     ] GC(8) Archive regions: 2->2
[2025-01-06T18:38:11.444+0000][7][gc,heap     ] GC(8) Humongous regions: 0->0
[2025-01-06T18:38:11.444+0000][7][gc,metaspace] GC(8) Metaspace: 58971K(60160K)->58971K(60160K) NonClass: 50948K(51648K)->50948K(51648K) Class: 8023K(8512K)->8023K(8512K)
[2025-01-06T18:38:11.444+0000][7][gc          ] GC(8) Pause Young (Concurrent Start) (Metadata GC Threshold) 65M->59M(8192M) 7.911ms
[2025-01-06T18:38:11.444+0000][7][gc,cpu      ] GC(8) User=0.02s Sys=0.00s Real=0.01s
[2025-01-06T18:38:11.444+0000][7][safepoint   ] Safepoint "CollectForMetadataAllocation", Time since last: 93376583 ns, Reaching safepoint: 92167 ns, At safepoint: 8155208 ns, Total: 8247375 ns
[2025-01-06T18:38:11.444+0000][7][gc          ] GC(9) Concurrent Mark Cycle
[2025-01-06T18:38:11.444+0000][7][gc,marking  ] GC(9) Concurrent Clear Claimed Marks
[2025-01-06T18:38:11.445+0000][7][gc,marking  ] GC(9) Concurrent Clear Claimed Marks 0.145ms
[2025-01-06T18:38:11.445+0000][7][gc,marking  ] GC(9) Concurrent Scan Root Regions
[2025-01-06T18:38:11.450+0000][7][gc,marking  ] GC(9) Concurrent Scan Root Regions 5.321ms
[2025-01-06T18:38:11.450+0000][7][gc,marking  ] GC(9) Concurrent Mark
[2025-01-06T18:38:11.450+0000][7][gc,marking  ] GC(9) Concurrent Mark From Roots
[2025-01-06T18:38:11.450+0000][7][gc,task     ] GC(9) Using 2 workers of 2 for marking
[2025-01-06T18:38:11.470+0000][7][gc,marking  ] GC(9) Concurrent Mark From Roots 19.554ms
[2025-01-06T18:38:11.474+0000][7][gc,marking  ] GC(9) Concurrent Preclean
[2025-01-06T18:38:11.474+0000][7][gc,marking  ] GC(9) Concurrent Preclean 0.311ms
[2025-01-06T18:38:11.475+0000][7][gc,start    ] GC(9) Pause Remark
[2025-01-06T18:38:11.531+0000][7][gc          ] GC(9) Pause Remark 61M->61M(8192M) 56.253ms
[2025-01-06T18:38:11.531+0000][7][gc,cpu      ] GC(9) User=0.03s Sys=0.02s Real=0.05s
[2025-01-06T18:38:11.531+0000][7][safepoint   ] Safepoint "G1Concurrent", Time since last: 29813833 ns, Reaching safepoint: 863125 ns, At safepoint: 56520250 ns, Total: 57383375 ns
[2025-01-06T18:38:11.532+0000][7][gc,marking  ] GC(9) Concurrent Mark 81.505ms
[2025-01-06T18:38:11.532+0000][7][gc,marking  ] GC(9) Concurrent Rebuild Remembered Sets
[2025-01-06T18:38:11.543+0000][7][gc,marking  ] GC(9) Concurrent Rebuild Remembered Sets 11.567ms
[2025-01-06T18:38:11.548+0000][7][gc,start    ] GC(9) Pause Cleanup
[2025-01-06T18:38:11.549+0000][7][gc          ] GC(9) Pause Cleanup 61M->61M(8192M) 0.664ms
[2025-01-06T18:38:11.549+0000][7][gc,cpu      ] GC(9) User=0.01s Sys=0.00s Real=0.00s
[2025-01-06T18:38:11.549+0000][7][safepoint   ] Safepoint "G1Concurrent", Time since last: 15295750 ns, Reaching safepoint: 1203042 ns, At safepoint: 853000 ns, Total: 2056042 ns
[2025-01-06T18:38:11.549+0000][7][gc,marking  ] GC(9) Concurrent Cleanup for Next Mark
[2025-01-06T18:38:11.551+0000][7][gc,marking  ] GC(9) Concurrent Cleanup for Next Mark 2.136ms
[2025-01-06T18:38:11.551+0000][7][gc          ] GC(9) Concurrent Mark Cycle 106.878ms
[2025-01-06T18:38:12.296+0000][7][safepoint   ] Safepoint "ICBufferFull", Time since last: 746263834 ns, Reaching safepoint: 738333 ns, At safepoint: 8708 ns, Total: 747041 ns
[2025-01-06T18:38:13.114+0000][7][safepoint   ] Safepoint "ICBufferFull", Time since last: 816958459 ns, Reaching safepoint: 791042 ns, At safepoint: 6875 ns, Total: 797917 ns
[2025-01-06T18:38:13.833+0000][7][safepoint   ] Safepoint "ICBufferFull", Time since last: 718447958 ns, Reaching safepoint: 765042 ns, At safepoint: 5042 ns, Total: 770084 ns
[2025-01-06T18:38:14.274+0000][7][safepoint   ] Safepoint "ICBufferFull", Time since last: 440366125 ns, Reaching safepoint: 759833 ns, At safepoint: 7125 ns, Total: 766958 ns
[2025-01-06T18:38:14.636+0000][7][safepoint   ] Safepoint "ICBufferFull", Time since last: 359748959 ns, Reaching safepoint: 1884833 ns, At safepoint: 7875 ns, Total: 1892708 ns
[2025-01-06T18:38:15.025+0000][7][safepoint   ] Safepoint "ICBufferFull", Time since last: 388520750 ns, Reaching safepoint: 824417 ns, At safepoint: 11208 ns, Total: 835625 ns
[2025-01-06T18:38:15.558+0000][7][safepoint   ] Safepoint "ICBufferFull", Time since last: 531220834 ns, Reaching safepoint: 1692583 ns, At safepoint: 25459 ns, Total: 1718042 ns
[2025-01-06T18:38:16.099+0000][7][gc,start    ] GC(10) Pause Young (Prepare Mixed) (Metadata GC Threshold)
[2025-01-06T18:38:16.100+0000][7][gc,task     ] GC(10) Using 6 workers of 6 for evacuation
[2025-01-06T18:38:16.100+0000][7][gc,age      ] GC(10) Desired survivor size 41943040 bytes, new threshold 15 (max threshold 15)
[2025-01-06T18:38:16.121+0000][7][gc,age      ] GC(10) Age table with threshold 15 (max threshold 15)
[2025-01-06T18:38:16.121+0000][7][gc,age      ] GC(10) - age   1:   21687704 bytes,   21687704 total
[2025-01-06T18:38:16.121+0000][7][gc,age      ] GC(10) - age   2:       5008 bytes,   21692712 total
[2025-01-06T18:38:16.121+0000][7][gc,age      ] GC(10) - age   3:    9143280 bytes,   30835992 total
[2025-01-06T18:38:16.121+0000][7][gc,age      ] GC(10) - age   4:   10810224 bytes,   41646216 total
[2025-01-06T18:38:16.121+0000][7][gc,phases   ] GC(10)   Pre Evacuate Collection Set: 0.2ms
[2025-01-06T18:38:16.122+0000][7][gc,phases   ] GC(10)   Merge Heap Roots: 0.5ms
[2025-01-06T18:38:16.122+0000][7][gc,phases   ] GC(10)   Evacuate Collection Set: 19.1ms
[2025-01-06T18:38:16.122+0000][7][gc,phases   ] GC(10)   Post Evacuate Collection Set: 1.4ms
[2025-01-06T18:38:16.122+0000][7][gc,phases   ] GC(10)   Other: 0.9ms
[2025-01-06T18:38:16.122+0000][7][gc,heap     ] GC(10) Eden regions: 107->0(91)
[2025-01-06T18:38:16.122+0000][7][gc,heap     ] GC(10) Survivor regions: 6->11(20)
[2025-01-06T18:38:16.122+0000][7][gc,heap     ] GC(10) Old regions: 9->9
[2025-01-06T18:38:16.122+0000][7][gc,heap     ] GC(10) Archive regions: 2->2
[2025-01-06T18:38:16.122+0000][7][gc,heap     ] GC(10) Humongous regions: 2->2
[2025-01-06T18:38:16.122+0000][7][gc,metaspace] GC(10) Metaspace: 99026K(100608K)->99026K(100608K) NonClass: 84957K(85888K)->84957K(85888K) Class: 14068K(14720K)->14068K(14720K)
[2025-01-06T18:38:16.122+0000][7][gc          ] GC(10) Pause Young (Prepare Mixed) (Metadata GC Threshold) 494M->88M(8192M) 22.501ms
[2025-01-06T18:38:16.122+0000][7][gc,cpu      ] GC(10) User=0.07s Sys=0.01s Real=0.02s
[2025-01-06T18:38:16.122+0000][7][safepoint   ] Safepoint "CollectForMetadataAllocation", Time since last: 540584166 ns, Reaching safepoint: 974834 ns, At safepoint: 22749250 ns, Total: 23724084 ns
[2025-01-06T18:38:16.758+0000][7][gc,start    ] GC(11) Pause Young (Mixed) (Metadata GC Threshold)
[2025-01-06T18:38:16.758+0000][7][gc,task     ] GC(11) Using 6 workers of 6 for evacuation
[2025-01-06T18:38:16.758+0000][7][gc,age      ] GC(11) Desired survivor size 27262976 bytes, new threshold 3 (max threshold 15)
[2025-01-06T18:38:16.795+0000][7][gc,age      ] GC(11) Age table with threshold 3 (max threshold 15)
[2025-01-06T18:38:16.795+0000][7][gc,age      ] GC(11) - age   1:    3436464 bytes,    3436464 total
[2025-01-06T18:38:16.795+0000][7][gc,age      ] GC(11) - age   2:   18098520 bytes,   21534984 total
[2025-01-06T18:38:16.795+0000][7][gc,age      ] GC(11) - age   3:       5008 bytes,   21539992 total
[2025-01-06T18:38:16.795+0000][7][gc,phases   ] GC(11)   Pre Evacuate Collection Set: 0.3ms
[2025-01-06T18:38:16.795+0000][7][gc,phases   ] GC(11)   Merge Heap Roots: 0.2ms
[2025-01-06T18:38:16.795+0000][7][gc,phases   ] GC(11)   Evacuate Collection Set: 34.7ms
[2025-01-06T18:38:16.795+0000][7][gc,phases   ] GC(11)   Post Evacuate Collection Set: 1.2ms
[2025-01-06T18:38:16.795+0000][7][gc,phases   ] GC(11)   Other: 0.6ms
[2025-01-06T18:38:16.795+0000][7][gc,heap     ] GC(11) Eden regions: 9->0(173)
[2025-01-06T18:38:16.795+0000][7][gc,heap     ] GC(11) Survivor regions: 11->7(13)
[2025-01-06T18:38:16.795+0000][7][gc,heap     ] GC(11) Old regions: 9->14
[2025-01-06T18:38:16.795+0000][7][gc,heap     ] GC(11) Archive regions: 2->2
[2025-01-06T18:38:16.796+0000][7][gc,heap     ] GC(11) Humongous regions: 2->2
[2025-01-06T18:38:16.796+0000][7][gc,metaspace] GC(11) Metaspace: 99452K(100928K)->99452K(100928K) NonClass: 85328K(86208K)->85328K(86208K) Class: 14123K(14720K)->14123K(14720K)
[2025-01-06T18:38:16.796+0000][7][gc          ] GC(11) Pause Young (Mixed) (Metadata GC Threshold) 123M->90M(8192M) 37.552ms
[2025-01-06T18:38:16.796+0000][7][gc,cpu      ] GC(11) User=0.13s Sys=0.01s Real=0.04s
[2025-01-06T18:38:16.796+0000][7][safepoint   ] Safepoint "CollectForMetadataAllocation", Time since last: 634768042 ns, Reaching safepoint: 1106500 ns, At safepoint: 37818791 ns, Total: 38925291 ns
[2025-01-06T18:38:17.245+0000][7][gc,start    ] GC(12) Pause Young (Concurrent Start) (Metadata GC Threshold)
[2025-01-06T18:38:17.245+0000][7][gc,task     ] GC(12) Using 6 workers of 6 for evacuation
[2025-01-06T18:38:17.245+0000][7][gc,age      ] GC(12) Desired survivor size 46137344 bytes, new threshold 15 (max threshold 15)
[2025-01-06T18:38:17.255+0000][7][gc,age      ] GC(12) Age table with threshold 15 (max threshold 15)
[2025-01-06T18:38:17.257+0000][7][gc,age      ] GC(12) - age   1:     326368 bytes,     326368 total
[2025-01-06T18:38:17.257+0000][7][gc,age      ] GC(12) - age   2:     212560 bytes,     538928 total
[2025-01-06T18:38:17.257+0000][7][gc,age      ] GC(12) - age   3:   18062640 bytes,   18601568 total
[2025-01-06T18:38:17.257+0000][7][gc,age      ] GC(12) - age   4:       5008 bytes,   18606576 total
[2025-01-06T18:38:17.257+0000][7][gc,phases   ] GC(12)   Pre Evacuate Collection Set: 0.2ms
[2025-01-06T18:38:17.257+0000][7][gc,phases   ] GC(12)   Merge Heap Roots: 0.1ms
[2025-01-06T18:38:17.257+0000][7][gc,phases   ] GC(12)   Evacuate Collection Set: 8.7ms
[2025-01-06T18:38:17.257+0000][7][gc,phases   ] GC(12)   Post Evacuate Collection Set: 0.7ms
[2025-01-06T18:38:17.257+0000][7][gc,phases   ] GC(12)   Other: 2.1ms
[2025-01-06T18:38:17.257+0000][7][gc,heap     ] GC(12) Eden regions: 5->0(251)
[2025-01-06T18:38:17.257+0000][7][gc,heap     ] GC(12) Survivor regions: 7->5(22)
[2025-01-06T18:38:17.257+0000][7][gc,heap     ] GC(12) Old regions: 14->14
[2025-01-06T18:38:17.257+0000][7][gc,heap     ] GC(12) Archive regions: 2->2
[2025-01-06T18:38:17.257+0000][7][gc,heap     ] GC(12) Humongous regions: 2->2
[2025-01-06T18:38:17.257+0000][7][gc,metaspace] GC(12) Metaspace: 99755K(101248K)->99755K(101248K) NonClass: 85602K(86528K)->85602K(86528K) Class: 14152K(14720K)->14152K(14720K)
[2025-01-06T18:38:17.257+0000][7][gc          ] GC(12) Pause Young (Concurrent Start) (Metadata GC Threshold) 109M->85M(8192M) 12.416ms
[2025-01-06T18:38:17.258+0000][7][gc,cpu      ] GC(12) User=0.04s Sys=0.01s Real=0.01s
[2025-01-06T18:38:17.258+0000][7][gc          ] GC(13) Concurrent Mark Cycle
[2025-01-06T18:38:17.258+0000][7][gc,marking  ] GC(13) Concurrent Clear Claimed Marks
[2025-01-06T18:38:17.258+0000][7][gc,marking  ] GC(13) Concurrent Clear Claimed Marks 0.120ms
[2025-01-06T18:38:17.258+0000][7][gc,marking  ] GC(13) Concurrent Scan Root Regions
[2025-01-06T18:38:17.258+0000][7][safepoint   ] Safepoint "CollectForMetadataAllocation", Time since last: 448349251 ns, Reaching safepoint: 811666 ns, At safepoint: 12645000 ns, Total: 13456666 ns
[2025-01-06T18:38:17.263+0000][7][gc,marking  ] GC(13) Concurrent Scan Root Regions 4.894ms
[2025-01-06T18:38:17.264+0000][7][gc,marking  ] GC(13) Concurrent Mark
[2025-01-06T18:38:17.265+0000][7][gc,marking  ] GC(13) Concurrent Mark From Roots
[2025-01-06T18:38:17.265+0000][7][gc,task     ] GC(13) Using 2 workers of 2 for marking
[2025-01-06T18:38:17.292+0000][7][gc,marking  ] GC(13) Concurrent Mark From Roots 27.277ms
[2025-01-06T18:38:17.292+0000][7][gc,marking  ] GC(13) Concurrent Preclean
[2025-01-06T18:38:17.292+0000][7][gc,marking  ] GC(13) Concurrent Preclean 0.181ms
[2025-01-06T18:38:17.293+0000][7][gc,start    ] GC(13) Pause Remark
[2025-01-06T18:38:17.338+0000][7][gc          ] GC(13) Pause Remark 90M->90M(8192M) 44.747ms
[2025-01-06T18:38:17.338+0000][7][gc,cpu      ] GC(13) User=0.01s Sys=0.03s Real=0.05s
[2025-01-06T18:38:17.338+0000][7][safepoint   ] Safepoint "G1Concurrent", Time since last: 34552917 ns, Reaching safepoint: 631708 ns, At safepoint: 45006459 ns, Total: 45638167 ns
[2025-01-06T18:38:17.338+0000][7][gc,marking  ] GC(13) Concurrent Mark 73.515ms
[2025-01-06T18:38:17.338+0000][7][gc,marking  ] GC(13) Concurrent Rebuild Remembered Sets
[2025-01-06T18:38:17.357+0000][7][gc,marking  ] GC(13) Concurrent Rebuild Remembered Sets 18.847ms
[2025-01-06T18:38:17.358+0000][7][gc,start    ] GC(13) Pause Cleanup
[2025-01-06T18:38:17.358+0000][7][gc          ] GC(13) Pause Cleanup 94M->94M(8192M) 0.269ms
[2025-01-06T18:38:17.358+0000][7][gc,cpu      ] GC(13) User=0.00s Sys=0.00s Real=0.00s
[2025-01-06T18:38:17.358+0000][7][safepoint   ] Safepoint "G1Concurrent", Time since last: 19182708 ns, Reaching safepoint: 756167 ns, At safepoint: 506958 ns, Total: 1263125 ns
[2025-01-06T18:38:17.358+0000][7][gc,marking  ] GC(13) Concurrent Cleanup for Next Mark
[2025-01-06T18:38:17.361+0000][7][gc,marking  ] GC(13) Concurrent Cleanup for Next Mark 2.132ms
[2025-01-06T18:38:17.361+0000][7][gc          ] GC(13) Concurrent Mark Cycle 103.057ms
[2025-01-06T18:38:17.987+0000][7][safepoint   ] Safepoint "ICBufferFull", Time since last: 626547792 ns, Reaching safepoint: 1908875 ns, At safepoint: 11333 ns, Total: 1920208 ns
[2025-01-06T18:38:19.513+0000][7][safepoint   ] Safepoint "Cleanup", Time since last: 1522005251 ns, Reaching safepoint: 4450500 ns, At safepoint: 21042 ns, Total: 4471542 ns
[2025-01-06T18:38:20.516+0000][7][safepoint   ] Safepoint "Cleanup", Time since last: 1001853042 ns, Reaching safepoint: 661375 ns, At safepoint: 30500 ns, Total: 691875 ns
[2025-01-06T18:38:21.522+0000][7][safepoint   ] Safepoint "Cleanup", Time since last: 1005133625 ns, Reaching safepoint: 763250 ns, At safepoint: 33875 ns, Total: 797125 ns
[2025-01-06T18:38:24.527+0000][7][safepoint   ] Safepoint "Cleanup", Time since last: 3004985085 ns, Reaching safepoint: 231375 ns, At safepoint: 5750 ns, Total: 237125 ns
[2025-01-06T18:38:30.535+0000][7][safepoint   ] Safepoint "Cleanup", Time since last: 6007981086 ns, Reaching safepoint: 128000 ns, At safepoint: 5750 ns, Total: 133750 ns
[2025-01-06T18:38:32.538+0000][7][safepoint   ] Safepoint "Cleanup", Time since last: 2002690501 ns, Reaching safepoint: 139542 ns, At safepoint: 5625 ns, Total: 145167 ns
[2025-01-06T18:38:34.541+0000][7][safepoint   ] Safepoint "Cleanup", Time since last: 2002869751 ns, Reaching safepoint: 166208 ns, At safepoint: 8000 ns, Total: 174208 ns
[2025-01-06T18:38:35.544+0000][7][safepoint   ] Safepoint "Cleanup", Time since last: 1003006709 ns, Reaching safepoint: 376583 ns, At safepoint: 7209 ns, Total: 383792 ns
[2025-01-06T18:38:36.546+0000][7][safepoint   ] Safepoint "Cleanup", Time since last: 1000994583 ns, Reaching safepoint: 1068583 ns, At safepoint: 24500 ns, Total: 1093083 ns
[2025-01-06T18:38:37.550+0000][7][safepoint   ] Safepoint "Cleanup", Time since last: 1002505292 ns, Reaching safepoint: 1011709 ns, At safepoint: 41375 ns, Total: 1053084 ns
[2025-01-06T18:38:38.555+0000][7][safepoint   ] Safepoint "Cleanup", Time since last: 1005465917 ns, Reaching safepoint: 222167 ns, At safepoint: 12416 ns, Total: 234583 ns
[2025-01-06T18:38:41.046+0000][7][safepoint   ] Safepoint "Cleanup", Time since last: 2489088543 ns, Reaching safepoint: 1412250 ns, At safepoint: 35583 ns, Total: 1447833 ns
[2025-01-06T18:38:42.048+0000][7][safepoint   ] Safepoint "Cleanup", Time since last: 1001135543 ns, Reaching safepoint: 1017000 ns, At safepoint: 34708 ns, Total: 1051708 ns
[2025-01-06T18:38:43.054+0000][7][safepoint   ] Safepoint "Cleanup", Time since last: 1004977667 ns, Reaching safepoint: 618250 ns, At safepoint: 45958 ns, Total: 664208 ns
[2025-01-06T18:38:44.058+0000][7][safepoint   ] Safepoint "Cleanup", Time since last: 1004245334 ns, Reaching safepoint: 167542 ns, At safepoint: 10416 ns, Total: 177958 ns
[2025-01-06T18:38:45.062+0000][7][safepoint   ] Safepoint "Cleanup", Time since last: 1003831293 ns, Reaching safepoint: 391833 ns, At safepoint: 13875 ns, Total: 405708 ns
[2025-01-06T18:38:46.065+0000][7][safepoint   ] Safepoint "Cleanup", Time since last: 1001475334 ns, Reaching safepoint: 855666 ns, At safepoint: 32250 ns, Total: 887916 ns
[2025-01-06T18:38:47.069+0000][7][safepoint   ] Safepoint "Cleanup", Time since last: 1003410959 ns, Reaching safepoint: 605875 ns, At safepoint: 28500 ns, Total: 634375 ns
[2025-01-06T18:38:48.073+0000][7][safepoint   ] Safepoint "Cleanup", Time since last: 1002843751 ns, Reaching safepoint: 958416 ns, At safepoint: 19584 ns, Total: 978000 ns
[2025-01-06T18:38:49.073+0000][7][safepoint   ] Safepoint "Cleanup", Time since last: 1000760250 ns, Reaching safepoint: 145625 ns, At safepoint: 6334 ns, Total: 151959 ns
[2025-01-06T18:38:51.077+0000][7][safepoint   ] Safepoint "Cleanup", Time since last: 2003551625 ns, Reaching safepoint: 420625 ns, At safepoint: 14334 ns, Total: 434959 ns
[2025-01-06T18:38:52.080+0000][7][safepoint   ] Safepoint "Cleanup", Time since last: 1001721084 ns, Reaching safepoint: 881208 ns, At safepoint: 25250 ns, Total: 906458 ns
[2025-01-06T18:38:54.084+0000][7][safepoint   ] Safepoint "Cleanup", Time since last: 2002238626 ns, Reaching safepoint: 2020375 ns, At safepoint: 18250 ns, Total: 2038625 ns
[2025-01-06T18:38:55.096+0000][7][safepoint   ] Safepoint "Cleanup", Time since last: 1009847250 ns, Reaching safepoint: 1700792 ns, At safepoint: 32083 ns, Total: 1732875 ns
[2025-01-06T18:39:06.131+0000][7][safepoint   ] Safepoint "Cleanup", Time since last: 11034516880 ns, Reaching safepoint: 557666 ns, At safepoint: 34792 ns, Total: 592458 ns
[2025-01-06T18:39:07.792+0000][7][safepoint   ] Safepoint "Cleanup", Time since last: 1660807626 ns, Reaching safepoint: 182666 ns, At safepoint: 12750 ns, Total: 195416 ns
[2025-01-06T18:39:08.820+0000][7][safepoint   ] Safepoint "Cleanup", Time since last: 1026461168 ns, Reaching safepoint: 793541 ns, At safepoint: 34375 ns, Total: 827916 ns
[2025-01-06T18:39:11.826+0000][7][safepoint   ] Safepoint "Cleanup", Time since last: 3005640627 ns, Reaching safepoint: 343583 ns, At safepoint: 21333 ns, Total: 364916 ns
[2025-01-06T18:39:12.828+0000][7][safepoint   ] Safepoint "Cleanup", Time since last: 1002214834 ns, Reaching safepoint: 141584 ns, At safepoint: 6375 ns, Total: 147959 ns
[2025-01-06T18:39:13.832+0000][7][safepoint   ] Safepoint "Cleanup", Time since last: 1002379417 ns, Reaching safepoint: 1585958 ns, At safepoint: 114250 ns, Total: 1700208 ns
[2025-01-06T18:39:15.742+0000][7][safepoint   ] Safepoint "Cleanup", Time since last: 1909605709 ns, Reaching safepoint: 903709 ns, At safepoint: 7541 ns, Total: 911250 ns
[2025-01-06T18:39:16.749+0000][7][safepoint   ] Safepoint "Cleanup", Time since last: 1005022376 ns, Reaching safepoint: 1010041 ns, At safepoint: 32375 ns, Total: 1042416 ns
[2025-01-06T18:39:17.752+0000][7][safepoint   ] Safepoint "Cleanup", Time since last: 1000928376 ns, Reaching safepoint: 2051333 ns, At safepoint: 5667 ns, Total: 2057000 ns
[2025-01-06T18:39:18.755+0000][7][safepoint   ] Safepoint "Cleanup", Time since last: 1001867834 ns, Reaching safepoint: 1298541 ns, At safepoint: 28750 ns, Total: 1327291 ns
[2025-01-06T18:39:24.776+0000][7][safepoint   ] Safepoint "Cleanup", Time since last: 6020850962 ns, Reaching safepoint: 786750 ns, At safepoint: 29125 ns, Total: 815875 ns
[2025-01-06T18:39:25.781+0000][7][safepoint   ] Safepoint "Cleanup", Time since last: 1002100750 ns, Reaching safepoint: 2026000 ns, At safepoint: 6250 ns, Total: 2032250 ns
[2025-01-06T18:39:26.790+0000][7][safepoint   ] Safepoint "Cleanup", Time since last: 1006253834 ns, Reaching safepoint: 2655833 ns, At safepoint: 55292 ns, Total: 2711125 ns
[2025-01-06T18:39:29.531+0000][7][safepoint   ] Safepoint "Cleanup", Time since last: 2741225043 ns, Reaching safepoint: 652125 ns, At safepoint: 37000 ns, Total: 689125 ns
[2025-01-06T18:39:31.535+0000][7][safepoint   ] Safepoint "Cleanup", Time since last: 2002904042 ns, Reaching safepoint: 602000 ns, At safepoint: 35959 ns, Total: 637959 ns
[2025-01-06T18:39:35.546+0000][7][safepoint   ] Safepoint "Cleanup", Time since last: 4008612460 ns, Reaching safepoint: 2152583 ns, At safepoint: 55584 ns, Total: 2208167 ns
[2025-01-06T18:39:36.549+0000][7][safepoint   ] Safepoint "Cleanup", Time since last: 1002822166 ns, Reaching safepoint: 563459 ns, At safepoint: 29083 ns, Total: 592542 ns
[2025-01-06T18:39:42.569+0000][7][safepoint   ] Safepoint "Cleanup", Time since last: 6018513503 ns, Reaching safepoint: 687750 ns, At safepoint: 29500 ns, Total: 717250 ns
[2025-01-06T18:39:45.579+0000][7][safepoint   ] Safepoint "Cleanup", Time since last: 3008978251 ns, Reaching safepoint: 1072792 ns, At safepoint: 27167 ns, Total: 1099959 ns
[2025-01-06T18:39:46.586+0000][7][safepoint   ] Safepoint "Cleanup", Time since last: 1006181375 ns, Reaching safepoint: 670333 ns, At safepoint: 34000 ns, Total: 704333 ns
[2025-01-06T18:39:51.598+0000][7][safepoint   ] Safepoint "Cleanup", Time since last: 5011032461 ns, Reaching safepoint: 769917 ns, At safepoint: 30750 ns, Total: 800667 ns
[2025-01-06T18:39:55.610+0000][7][safepoint   ] Safepoint "Cleanup", Time since last: 4011958960 ns, Reaching safepoint: 704417 ns, At safepoint: 30875 ns, Total: 735292 ns
[2025-01-06T18:40:05.638+0000][7][safepoint   ] Safepoint "Cleanup", Time since last: 10026429296 ns, Reaching safepoint: 1067833 ns, At safepoint: 30250 ns, Total: 1098083 ns
[2025-01-06T18:40:11.653+0000][7][safepoint   ] Safepoint "Cleanup", Time since last: 6014433503 ns, Reaching safepoint: 843417 ns, At safepoint: 32041 ns, Total: 875458 ns
[2025-01-06T18:40:13.656+0000][7][safepoint   ] Safepoint "Cleanup", Time since last: 2002048001 ns, Reaching safepoint: 210750 ns, At safepoint: 26625 ns, Total: 237375 ns
[2025-01-06T18:40:14.660+0000][7][safepoint   ] Safepoint "Cleanup", Time since last: 1003161292 ns, Reaching safepoint: 940459 ns, At safepoint: 16666 ns, Total: 957125 ns
[2025-01-06T18:40:15.661+0000][7][safepoint   ] Safepoint "Cleanup", Time since last: 1000475459 ns, Reaching safepoint: 277459 ns, At safepoint: 20958 ns, Total: 298417 ns
[2025-01-06T18:40:21.675+0000][7][safepoint   ] Safepoint "Cleanup", Time since last: 6013685878 ns, Reaching safepoint: 838333 ns, At safepoint: 97167 ns, Total: 935500 ns
[2025-01-06T18:40:22.678+0000][7][safepoint   ] Safepoint "Cleanup", Time since last: 1002037000 ns, Reaching safepoint: 977250 ns, At safepoint: 33209 ns, Total: 1010459 ns
[2025-01-06T18:40:29.711+0000][7][safepoint   ] Safepoint "Cleanup", Time since last: 7032097086 ns, Reaching safepoint: 744792 ns, At safepoint: 86458 ns, Total: 831250 ns
[2025-01-06T18:40:41.753+0000][7][safepoint   ] Safepoint "Cleanup", Time since last: 12040298714 ns, Reaching safepoint: 948875 ns, At safepoint: 38000 ns, Total: 986875 ns
[2025-01-06T18:40:42.758+0000][7][safepoint   ] Safepoint "Cleanup", Time since last: 1004076959 ns, Reaching safepoint: 814208 ns, At safepoint: 70333 ns, Total: 884541 ns
[2025-01-06T18:40:44.765+0000][7][safepoint   ] Safepoint "Cleanup", Time since last: 2006455668 ns, Reaching safepoint: 644583 ns, At safepoint: 26375 ns, Total: 670958 ns
[2025-01-06T18:40:45.770+0000][7][safepoint   ] Safepoint "Cleanup", Time since last: 1004500001 ns, Reaching safepoint: 952625 ns, At safepoint: 34375 ns, Total: 987000 ns
[2025-01-06T18:40:47.774+0000][7][safepoint   ] Safepoint "Cleanup", Time since last: 2002793209 ns, Reaching safepoint: 919000 ns, At safepoint: 20917 ns, Total: 939917 ns
[2025-01-06T18:40:51.788+0000][7][safepoint   ] Safepoint "Cleanup", Time since last: 4013925001 ns, Reaching safepoint: 611584 ns, At safepoint: 28500 ns, Total: 640084 ns
[2025-01-06T18:40:52.791+0000][7][safepoint   ] Safepoint "Cleanup", Time since last: 1001736292 ns, Reaching safepoint: 1062083 ns, At safepoint: 18042 ns, Total: 1080125 ns
[2025-01-06T18:40:56.803+0000][7][safepoint   ] Safepoint "Cleanup", Time since last: 4011208544 ns, Reaching safepoint: 715750 ns, At safepoint: 76083 ns, Total: 791833 ns
[2025-01-06T18:41:05.846+0000][7][safepoint   ] Safepoint "Cleanup", Time since last: 9042092420 ns, Reaching safepoint: 238333 ns, At safepoint: 21542 ns, Total: 259875 ns
[2025-01-06T18:41:13.877+0000][7][safepoint   ] Safepoint "Cleanup", Time since last: 8029203212 ns, Reaching safepoint: 819958 ns, At safepoint: 23167 ns, Total: 843125 ns
[2025-01-06T18:41:14.880+0000][7][safepoint   ] Safepoint "Cleanup", Time since last: 1002755251 ns, Reaching safepoint: 689583 ns, At safepoint: 17500 ns, Total: 707083 ns
[2025-01-06T18:41:15.882+0000][7][safepoint   ] Safepoint "Cleanup", Time since last: 1001369875 ns, Reaching safepoint: 168834 ns, At safepoint: 9708 ns, Total: 178542 ns
[2025-01-06T18:41:19.890+0000][7][safepoint   ] Safepoint "Cleanup", Time since last: 4007115627 ns, Reaching safepoint: 1358833 ns, At safepoint: 34792 ns, Total: 1393625 ns
[2025-01-06T18:41:26.913+0000][7][safepoint   ] Safepoint "Cleanup", Time since last: 7021767420 ns, Reaching safepoint: 912667 ns, At safepoint: 389250 ns, Total: 1301917 ns
[2025-01-06T18:41:41.962+0000][7][safepoint   ] Safepoint "Cleanup", Time since last: 15048331631 ns, Reaching safepoint: 985166 ns, At safepoint: 29125 ns, Total: 1014291 ns
[2025-01-06T18:41:44.973+0000][7][safepoint   ] Safepoint "Cleanup", Time since last: 3010246710 ns, Reaching safepoint: 602709 ns, At safepoint: 39666 ns, Total: 642375 ns
[2025-01-06T18:41:46.981+0000][7][safepoint   ] Safepoint "Cleanup", Time since last: 2006940376 ns, Reaching safepoint: 711917 ns, At safepoint: 31208 ns, Total: 743125 ns
[2025-01-06T18:41:48.987+0000][7][safepoint   ] Safepoint "Cleanup", Time since last: 2005085793 ns, Reaching safepoint: 616166 ns, At safepoint: 35042 ns, Total: 651208 ns
[2025-01-06T18:42:14.071+0000][7][safepoint   ] Safepoint "Cleanup", Time since last: 25083492470 ns, Reaching safepoint: 790958 ns, At safepoint: 76167 ns, Total: 867125 ns
[2025-01-06T18:42:15.078+0000][7][safepoint   ] Safepoint "Cleanup", Time since last: 1006154209 ns, Reaching safepoint: 689666 ns, At safepoint: 30125 ns, Total: 719791 ns
[2025-01-06T18:42:17.085+0000][7][safepoint   ] Safepoint "Cleanup", Time since last: 2005706293 ns, Reaching safepoint: 703208 ns, At safepoint: 32709 ns, Total: 735917 ns
[2025-01-06T18:42:27.119+0000][7][safepoint   ] Safepoint "Cleanup", Time since last: 10033851713 ns, Reaching safepoint: 590458 ns, At safepoint: 26250 ns, Total: 616708 ns
[2025-01-06T18:42:33.143+0000][7][safepoint   ] Safepoint "Cleanup", Time since last: 6023330253 ns, Reaching safepoint: 670833 ns, At safepoint: 15500 ns, Total: 686333 ns
[2025-01-06T18:42:45.177+0000][7][safepoint   ] Safepoint "Cleanup", Time since last: 12032918755 ns, Reaching safepoint: 483208 ns, At safepoint: 25417 ns, Total: 508625 ns
[2025-01-06T18:42:46.179+0000][7][safepoint   ] Safepoint "Cleanup", Time since last: 1001610167 ns, Reaching safepoint: 782792 ns, At safepoint: 30958 ns, Total: 813750 ns
[2025-01-06T18:42:47.182+0000][7][safepoint   ] Safepoint "Cleanup", Time since last: 1002035251 ns, Reaching safepoint: 896250 ns, At safepoint: 264875 ns, Total: 1161125 ns
[2025-01-06T18:42:48.185+0000][7][safepoint   ] Safepoint "Cleanup", Time since last: 1002049583 ns, Reaching safepoint: 671417 ns, At safepoint: 31208 ns, Total: 702625 ns
[2025-01-06T18:42:53.199+0000][7][safepoint   ] Safepoint "Cleanup", Time since last: 5013501086 ns, Reaching safepoint: 709458 ns, At safepoint: 35625 ns, Total: 745083 ns
[2025-01-06T18:42:57.215+0000][7][safepoint   ] Safepoint "Cleanup", Time since last: 4015238502 ns, Reaching safepoint: 372875 ns, At safepoint: 15167 ns, Total: 388042 ns
[2025-01-06T18:43:02.236+0000][7][safepoint   ] Safepoint "Cleanup", Time since last: 5020706086 ns, Reaching safepoint: 669833 ns, At safepoint: 32708 ns, Total: 702541 ns
[2025-01-06T18:43:07.254+0000][7][safepoint   ] Safepoint "Cleanup", Time since last: 5017221627 ns, Reaching safepoint: 193958 ns, At safepoint: 10709 ns, Total: 204667 ns
[2025-01-06T18:43:15.285+0000][7][safepoint   ] Safepoint "Cleanup", Time since last: 8028908587 ns, Reaching safepoint: 1478458 ns, At safepoint: 34792 ns, Total: 1513250 ns
[2025-01-06T18:43:16.291+0000][7][safepoint   ] Safepoint "Cleanup", Time since last: 1005309875 ns, Reaching safepoint: 699000 ns, At safepoint: 30834 ns, Total: 729834 ns
[2025-01-06T18:43:38.343+0000][7][safepoint   ] Safepoint "Cleanup", Time since last: 22051378467 ns, Reaching safepoint: 1051125 ns, At safepoint: 28000 ns, Total: 1079125 ns
[2025-01-06T18:43:46.370+0000][7][safepoint   ] Safepoint "Cleanup", Time since last: 8025721963 ns, Reaching safepoint: 827125 ns, At safepoint: 33541 ns, Total: 860666 ns
[2025-01-06T18:43:48.383+0000][7][safepoint   ] Safepoint "Cleanup", Time since last: 2012319251 ns, Reaching safepoint: 454000 ns, At safepoint: 16792 ns, Total: 470792 ns
[2025-01-06T18:43:58.420+0000][7][safepoint   ] Safepoint "Cleanup", Time since last: 10035888921 ns, Reaching safepoint: 1279792 ns, At safepoint: 34708 ns, Total: 1314500 ns
[2025-01-06T18:44:08.451+0000][7][safepoint   ] Safepoint "Cleanup", Time since last: 10029787880 ns, Reaching safepoint: 1413000 ns, At safepoint: 27916 ns, Total: 1440916 ns
[2025-01-06T18:44:14.474+0000][7][safepoint   ] Safepoint "Cleanup", Time since last: 6022561253 ns, Reaching safepoint: 716209 ns, At safepoint: 27958 ns, Total: 744167 ns
[2025-01-06T18:44:16.483+0000][7][safepoint   ] Safepoint "Cleanup", Time since last: 2008460668 ns, Reaching safepoint: 632708 ns, At safepoint: 29583 ns, Total: 662291 ns
[2025-01-06T18:44:18.487+0000][7][safepoint   ] Safepoint "Cleanup", Time since last: 2003779460 ns, Reaching safepoint: 634041 ns, At safepoint: 35000 ns, Total: 669041 ns
[2025-01-06T18:44:24.517+0000][7][safepoint   ] Safepoint "Cleanup", Time since last: 6029171420 ns, Reaching safepoint: 628500 ns, At safepoint: 32750 ns, Total: 661250 ns
[2025-01-06T18:44:25.522+0000][7][safepoint   ] Safepoint "Cleanup", Time since last: 1004068125 ns, Reaching safepoint: 726167 ns, At safepoint: 28292 ns, Total: 754459 ns
[2025-01-06T18:44:38.564+0000][7][safepoint   ] Safepoint "Cleanup", Time since last: 13039675130 ns, Reaching safepoint: 1140625 ns, At safepoint: 31542 ns, Total: 1172167 ns
[2025-01-06T18:44:41.574+0000][7][safepoint   ] Safepoint "Cleanup", Time since last: 3009726668 ns, Reaching safepoint: 597625 ns, At safepoint: 35667 ns, Total: 633292 ns
[2025-01-06T18:45:04.373+0000][7][safepoint   ] Safepoint "Cleanup", Time since last: 22798065761 ns, Reaching safepoint: 329541 ns, At safepoint: 15292 ns, Total: 344833 ns
[2025-01-06T18:45:09.387+0000][7][safepoint   ] Safepoint "Cleanup", Time since last: 5013568836 ns, Reaching safepoint: 459333 ns, At safepoint: 19292 ns, Total: 478625 ns
[2025-01-06T18:45:15.398+0000][7][safepoint   ] Safepoint "Cleanup", Time since last: 6009767211 ns, Reaching safepoint: 1535625 ns, At safepoint: 37166 ns, Total: 1572791 ns
[2025-01-06T18:45:28.439+0000][7][safepoint   ] Safepoint "Cleanup", Time since last: 13040286590 ns, Reaching safepoint: 646167 ns, At safepoint: 34083 ns, Total: 680250 ns
[2025-01-06T18:45:45.492+0000][7][safepoint   ] Safepoint "Cleanup", Time since last: 17063968174 ns, Reaching safepoint: 180750 ns, At safepoint: 19208 ns, Total: 199958 ns
[2025-01-06T18:45:49.507+0000][7][safepoint   ] Safepoint "Cleanup", Time since last: 4013785335 ns, Reaching safepoint: 1168375 ns, At safepoint: 31125 ns, Total: 1199500 ns
[2025-01-06T18:45:59.540+0000][7][safepoint   ] Safepoint "Cleanup", Time since last: 10031601255 ns, Reaching safepoint: 874500 ns, At safepoint: 28292 ns, Total: 902792 ns
[2025-01-06T18:46:06.564+0000][7][safepoint   ] Safepoint "Cleanup", Time since last: 7027121836 ns, Reaching safepoint: 689125 ns, At safepoint: 28958 ns, Total: 718083 ns
[2025-01-06T18:46:15.599+0000][7][safepoint   ] Safepoint "Cleanup", Time since last: 9035082171 ns, Reaching safepoint: 723834 ns, At safepoint: 32750 ns, Total: 756584 ns
[2025-01-06T18:46:17.604+0000][7][safepoint   ] Safepoint "Cleanup", Time since last: 2004173417 ns, Reaching safepoint: 767292 ns, At safepoint: 24875 ns, Total: 792167 ns
[2025-01-06T18:46:19.608+0000][7][safepoint   ] Safepoint "Cleanup", Time since last: 2003655251 ns, Reaching safepoint: 168958 ns, At safepoint: 7125 ns, Total: 176083 ns
[2025-01-06T18:46:21.367+0000][7][gc,heap,exit] Heap
[2025-01-06T18:46:21.367+0000][7][gc,heap,exit]  garbage-first heap   total 8388608K, used 457074K [0x0000000600000000, 0x0000000800000000)
[2025-01-06T18:46:21.367+0000][7][gc,heap,exit]   region size 4096K, 96 young (393216K), 5 survivors (20480K)
[2025-01-06T18:46:21.367+0000][7][gc,heap,exit]  Metaspace       used 106034K, committed 107648K, reserved 1146880K
[2025-01-06T18:46:21.367+0000][7][gc,heap,exit]   class space    used 14980K, committed 15616K, reserved 1048576K
