[2025-01-06T18:53:17.136+0000][7][gc] Using G1
[2025-01-06T18:53:17.203+0000][7][gc,init] Version: 17.0.2+8 (release)
[2025-01-06T18:53:17.203+0000][7][gc,init] CPUs: 10 total, 6 available
[2025-01-06T18:53:17.203+0000][7][gc,init] Memory: 16384M
[2025-01-06T18:53:17.203+0000][7][gc,init] Large Page Support: Disabled
[2025-01-06T18:53:17.203+0000][7][gc,init] NUMA Support: Disabled
[2025-01-06T18:53:17.203+0000][7][gc,init] Compressed Oops: Enabled (Zero based)
[2025-01-06T18:53:17.203+0000][7][gc,init] Heap Region Size: 4M
[2025-01-06T18:53:17.203+0000][7][gc,init] Heap Min Capacity: 8G
[2025-01-06T18:53:17.203+0000][7][gc,init] Heap Initial Capacity: 8G
[2025-01-06T18:53:17.203+0000][7][gc,init] Heap Max Capacity: 8G
[2025-01-06T18:53:17.204+0000][7][gc,init] Pre-touch: Enabled
[2025-01-06T18:53:17.204+0000][7][gc,init] Parallel Workers: 6
[2025-01-06T18:53:17.204+0000][7][gc,init] Concurrent Workers: 2
[2025-01-06T18:53:17.204+0000][7][gc,init] Concurrent Refinement Workers: 6
[2025-01-06T18:53:17.204+0000][7][gc,init] Periodic GC: Disabled
[2025-01-06T18:53:17.205+0000][7][gc,metaspace] CDS archive(s) mapped at: [0x0000000800000000-0x0000000800bd2000-0x0000000800bd2000), size 12394496, SharedBaseAddress: 0x0000000800000000, ArchiveRelocationMode: 0.
[2025-01-06T18:53:17.205+0000][7][gc,metaspace] Compressed class space mapped at: 0x0000000800c00000-0x0000000840c00000, reserved size: 1073741824
[2025-01-06T18:53:17.206+0000][7][gc,metaspace] Narrow klass base: 0x0000000800000000, Narrow klass shift: 0, Narrow klass range: 0x100000000
[2025-01-06T18:53:18.063+0000][7][safepoint   ] Safepoint "ICBufferFull", Time since last: 819886876 ns, Reaching safepoint: 933375 ns, At safepoint: 217208 ns, Total: 1150583 ns
[2025-01-06T18:53:18.606+0000][7][safepoint   ] Safepoint "ICBufferFull", Time since last: 542014375 ns, Reaching safepoint: 609959 ns, At safepoint: 8500 ns, Total: 618459 ns
[2025-01-06T18:53:19.225+0000][7][safepoint   ] Safepoint "ICBufferFull", Time since last: 618170458 ns, Reaching safepoint: 575042 ns, At safepoint: 14958 ns, Total: 590000 ns
[2025-01-06T18:53:19.926+0000][7][safepoint   ] Safepoint "ICBufferFull", Time since last: 699996709 ns, Reaching safepoint: 945667 ns, At safepoint: 4125 ns, Total: 949792 ns
[2025-01-06T18:53:19.984+0000][7][safepoint   ] Safepoint "ICBufferFull", Time since last: 56557500 ns, Reaching safepoint: 1424750 ns, At safepoint: 5750 ns, Total: 1430500 ns
[2025-01-06T18:53:19.997+0000][7][safepoint   ] Safepoint "ICBufferFull", Time since last: 13766416 ns, Reaching safepoint: 78167 ns, At safepoint: 3250 ns, Total: 81417 ns
[2025-01-06T18:53:20.000+0000][7][safepoint   ] Safepoint "ICBufferFull", Time since last: 829750 ns, Reaching safepoint: 1222833 ns, At safepoint: 5000 ns, Total: 1227833 ns
[2025-01-06T18:53:20.017+0000][7][safepoint   ] Safepoint "ICBufferFull", Time since last: 17525084 ns, Reaching safepoint: 67625 ns, At safepoint: 2375 ns, Total: 70000 ns
[2025-01-06T18:53:20.024+0000][7][safepoint   ] Safepoint "ICBufferFull", Time since last: 6904625 ns, Reaching safepoint: 59166 ns, At safepoint: 2000 ns, Total: 61166 ns
[2025-01-06T18:53:20.031+0000][7][safepoint   ] Safepoint "ICBufferFull", Time since last: 6963917 ns, Reaching safepoint: 58458 ns, At safepoint: 2042 ns, Total: 60500 ns
[2025-01-06T18:53:20.341+0000][7][safepoint   ] Safepoint "ICBufferFull", Time since last: 309498833 ns, Reaching safepoint: 517459 ns, At safepoint: 6791 ns, Total: 524250 ns
[2025-01-06T18:53:20.629+0000][7][gc,start    ] GC(0) Pause Young (Normal) (G1 Evacuation Pause)
[2025-01-06T18:53:20.629+0000][7][gc,task     ] GC(0) Using 6 workers of 6 for evacuation
[2025-01-06T18:53:20.630+0000][7][gc,age      ] GC(0) Desired survivor size 27262976 bytes, new threshold 15 (max threshold 15)
[2025-01-06T18:53:20.693+0000][7][gc,age      ] GC(0) Age table with threshold 15 (max threshold 15)
[2025-01-06T18:53:20.693+0000][7][gc,age      ] GC(0) - age   1:   13626600 bytes,   13626600 total
[2025-01-06T18:53:20.696+0000][7][gc,phases   ] GC(0)   Pre Evacuate Collection Set: 1.4ms
[2025-01-06T18:53:20.696+0000][7][gc,phases   ] GC(0)   Merge Heap Roots: 5.6ms
[2025-01-06T18:53:20.696+0000][7][gc,phases   ] GC(0)   Evacuate Collection Set: 45.9ms
[2025-01-06T18:53:20.697+0000][7][gc,phases   ] GC(0)   Post Evacuate Collection Set: 9.6ms
[2025-01-06T18:53:20.697+0000][7][gc,phases   ] GC(0)   Other: 4.3ms
[2025-01-06T18:53:20.697+0000][7][gc,heap     ] GC(0) Eden regions: 102->0(98)
[2025-01-06T18:53:20.697+0000][7][gc,heap     ] GC(0) Survivor regions: 0->4(13)
[2025-01-06T18:53:20.697+0000][7][gc,heap     ] GC(0) Old regions: 0->0
[2025-01-06T18:53:20.697+0000][7][gc,heap     ] GC(0) Archive regions: 2->2
[2025-01-06T18:53:20.698+0000][7][gc,heap     ] GC(0) Humongous regions: 0->0
[2025-01-06T18:53:20.698+0000][7][gc,metaspace] GC(0) Metaspace: 18674K(19072K)->18674K(19072K) NonClass: 16402K(16640K)->16402K(16640K) Class: 2271K(2432K)->2271K(2432K)
[2025-01-06T18:53:20.698+0000][7][gc          ] GC(0) Pause Young (Normal) (G1 Evacuation Pause) 411M->17M(8192M) 69.564ms
[2025-01-06T18:53:20.699+0000][7][gc,cpu      ] GC(0) User=0.06s Sys=0.01s Real=0.07s
[2025-01-06T18:53:20.699+0000][7][safepoint   ] Safepoint "G1CollectForAllocation", Time since last: 285328709 ns, Reaching safepoint: 346917 ns, At safepoint: 71868291 ns, Total: 72215208 ns
[2025-01-06T18:53:21.251+0000][7][gc,start    ] GC(1) Pause Young (Normal) (G1 Evacuation Pause)
[2025-01-06T18:53:21.251+0000][7][gc,task     ] GC(1) Using 6 workers of 6 for evacuation
[2025-01-06T18:53:21.251+0000][7][gc,age      ] GC(1) Desired survivor size 27262976 bytes, new threshold 15 (max threshold 15)
[2025-01-06T18:53:21.264+0000][7][gc,age      ] GC(1) Age table with threshold 15 (max threshold 15)
[2025-01-06T18:53:21.264+0000][7][gc,age      ] GC(1) - age   1:    2852640 bytes,    2852640 total
[2025-01-06T18:53:21.264+0000][7][gc,age      ] GC(1) - age   2:   13274968 bytes,   16127608 total
[2025-01-06T18:53:21.264+0000][7][gc,phases   ] GC(1)   Pre Evacuate Collection Set: 0.2ms
[2025-01-06T18:53:21.264+0000][7][gc,phases   ] GC(1)   Merge Heap Roots: 0.1ms
[2025-01-06T18:53:21.264+0000][7][gc,phases   ] GC(1)   Evacuate Collection Set: 11.9ms
[2025-01-06T18:53:21.264+0000][7][gc,phases   ] GC(1)   Post Evacuate Collection Set: 0.7ms
[2025-01-06T18:53:21.264+0000][7][gc,phases   ] GC(1)   Other: 0.6ms
[2025-01-06T18:53:21.264+0000][7][gc,heap     ] GC(1) Eden regions: 98->0(97)
[2025-01-06T18:53:21.264+0000][7][gc,heap     ] GC(1) Survivor regions: 4->5(13)
[2025-01-06T18:53:21.264+0000][7][gc,heap     ] GC(1) Old regions: 0->0
[2025-01-06T18:53:21.265+0000][7][gc,heap     ] GC(1) Archive regions: 2->2
[2025-01-06T18:53:21.265+0000][7][gc,heap     ] GC(1) Humongous regions: 0->0
[2025-01-06T18:53:21.265+0000][7][gc,metaspace] GC(1) Metaspace: 19786K(20160K)->19786K(20160K) NonClass: 17362K(17600K)->17362K(17600K) Class: 2423K(2560K)->2423K(2560K)
[2025-01-06T18:53:21.265+0000][7][gc          ] GC(1) Pause Young (Normal) (G1 Evacuation Pause) 409M->20M(8192M) 13.946ms
[2025-01-06T18:53:21.265+0000][7][gc,cpu      ] GC(1) User=0.03s Sys=0.01s Real=0.02s
[2025-01-06T18:53:21.265+0000][7][safepoint   ] Safepoint "G1CollectForAllocation", Time since last: 551475376 ns, Reaching safepoint: 514916 ns, At safepoint: 14082250 ns, Total: 14597166 ns
[2025-01-06T18:53:21.704+0000][7][gc,start    ] GC(2) Pause Young (Concurrent Start) (Metadata GC Threshold)
[2025-01-06T18:53:21.704+0000][7][gc,task     ] GC(2) Using 6 workers of 6 for evacuation
[2025-01-06T18:53:21.704+0000][7][gc,age      ] GC(2) Desired survivor size 27262976 bytes, new threshold 15 (max threshold 15)
[2025-01-06T18:53:21.717+0000][7][gc,age      ] GC(2) Age table with threshold 15 (max threshold 15)
[2025-01-06T18:53:21.717+0000][7][gc,age      ] GC(2) - age   1:    2431168 bytes,    2431168 total
[2025-01-06T18:53:21.717+0000][7][gc,age      ] GC(2) - age   2:    2433760 bytes,    4864928 total
[2025-01-06T18:53:21.717+0000][7][gc,age      ] GC(2) - age   3:   13267272 bytes,   18132200 total
[2025-01-06T18:53:21.717+0000][7][gc,phases   ] GC(2)   Pre Evacuate Collection Set: 0.2ms
[2025-01-06T18:53:21.717+0000][7][gc,phases   ] GC(2)   Merge Heap Roots: 0.1ms
[2025-01-06T18:53:21.717+0000][7][gc,phases   ] GC(2)   Evacuate Collection Set: 11.8ms
[2025-01-06T18:53:21.717+0000][7][gc,phases   ] GC(2)   Post Evacuate Collection Set: 0.7ms
[2025-01-06T18:53:21.717+0000][7][gc,phases   ] GC(2)   Other: 0.8ms
[2025-01-06T18:53:21.717+0000][7][gc,heap     ] GC(2) Eden regions: 79->0(97)
[2025-01-06T18:53:21.717+0000][7][gc,heap     ] GC(2) Survivor regions: 5->5(13)
[2025-01-06T18:53:21.717+0000][7][gc,heap     ] GC(2) Old regions: 0->0
[2025-01-06T18:53:21.717+0000][7][gc,heap     ] GC(2) Archive regions: 2->2
[2025-01-06T18:53:21.718+0000][7][gc,heap     ] GC(2) Humongous regions: 0->0
[2025-01-06T18:53:21.718+0000][7][gc,metaspace] GC(2) Metaspace: 21021K(21504K)->21021K(21504K) NonClass: 18433K(18752K)->18433K(18752K) Class: 2588K(2752K)->2588K(2752K)
[2025-01-06T18:53:21.718+0000][7][gc          ] GC(2) Pause Young (Concurrent Start) (Metadata GC Threshold) 334M->22M(8192M) 14.099ms
[2025-01-06T18:53:21.718+0000][7][gc,cpu      ] GC(2) User=0.03s Sys=0.01s Real=0.02s
[2025-01-06T18:53:21.718+0000][7][gc          ] GC(3) Concurrent Mark Cycle
[2025-01-06T18:53:21.718+0000][7][safepoint   ] Safepoint "CollectForMetadataAllocation", Time since last: 438117292 ns, Reaching safepoint: 557375 ns, At safepoint: 14549583 ns, Total: 15106958 ns
[2025-01-06T18:53:21.718+0000][7][gc,marking  ] GC(3) Concurrent Clear Claimed Marks
[2025-01-06T18:53:21.723+0000][7][gc,marking  ] GC(3) Concurrent Clear Claimed Marks 4.333ms
[2025-01-06T18:53:21.723+0000][7][gc,marking  ] GC(3) Concurrent Scan Root Regions
[2025-01-06T18:53:21.727+0000][7][gc,marking  ] GC(3) Concurrent Scan Root Regions 3.948ms
[2025-01-06T18:53:21.727+0000][7][gc,marking  ] GC(3) Concurrent Mark
[2025-01-06T18:53:21.727+0000][7][gc,marking  ] GC(3) Concurrent Mark From Roots
[2025-01-06T18:53:21.727+0000][7][gc,task     ] GC(3) Using 2 workers of 2 for marking
[2025-01-06T18:53:21.732+0000][7][gc,marking  ] GC(3) Concurrent Mark From Roots 4.555ms
[2025-01-06T18:53:21.732+0000][7][gc,marking  ] GC(3) Concurrent Preclean
[2025-01-06T18:53:21.733+0000][7][gc,marking  ] GC(3) Concurrent Preclean 0.739ms
[2025-01-06T18:53:21.734+0000][7][gc,start    ] GC(3) Pause Remark
[2025-01-06T18:53:21.773+0000][7][gc          ] GC(3) Pause Remark 24M->24M(8192M) 39.626ms
[2025-01-06T18:53:21.773+0000][7][gc,cpu      ] GC(3) User=0.02s Sys=0.02s Real=0.04s
[2025-01-06T18:53:21.773+0000][7][safepoint   ] Safepoint "G1Concurrent", Time since last: 14903834 ns, Reaching safepoint: 540791 ns, At safepoint: 39927042 ns, Total: 40467833 ns
[2025-01-06T18:53:21.774+0000][7][gc,marking  ] GC(3) Concurrent Mark 46.691ms
[2025-01-06T18:53:21.774+0000][7][gc,marking  ] GC(3) Concurrent Rebuild Remembered Sets
[2025-01-06T18:53:21.774+0000][7][gc,marking  ] GC(3) Concurrent Rebuild Remembered Sets 0.170ms
[2025-01-06T18:53:21.774+0000][7][gc,start    ] GC(3) Pause Cleanup
[2025-01-06T18:53:21.775+0000][7][gc          ] GC(3) Pause Cleanup 24M->24M(8192M) 0.147ms
[2025-01-06T18:53:21.775+0000][7][gc,cpu      ] GC(3) User=0.00s Sys=0.00s Real=0.00s
[2025-01-06T18:53:21.775+0000][7][safepoint   ] Safepoint "G1Concurrent", Time since last: 728959 ns, Reaching safepoint: 263291 ns, At safepoint: 278292 ns, Total: 541583 ns
[2025-01-06T18:53:21.781+0000][7][gc,marking  ] GC(3) Concurrent Cleanup for Next Mark
[2025-01-06T18:53:21.785+0000][7][gc,marking  ] GC(3) Concurrent Cleanup for Next Mark 3.336ms
[2025-01-06T18:53:21.785+0000][7][gc          ] GC(3) Concurrent Mark Cycle 67.416ms
[2025-01-06T18:53:22.402+0000][7][safepoint   ] Safepoint "ICBufferFull", Time since last: 625790875 ns, Reaching safepoint: 1808583 ns, At safepoint: 15584 ns, Total: 1824167 ns
[2025-01-06T18:53:22.452+0000][7][safepoint   ] Safepoint "ICBufferFull", Time since last: 49539583 ns, Reaching safepoint: 163458 ns, At safepoint: 3500 ns, Total: 166958 ns
[2025-01-06T18:53:22.458+0000][7][safepoint   ] Safepoint "ICBufferFull", Time since last: 5760625 ns, Reaching safepoint: 81000 ns, At safepoint: 2709 ns, Total: 83709 ns
[2025-01-06T18:53:22.463+0000][7][safepoint   ] Safepoint "ICBufferFull", Time since last: 5549500 ns, Reaching safepoint: 85958 ns, At safepoint: 5125 ns, Total: 91083 ns
[2025-01-06T18:53:22.482+0000][7][safepoint   ] Safepoint "ICBufferFull", Time since last: 18715459 ns, Reaching safepoint: 116958 ns, At safepoint: 3125 ns, Total: 120083 ns
[2025-01-06T18:53:22.488+0000][7][safepoint   ] Safepoint "ICBufferFull", Time since last: 5704125 ns, Reaching safepoint: 81292 ns, At safepoint: 2791 ns, Total: 84083 ns
[2025-01-06T18:53:22.586+0000][7][safepoint   ] Safepoint "ICBufferFull", Time since last: 97813375 ns, Reaching safepoint: 132750 ns, At safepoint: 3584 ns, Total: 136334 ns
[2025-01-06T18:53:22.598+0000][7][safepoint   ] Safepoint "ICBufferFull", Time since last: 11828416 ns, Reaching safepoint: 216584 ns, At safepoint: 3583 ns, Total: 220167 ns
[2025-01-06T18:53:22.850+0000][7][safepoint   ] Safepoint "ICBufferFull", Time since last: 250192500 ns, Reaching safepoint: 1844250 ns, At safepoint: 12917 ns, Total: 1857167 ns
[2025-01-06T18:53:23.711+0000][7][safepoint   ] Safepoint "ICBufferFull", Time since last: 860655542 ns, Reaching safepoint: 691916 ns, At safepoint: 9667 ns, Total: 701583 ns
[2025-01-06T18:53:23.800+0000][7][gc,start    ] GC(4) Pause Young (Normal) (G1 Evacuation Pause)
[2025-01-06T18:53:23.800+0000][7][gc,task     ] GC(4) Using 6 workers of 6 for evacuation
[2025-01-06T18:53:23.800+0000][7][gc,age      ] GC(4) Desired survivor size 27262976 bytes, new threshold 15 (max threshold 15)
[2025-01-06T18:53:23.825+0000][7][gc,age      ] GC(4) Age table with threshold 15 (max threshold 15)
[2025-01-06T18:53:23.825+0000][7][gc,age      ] GC(4) - age   1:   20433568 bytes,   20433568 total
[2025-01-06T18:53:23.825+0000][7][gc,age      ] GC(4) - age   2:    2353056 bytes,   22786624 total
[2025-01-06T18:53:23.825+0000][7][gc,age      ] GC(4) - age   3:    2411240 bytes,   25197864 total
[2025-01-06T18:53:23.825+0000][7][gc,age      ] GC(4) - age   4:   13098504 bytes,   38296368 total
[2025-01-06T18:53:23.826+0000][7][gc,phases   ] GC(4)   Pre Evacuate Collection Set: 0.1ms
[2025-01-06T18:53:23.826+0000][7][gc,phases   ] GC(4)   Merge Heap Roots: 0.1ms
[2025-01-06T18:53:23.826+0000][7][gc,phases   ] GC(4)   Evacuate Collection Set: 23.2ms
[2025-01-06T18:53:23.826+0000][7][gc,phases   ] GC(4)   Post Evacuate Collection Set: 1.1ms
[2025-01-06T18:53:23.826+0000][7][gc,phases   ] GC(4)   Other: 0.9ms
[2025-01-06T18:53:23.826+0000][7][gc,heap     ] GC(4) Eden regions: 97->0(104)
[2025-01-06T18:53:23.826+0000][7][gc,heap     ] GC(4) Survivor regions: 5->10(13)
[2025-01-06T18:53:23.826+0000][7][gc,heap     ] GC(4) Old regions: 0->0
[2025-01-06T18:53:23.826+0000][7][gc,heap     ] GC(4) Archive regions: 2->2
[2025-01-06T18:53:23.826+0000][7][gc,heap     ] GC(4) Humongous regions: 0->0
[2025-01-06T18:53:23.826+0000][7][gc,metaspace] GC(4) Metaspace: 30746K(31616K)->30746K(31616K) NonClass: 26803K(27328K)->26803K(27328K) Class: 3943K(4288K)->3943K(4288K)
[2025-01-06T18:53:23.826+0000][7][gc          ] GC(4) Pause Young (Normal) (G1 Evacuation Pause) 410M->41M(8192M) 25.969ms
[2025-01-06T18:53:23.826+0000][7][gc,cpu      ] GC(4) User=0.07s Sys=0.01s Real=0.03s
[2025-01-06T18:53:23.826+0000][7][safepoint   ] Safepoint "G1CollectForAllocation", Time since last: 88478458 ns, Reaching safepoint: 162875 ns, At safepoint: 26120667 ns, Total: 26283542 ns
[2025-01-06T18:53:24.490+0000][7][gc,start    ] GC(5) Pause Young (Concurrent Start) (Metadata GC Threshold)
[2025-01-06T18:53:24.490+0000][7][gc,task     ] GC(5) Using 6 workers of 6 for evacuation
[2025-01-06T18:53:24.490+0000][7][gc,age      ] GC(5) Desired survivor size 31457280 bytes, new threshold 4 (max threshold 15)
[2025-01-06T18:53:24.512+0000][7][gc,age      ] GC(5) Age table with threshold 4 (max threshold 15)
[2025-01-06T18:53:24.512+0000][7][gc,age      ] GC(5) - age   1:    7750504 bytes,    7750504 total
[2025-01-06T18:53:24.512+0000][7][gc,age      ] GC(5) - age   2:   20119352 bytes,   27869856 total
[2025-01-06T18:53:24.512+0000][7][gc,age      ] GC(5) - age   3:    2352056 bytes,   30221912 total
[2025-01-06T18:53:24.512+0000][7][gc,age      ] GC(5) - age   4:    2411208 bytes,   32633120 total
[2025-01-06T18:53:24.513+0000][7][gc,phases   ] GC(5)   Pre Evacuate Collection Set: 0.2ms
[2025-01-06T18:53:24.513+0000][7][gc,phases   ] GC(5)   Merge Heap Roots: 0.1ms
[2025-01-06T18:53:24.513+0000][7][gc,phases   ] GC(5)   Evacuate Collection Set: 20.2ms
[2025-01-06T18:53:24.513+0000][7][gc,phases   ] GC(5)   Post Evacuate Collection Set: 1.0ms
[2025-01-06T18:53:24.513+0000][7][gc,phases   ] GC(5)   Other: 1.0ms
[2025-01-06T18:53:24.513+0000][7][gc,heap     ] GC(5) Eden regions: 23->0(93)
[2025-01-06T18:53:24.513+0000][7][gc,heap     ] GC(5) Survivor regions: 10->9(15)
[2025-01-06T18:53:24.513+0000][7][gc,heap     ] GC(5) Old regions: 0->4
[2025-01-06T18:53:24.513+0000][7][gc,heap     ] GC(5) Archive regions: 2->2
[2025-01-06T18:53:24.513+0000][7][gc,heap     ] GC(5) Humongous regions: 0->0
[2025-01-06T18:53:24.513+0000][7][gc,metaspace] GC(5) Metaspace: 35023K(35968K)->35023K(35968K) NonClass: 30382K(30976K)->30382K(30976K) Class: 4640K(4992K)->4640K(4992K)
[2025-01-06T18:53:24.513+0000][7][gc          ] GC(5) Pause Young (Concurrent Start) (Metadata GC Threshold) 133M->50M(8192M) 23.037ms
[2025-01-06T18:53:24.513+0000][7][gc,cpu      ] GC(5) User=0.08s Sys=0.01s Real=0.02s
[2025-01-06T18:53:24.513+0000][7][gc          ] GC(6) Concurrent Mark Cycle
[2025-01-06T18:53:24.513+0000][7][gc,marking  ] GC(6) Concurrent Clear Claimed Marks
[2025-01-06T18:53:24.513+0000][7][safepoint   ] Safepoint "CollectForMetadataAllocation", Time since last: 663140167 ns, Reaching safepoint: 679000 ns, At safepoint: 23260917 ns, Total: 23939917 ns
[2025-01-06T18:53:24.514+0000][7][gc,marking  ] GC(6) Concurrent Clear Claimed Marks 0.182ms
[2025-01-06T18:53:24.514+0000][7][gc,marking  ] GC(6) Concurrent Scan Root Regions
[2025-01-06T18:53:24.521+0000][7][gc,marking  ] GC(6) Concurrent Scan Root Regions 7.659ms
[2025-01-06T18:53:24.522+0000][7][gc,marking  ] GC(6) Concurrent Mark
[2025-01-06T18:53:24.523+0000][7][gc,marking  ] GC(6) Concurrent Mark From Roots
[2025-01-06T18:53:24.525+0000][7][gc,task     ] GC(6) Using 2 workers of 2 for marking
[2025-01-06T18:53:24.527+0000][7][gc,marking  ] GC(6) Concurrent Mark From Roots 4.084ms
[2025-01-06T18:53:24.528+0000][7][gc,marking  ] GC(6) Concurrent Preclean
[2025-01-06T18:53:24.529+0000][7][gc,marking  ] GC(6) Concurrent Preclean 1.028ms
[2025-01-06T18:53:24.530+0000][7][gc,start    ] GC(6) Pause Remark
[2025-01-06T18:53:24.557+0000][7][gc          ] GC(6) Pause Remark 52M->52M(8192M) 26.152ms
[2025-01-06T18:53:24.557+0000][7][gc,cpu      ] GC(6) User=0.01s Sys=0.01s Real=0.03s
[2025-01-06T18:53:24.557+0000][7][safepoint   ] Safepoint "G1Concurrent", Time since last: 17007291 ns, Reaching safepoint: 74334 ns, At safepoint: 26328416 ns, Total: 26402750 ns
[2025-01-06T18:53:24.557+0000][7][gc,marking  ] GC(6) Concurrent Mark 35.303ms
[2025-01-06T18:53:24.557+0000][7][gc,marking  ] GC(6) Concurrent Rebuild Remembered Sets
[2025-01-06T18:53:24.565+0000][7][gc,marking  ] GC(6) Concurrent Rebuild Remembered Sets 8.060ms
[2025-01-06T18:53:24.565+0000][7][gc,start    ] GC(6) Pause Cleanup
[2025-01-06T18:53:24.566+0000][7][gc          ] GC(6) Pause Cleanup 52M->52M(8192M) 1.080ms
[2025-01-06T18:53:24.566+0000][7][gc,cpu      ] GC(6) User=0.00s Sys=0.00s Real=0.00s
[2025-01-06T18:53:24.567+0000][7][safepoint   ] Safepoint "G1Concurrent", Time since last: 8326709 ns, Reaching safepoint: 281916 ns, At safepoint: 1201459 ns, Total: 1483375 ns
[2025-01-06T18:53:24.567+0000][7][gc,marking  ] GC(6) Concurrent Cleanup for Next Mark
[2025-01-06T18:53:24.569+0000][7][gc,marking  ] GC(6) Concurrent Cleanup for Next Mark 2.674ms
[2025-01-06T18:53:24.569+0000][7][gc          ] GC(6) Concurrent Mark Cycle 56.194ms
[2025-01-06T18:53:25.575+0000][7][safepoint   ] Safepoint "Cleanup", Time since last: 1007294042 ns, Reaching safepoint: 730167 ns, At safepoint: 17666 ns, Total: 747833 ns
[2025-01-06T18:53:25.978+0000][7][safepoint   ] Safepoint "ICBufferFull", Time since last: 402509292 ns, Reaching safepoint: 539334 ns, At safepoint: 8041 ns, Total: 547375 ns
[2025-01-06T18:53:26.974+0000][7][safepoint   ] Safepoint "ICBufferFull", Time since last: 995687501 ns, Reaching safepoint: 635458 ns, At safepoint: 3375 ns, Total: 638833 ns
[2025-01-06T18:53:27.231+0000][7][gc,start    ] GC(7) Pause Young (Normal) (G1 Evacuation Pause)
[2025-01-06T18:53:27.231+0000][7][gc,task     ] GC(7) Using 6 workers of 6 for evacuation
[2025-01-06T18:53:27.231+0000][7][gc,age      ] GC(7) Desired survivor size 27262976 bytes, new threshold 2 (max threshold 15)
[2025-01-06T18:53:27.244+0000][7][gc,age      ] GC(7) Age table with threshold 2 (max threshold 15)
[2025-01-06T18:53:27.244+0000][7][gc,age      ] GC(7) - age   1:    9516376 bytes,    9516376 total
[2025-01-06T18:53:27.244+0000][7][gc,age      ] GC(7) - age   2:    7661128 bytes,   17177504 total
[2025-01-06T18:53:27.245+0000][7][gc,phases   ] GC(7)   Pre Evacuate Collection Set: 0.1ms
[2025-01-06T18:53:27.245+0000][7][gc,phases   ] GC(7)   Merge Heap Roots: 0.1ms
[2025-01-06T18:53:27.245+0000][7][gc,phases   ] GC(7)   Evacuate Collection Set: 11.7ms
[2025-01-06T18:53:27.245+0000][7][gc,phases   ] GC(7)   Post Evacuate Collection Set: 1.2ms
[2025-01-06T18:53:27.245+0000][7][gc,phases   ] GC(7)   Other: 0.7ms
[2025-01-06T18:53:27.245+0000][7][gc,heap     ] GC(7) Eden regions: 93->0(148)
[2025-01-06T18:53:27.245+0000][7][gc,heap     ] GC(7) Survivor regions: 9->5(13)
[2025-01-06T18:53:27.245+0000][7][gc,heap     ] GC(7) Old regions: 4->10
[2025-01-06T18:53:27.245+0000][7][gc,heap     ] GC(7) Archive regions: 2->2
[2025-01-06T18:53:27.245+0000][7][gc,heap     ] GC(7) Humongous regions: 0->0
[2025-01-06T18:53:27.245+0000][7][gc,metaspace] GC(7) Metaspace: 58416K(59648K)->58416K(59648K) NonClass: 50455K(51200K)->50455K(51200K) Class: 7961K(8448K)->7961K(8448K)
[2025-01-06T18:53:27.245+0000][7][gc          ] GC(7) Pause Young (Normal) (G1 Evacuation Pause) 422M->60M(8192M) 14.319ms
[2025-01-06T18:53:27.245+0000][7][gc,cpu      ] GC(7) User=0.05s Sys=0.00s Real=0.02s
[2025-01-06T18:53:27.245+0000][7][safepoint   ] Safepoint "G1CollectForAllocation", Time since last: 256269250 ns, Reaching safepoint: 424792 ns, At safepoint: 14471666 ns, Total: 14896458 ns
[2025-01-06T18:53:27.630+0000][7][gc,start    ] GC(8) Pause Young (Concurrent Start) (Metadata GC Threshold)
[2025-01-06T18:53:27.630+0000][7][gc,task     ] GC(8) Using 6 workers of 6 for evacuation
[2025-01-06T18:53:27.630+0000][7][gc,age      ] GC(8) Desired survivor size 39845888 bytes, new threshold 15 (max threshold 15)
[2025-01-06T18:53:27.635+0000][7][gc,age      ] GC(8) Age table with threshold 15 (max threshold 15)
[2025-01-06T18:53:27.636+0000][7][gc,age      ] GC(8) - age   1:     309920 bytes,     309920 total
[2025-01-06T18:53:27.636+0000][7][gc,age      ] GC(8) - age   2:    9315760 bytes,    9625680 total
[2025-01-06T18:53:27.636+0000][7][gc,age      ] GC(8) - age   3:    7661128 bytes,   17286808 total
[2025-01-06T18:53:27.636+0000][7][gc,phases   ] GC(8)   Pre Evacuate Collection Set: 0.2ms
[2025-01-06T18:53:27.636+0000][7][gc,phases   ] GC(8)   Merge Heap Roots: 0.2ms
[2025-01-06T18:53:27.636+0000][7][gc,phases   ] GC(8)   Evacuate Collection Set: 4.6ms
[2025-01-06T18:53:27.636+0000][7][gc,phases   ] GC(8)   Post Evacuate Collection Set: 0.5ms
[2025-01-06T18:53:27.636+0000][7][gc,phases   ] GC(8)   Other: 0.7ms
[2025-01-06T18:53:27.636+0000][7][gc,heap     ] GC(8) Eden regions: 4->0(173)
[2025-01-06T18:53:27.636+0000][7][gc,heap     ] GC(8) Survivor regions: 5->5(19)
[2025-01-06T18:53:27.636+0000][7][gc,heap     ] GC(8) Old regions: 10->10
[2025-01-06T18:53:27.636+0000][7][gc,heap     ] GC(8) Archive regions: 2->2
[2025-01-06T18:53:27.636+0000][7][gc,heap     ] GC(8) Humongous regions: 0->0
[2025-01-06T18:53:27.636+0000][7][gc,metaspace] GC(8) Metaspace: 59220K(60480K)->59220K(60480K) NonClass: 51162K(51904K)->51162K(51904K) Class: 8057K(8576K)->8057K(8576K)
[2025-01-06T18:53:27.636+0000][7][gc          ] GC(8) Pause Young (Concurrent Start) (Metadata GC Threshold) 75M->59M(8192M) 6.643ms
[2025-01-06T18:53:27.636+0000][7][gc,cpu      ] GC(8) User=0.03s Sys=0.00s Real=0.01s
[2025-01-06T18:53:27.637+0000][7][safepoint   ] Safepoint "CollectForMetadataAllocation", Time since last: 384298251 ns, Reaching safepoint: 223750 ns, At safepoint: 6888541 ns, Total: 7112291 ns
[2025-01-06T18:53:27.637+0000][7][gc          ] GC(9) Concurrent Mark Cycle
[2025-01-06T18:53:27.637+0000][7][gc,marking  ] GC(9) Concurrent Clear Claimed Marks
[2025-01-06T18:53:27.637+0000][7][gc,marking  ] GC(9) Concurrent Clear Claimed Marks 0.101ms
[2025-01-06T18:53:27.637+0000][7][gc,marking  ] GC(9) Concurrent Scan Root Regions
[2025-01-06T18:53:27.641+0000][7][gc,marking  ] GC(9) Concurrent Scan Root Regions 4.211ms
[2025-01-06T18:53:27.641+0000][7][gc,marking  ] GC(9) Concurrent Mark
[2025-01-06T18:53:27.641+0000][7][gc,marking  ] GC(9) Concurrent Mark From Roots
[2025-01-06T18:53:27.641+0000][7][gc,task     ] GC(9) Using 2 workers of 2 for marking
[2025-01-06T18:53:27.660+0000][7][gc,marking  ] GC(9) Concurrent Mark From Roots 18.447ms
[2025-01-06T18:53:27.660+0000][7][gc,marking  ] GC(9) Concurrent Preclean
[2025-01-06T18:53:27.660+0000][7][gc,marking  ] GC(9) Concurrent Preclean 0.272ms
[2025-01-06T18:53:27.660+0000][7][gc,start    ] GC(9) Pause Remark
[2025-01-06T18:53:27.716+0000][7][gc          ] GC(9) Pause Remark 63M->63M(8192M) 55.332ms
[2025-01-06T18:53:27.716+0000][7][gc,cpu      ] GC(9) User=0.02s Sys=0.03s Real=0.06s
[2025-01-06T18:53:27.716+0000][7][safepoint   ] Safepoint "G1Concurrent", Time since last: 23562792 ns, Reaching safepoint: 363750 ns, At safepoint: 55565625 ns, Total: 55929375 ns
[2025-01-06T18:53:27.716+0000][7][gc,marking  ] GC(9) Concurrent Mark 74.986ms
[2025-01-06T18:53:27.716+0000][7][gc,marking  ] GC(9) Concurrent Rebuild Remembered Sets
[2025-01-06T18:53:27.728+0000][7][gc,marking  ] GC(9) Concurrent Rebuild Remembered Sets 12.111ms
[2025-01-06T18:53:27.730+0000][7][gc,start    ] GC(9) Pause Cleanup
[2025-01-06T18:53:27.730+0000][7][gc          ] GC(9) Pause Cleanup 63M->63M(8192M) 0.295ms
[2025-01-06T18:53:27.730+0000][7][gc,cpu      ] GC(9) User=0.00s Sys=0.00s Real=0.00s
[2025-01-06T18:53:27.730+0000][7][safepoint   ] Safepoint "G1Concurrent", Time since last: 12390125 ns, Reaching safepoint: 1103792 ns, At safepoint: 490500 ns, Total: 1594292 ns
[2025-01-06T18:53:27.730+0000][7][gc,marking  ] GC(9) Concurrent Cleanup for Next Mark
[2025-01-06T18:53:27.732+0000][7][gc,marking  ] GC(9) Concurrent Cleanup for Next Mark 2.192ms
[2025-01-06T18:53:27.732+0000][7][gc          ] GC(9) Concurrent Mark Cycle 95.883ms
[2025-01-06T18:53:28.459+0000][7][safepoint   ] Safepoint "ICBufferFull", Time since last: 728072792 ns, Reaching safepoint: 788625 ns, At safepoint: 13458 ns, Total: 802083 ns
[2025-01-06T18:53:29.473+0000][7][safepoint   ] Safepoint "Cleanup", Time since last: 1012582751 ns, Reaching safepoint: 1783250 ns, At safepoint: 12583 ns, Total: 1795833 ns
[2025-01-06T18:53:30.081+0000][7][safepoint   ] Safepoint "ICBufferFull", Time since last: 607470125 ns, Reaching safepoint: 740292 ns, At safepoint: 4833 ns, Total: 745125 ns
[2025-01-06T18:53:30.433+0000][7][safepoint   ] Safepoint "ICBufferFull", Time since last: 350862542 ns, Reaching safepoint: 718583 ns, At safepoint: 4292 ns, Total: 722875 ns
[2025-01-06T18:53:30.814+0000][7][safepoint   ] Safepoint "ICBufferFull", Time since last: 379866667 ns, Reaching safepoint: 713333 ns, At safepoint: 4833 ns, Total: 718166 ns
[2025-01-06T18:53:31.289+0000][7][safepoint   ] Safepoint "ICBufferFull", Time since last: 474586626 ns, Reaching safepoint: 1121125 ns, At safepoint: 14000 ns, Total: 1135125 ns
[2025-01-06T18:53:31.747+0000][7][safepoint   ] Safepoint "ICBufferFull", Time since last: 456629542 ns, Reaching safepoint: 1175416 ns, At safepoint: 20125 ns, Total: 1195541 ns
[2025-01-06T18:53:32.240+0000][7][gc,start    ] GC(10) Pause Young (Concurrent Start) (Metadata GC Threshold)
[2025-01-06T18:53:32.240+0000][7][gc,task     ] GC(10) Using 6 workers of 6 for evacuation
[2025-01-06T18:53:32.240+0000][7][gc,age      ] GC(10) Desired survivor size 48234496 bytes, new threshold 15 (max threshold 15)
[2025-01-06T18:53:32.264+0000][7][gc,age      ] GC(10) Age table with threshold 15 (max threshold 15)
[2025-01-06T18:53:32.264+0000][7][gc,age      ] GC(10) - age   1:   18606104 bytes,   18606104 total
[2025-01-06T18:53:32.265+0000][7][gc,age      ] GC(10) - age   2:     281464 bytes,   18887568 total
[2025-01-06T18:53:32.265+0000][7][gc,age      ] GC(10) - age   3:    8964232 bytes,   27851800 total
[2025-01-06T18:53:32.265+0000][7][gc,age      ] GC(10) - age   4:    7633856 bytes,   35485656 total
[2025-01-06T18:53:32.265+0000][7][gc,phases   ] GC(10)   Pre Evacuate Collection Set: 0.2ms
[2025-01-06T18:53:32.265+0000][7][gc,phases   ] GC(10)   Merge Heap Roots: 0.3ms
[2025-01-06T18:53:32.265+0000][7][gc,phases   ] GC(10)   Evacuate Collection Set: 21.8ms
[2025-01-06T18:53:32.265+0000][7][gc,phases   ] GC(10)   Post Evacuate Collection Set: 1.4ms
[2025-01-06T18:53:32.265+0000][7][gc,phases   ] GC(10)   Other: 0.8ms
[2025-01-06T18:53:32.265+0000][7][gc,heap     ] GC(10) Eden regions: 107->0(146)
[2025-01-06T18:53:32.265+0000][7][gc,heap     ] GC(10) Survivor regions: 5->9(23)
[2025-01-06T18:53:32.265+0000][7][gc,heap     ] GC(10) Old regions: 10->10
[2025-01-06T18:53:32.265+0000][7][gc,heap     ] GC(10) Archive regions: 2->2
[2025-01-06T18:53:32.265+0000][7][gc,heap     ] GC(10) Humongous regions: 2->2
[2025-01-06T18:53:32.265+0000][7][gc,metaspace] GC(10) Metaspace: 99445K(100928K)->99445K(100928K) NonClass: 85351K(86208K)->85351K(86208K) Class: 14093K(14720K)->14093K(14720K)
[2025-01-06T18:53:32.265+0000][7][gc          ] GC(10) Pause Young (Concurrent Start) (Metadata GC Threshold) 495M->84M(8192M) 25.079ms
[2025-01-06T18:53:32.265+0000][7][gc,cpu      ] GC(10) User=0.08s Sys=0.01s Real=0.03s
[2025-01-06T18:53:32.265+0000][7][gc          ] GC(11) Concurrent Mark Cycle
[2025-01-06T18:53:32.266+0000][7][gc,marking  ] GC(11) Concurrent Clear Claimed Marks
[2025-01-06T18:53:32.266+0000][7][gc,marking  ] GC(11) Concurrent Clear Claimed Marks 0.196ms
[2025-01-06T18:53:32.266+0000][7][gc,marking  ] GC(11) Concurrent Scan Root Regions
[2025-01-06T18:53:32.265+0000][7][safepoint   ] Safepoint "CollectForMetadataAllocation", Time since last: 491512334 ns, Reaching safepoint: 1419125 ns, At safepoint: 25362500 ns, Total: 26781625 ns
[2025-01-06T18:53:32.275+0000][7][gc,marking  ] GC(11) Concurrent Scan Root Regions 8.734ms
[2025-01-06T18:53:32.275+0000][7][gc,marking  ] GC(11) Concurrent Mark
[2025-01-06T18:53:32.275+0000][7][gc,marking  ] GC(11) Concurrent Mark From Roots
[2025-01-06T18:53:32.275+0000][7][gc,task     ] GC(11) Using 2 workers of 2 for marking
[2025-01-06T18:53:32.293+0000][7][gc,marking  ] GC(11) Concurrent Mark From Roots 17.846ms
[2025-01-06T18:53:32.293+0000][7][gc,marking  ] GC(11) Concurrent Preclean
[2025-01-06T18:53:32.293+0000][7][gc,marking  ] GC(11) Concurrent Preclean 0.259ms
[2025-01-06T18:53:32.295+0000][7][gc,start    ] GC(11) Pause Remark
[2025-01-06T18:53:32.384+0000][7][gc          ] GC(11) Pause Remark 89M->89M(8192M) 89.627ms
[2025-01-06T18:53:32.384+0000][7][gc,cpu      ] GC(11) User=0.05s Sys=0.03s Real=0.09s
[2025-01-06T18:53:32.385+0000][7][safepoint   ] Safepoint "G1Concurrent", Time since last: 27743500 ns, Reaching safepoint: 1422708 ns, At safepoint: 89888375 ns, Total: 91311083 ns
[2025-01-06T18:53:32.385+0000][7][gc,marking  ] GC(11) Concurrent Mark 109.796ms
[2025-01-06T18:53:32.385+0000][7][gc,marking  ] GC(11) Concurrent Rebuild Remembered Sets
[2025-01-06T18:53:32.397+0000][7][gc,marking  ] GC(11) Concurrent Rebuild Remembered Sets 12.021ms
[2025-01-06T18:53:32.399+0000][7][gc,start    ] GC(11) Pause Cleanup
[2025-01-06T18:53:32.399+0000][7][gc          ] GC(11) Pause Cleanup 89M->89M(8192M) 0.297ms
[2025-01-06T18:53:32.399+0000][7][gc,cpu      ] GC(11) User=0.00s Sys=0.00s Real=0.00s
[2025-01-06T18:53:32.399+0000][7][safepoint   ] Safepoint "G1Concurrent", Time since last: 12421417 ns, Reaching safepoint: 1608083 ns, At safepoint: 503750 ns, Total: 2111833 ns
[2025-01-06T18:53:32.399+0000][7][gc,marking  ] GC(11) Concurrent Cleanup for Next Mark
[2025-01-06T18:53:32.402+0000][7][gc,marking  ] GC(11) Concurrent Cleanup for Next Mark 2.833ms
[2025-01-06T18:53:32.402+0000][7][gc          ] GC(11) Concurrent Mark Cycle 136.732ms
[2025-01-06T18:53:33.535+0000][7][safepoint   ] Safepoint "Cleanup", Time since last: 1134420751 ns, Reaching safepoint: 1816208 ns, At safepoint: 38917 ns, Total: 1855125 ns
[2025-01-06T18:53:34.351+0000][7][safepoint   ] Safepoint "ICBufferFull", Time since last: 814675625 ns, Reaching safepoint: 1335583 ns, At safepoint: 14875 ns, Total: 1350458 ns
[2025-01-06T18:53:34.352+0000][7][safepoint   ] Safepoint "ICBufferFull", Time since last: 202500 ns, Reaching safepoint: 735834 ns, At safepoint: 17958 ns, Total: 753792 ns
[2025-01-06T18:53:35.856+0000][7][safepoint   ] Safepoint "Cleanup", Time since last: 1500837543 ns, Reaching safepoint: 2670541 ns, At safepoint: 23417 ns, Total: 2693958 ns
[2025-01-06T18:53:37.862+0000][7][safepoint   ] Safepoint "Cleanup", Time since last: 2005686376 ns, Reaching safepoint: 661333 ns, At safepoint: 80750 ns, Total: 742083 ns
[2025-01-06T18:53:40.871+0000][7][safepoint   ] Safepoint "Cleanup", Time since last: 3008009418 ns, Reaching safepoint: 279750 ns, At safepoint: 7125 ns, Total: 286875 ns
[2025-01-06T18:53:41.873+0000][7][safepoint   ] Safepoint "Cleanup", Time since last: 1001729542 ns, Reaching safepoint: 166667 ns, At safepoint: 5750 ns, Total: 172417 ns
[2025-01-06T18:53:46.881+0000][7][safepoint   ] Safepoint "Cleanup", Time since last: 5007972793 ns, Reaching safepoint: 167167 ns, At safepoint: 5667 ns, Total: 172834 ns
[2025-01-06T18:53:47.128+0000][7][gc,heap,exit] Heap
[2025-01-06T18:53:47.129+0000][7][gc,heap,exit]  garbage-first heap   total 8388608K, used 282946K [0x0000000600000000, 0x0000000800000000)
[2025-01-06T18:53:47.131+0000][7][gc,heap,exit]   region size 4096K, 57 young (233472K), 9 survivors (36864K)
[2025-01-06T18:53:47.132+0000][7][gc,heap,exit]  Metaspace       used 103825K, committed 105344K, reserved 1138688K
[2025-01-06T18:53:47.134+0000][7][gc,heap,exit]   class space    used 14705K, committed 15296K, reserved 1048576K
