[2025-01-06T19:24:58.766+0000][7][gc] Using G1
[2025-01-06T19:24:58.838+0000][7][gc,init] Version: 17.0.2+8 (release)
[2025-01-06T19:24:58.838+0000][7][gc,init] CPUs: 10 total, 6 available
[2025-01-06T19:24:58.838+0000][7][gc,init] Memory: 16384M
[2025-01-06T19:24:58.838+0000][7][gc,init] Large Page Support: Disabled
[2025-01-06T19:24:58.838+0000][7][gc,init] NUMA Support: Disabled
[2025-01-06T19:24:58.838+0000][7][gc,init] Compressed Oops: Enabled (Zero based)
[2025-01-06T19:24:58.838+0000][7][gc,init] Heap Region Size: 4M
[2025-01-06T19:24:58.839+0000][7][gc,init] Heap Min Capacity: 8G
[2025-01-06T19:24:58.839+0000][7][gc,init] Heap Initial Capacity: 8G
[2025-01-06T19:24:58.839+0000][7][gc,init] Heap Max Capacity: 8G
[2025-01-06T19:24:58.839+0000][7][gc,init] Pre-touch: Enabled
[2025-01-06T19:24:58.839+0000][7][gc,init] Parallel Workers: 6
[2025-01-06T19:24:58.839+0000][7][gc,init] Concurrent Workers: 2
[2025-01-06T19:24:58.839+0000][7][gc,init] Concurrent Refinement Workers: 6
[2025-01-06T19:24:58.839+0000][7][gc,init] Periodic GC: Disabled
[2025-01-06T19:24:58.841+0000][7][gc,metaspace] CDS archive(s) mapped at: [0x0000000800000000-0x0000000800bd2000-0x0000000800bd2000), size 12394496, SharedBaseAddress: 0x0000000800000000, ArchiveRelocationMode: 0.
[2025-01-06T19:24:58.841+0000][7][gc,metaspace] Compressed class space mapped at: 0x0000000800c00000-0x0000000840c00000, reserved size: 1073741824
[2025-01-06T19:24:58.841+0000][7][gc,metaspace] Narrow klass base: 0x0000000800000000, Narrow klass shift: 0, Narrow klass range: 0x100000000
[2025-01-06T19:24:59.732+0000][7][safepoint   ] Safepoint "ICBufferFull", Time since last: 853064417 ns, Reaching safepoint: 1472166 ns, At safepoint: 149667 ns, Total: 1621833 ns
[2025-01-06T19:25:00.297+0000][7][safepoint   ] Safepoint "ICBufferFull", Time since last: 563686667 ns, Reaching safepoint: 1029417 ns, At safepoint: 5875 ns, Total: 1035292 ns
[2025-01-06T19:25:00.772+0000][7][safepoint   ] Safepoint "ICBufferFull", Time since last: 474010500 ns, Reaching safepoint: 650083 ns, At safepoint: 9625 ns, Total: 659708 ns
[2025-01-06T19:25:01.648+0000][7][safepoint   ] Safepoint "ICBufferFull", Time since last: 875839917 ns, Reaching safepoint: 804084 ns, At safepoint: 5458 ns, Total: 809542 ns
[2025-01-06T19:25:01.750+0000][7][safepoint   ] Safepoint "ICBufferFull", Time since last: 101388583 ns, Reaching safepoint: 215792 ns, At safepoint: 3208 ns, Total: 219000 ns
[2025-01-06T19:25:01.752+0000][7][safepoint   ] Safepoint "ICBufferFull", Time since last: 258250 ns, Reaching safepoint: 1379917 ns, At safepoint: 6375 ns, Total: 1386292 ns
[2025-01-06T19:25:01.768+0000][7][safepoint   ] Safepoint "ICBufferFull", Time since last: 16445500 ns, Reaching safepoint: 128417 ns, At safepoint: 5166 ns, Total: 133583 ns
[2025-01-06T19:25:01.787+0000][7][safepoint   ] Safepoint "ICBufferFull", Time since last: 18248250 ns, Reaching safepoint: 110459 ns, At safepoint: 5958 ns, Total: 116417 ns
[2025-01-06T19:25:01.796+0000][7][safepoint   ] Safepoint "ICBufferFull", Time since last: 8999625 ns, Reaching safepoint: 74042 ns, At safepoint: 10333 ns, Total: 84375 ns
[2025-01-06T19:25:01.804+0000][7][safepoint   ] Safepoint "ICBufferFull", Time since last: 8104667 ns, Reaching safepoint: 77791 ns, At safepoint: 2084 ns, Total: 79875 ns
[2025-01-06T19:25:02.041+0000][7][safepoint   ] Safepoint "ICBufferFull", Time since last: 237017917 ns, Reaching safepoint: 309250 ns, At safepoint: 4166 ns, Total: 313416 ns
[2025-01-06T19:25:02.409+0000][7][gc,start    ] GC(0) Pause Young (Normal) (G1 Evacuation Pause)
[2025-01-06T19:25:02.409+0000][7][gc,task     ] GC(0) Using 6 workers of 6 for evacuation
[2025-01-06T19:25:02.410+0000][7][gc,age      ] GC(0) Desired survivor size 27262976 bytes, new threshold 15 (max threshold 15)
[2025-01-06T19:25:02.473+0000][7][gc,age      ] GC(0) Age table with threshold 15 (max threshold 15)
[2025-01-06T19:25:02.473+0000][7][gc,age      ] GC(0) - age   1:   14584496 bytes,   14584496 total
[2025-01-06T19:25:02.476+0000][7][gc,phases   ] GC(0)   Pre Evacuate Collection Set: 1.5ms
[2025-01-06T19:25:02.476+0000][7][gc,phases   ] GC(0)   Merge Heap Roots: 5.6ms
[2025-01-06T19:25:02.476+0000][7][gc,phases   ] GC(0)   Evacuate Collection Set: 45.9ms
[2025-01-06T19:25:02.476+0000][7][gc,phases   ] GC(0)   Post Evacuate Collection Set: 9.3ms
[2025-01-06T19:25:02.477+0000][7][gc,phases   ] GC(0)   Other: 4.2ms
[2025-01-06T19:25:02.477+0000][7][gc,heap     ] GC(0) Eden regions: 102->0(98)
[2025-01-06T19:25:02.477+0000][7][gc,heap     ] GC(0) Survivor regions: 0->4(13)
[2025-01-06T19:25:02.477+0000][7][gc,heap     ] GC(0) Old regions: 0->0
[2025-01-06T19:25:02.477+0000][7][gc,heap     ] GC(0) Archive regions: 2->2
[2025-01-06T19:25:02.477+0000][7][gc,heap     ] GC(0) Humongous regions: 0->0
[2025-01-06T19:25:02.477+0000][7][gc,metaspace] GC(0) Metaspace: 18636K(19008K)->18636K(19008K) NonClass: 16376K(16576K)->16376K(16576K) Class: 2259K(2432K)->2259K(2432K)
[2025-01-06T19:25:02.478+0000][7][gc          ] GC(0) Pause Young (Normal) (G1 Evacuation Pause) 411M->18M(8192M) 68.838ms
[2025-01-06T19:25:02.478+0000][7][gc,cpu      ] GC(0) User=0.06s Sys=0.02s Real=0.07s
[2025-01-06T19:25:02.478+0000][7][safepoint   ] Safepoint "G1CollectForAllocation", Time since last: 365295334 ns, Reaching safepoint: 574291 ns, At safepoint: 71141042 ns, Total: 71715333 ns
[2025-01-06T19:25:03.028+0000][7][gc,start    ] GC(1) Pause Young (Normal) (G1 Evacuation Pause)
[2025-01-06T19:25:03.029+0000][7][gc,task     ] GC(1) Using 6 workers of 6 for evacuation
[2025-01-06T19:25:03.029+0000][7][gc,age      ] GC(1) Desired survivor size 27262976 bytes, new threshold 15 (max threshold 15)
[2025-01-06T19:25:03.045+0000][7][gc,age      ] GC(1) Age table with threshold 15 (max threshold 15)
[2025-01-06T19:25:03.045+0000][7][gc,age      ] GC(1) - age   1:    4104320 bytes,    4104320 total
[2025-01-06T19:25:03.045+0000][7][gc,age      ] GC(1) - age   2:   13228472 bytes,   17332792 total
[2025-01-06T19:25:03.045+0000][7][gc,phases   ] GC(1)   Pre Evacuate Collection Set: 0.2ms
[2025-01-06T19:25:03.045+0000][7][gc,phases   ] GC(1)   Merge Heap Roots: 0.1ms
[2025-01-06T19:25:03.045+0000][7][gc,phases   ] GC(1)   Evacuate Collection Set: 15.2ms
[2025-01-06T19:25:03.045+0000][7][gc,phases   ] GC(1)   Post Evacuate Collection Set: 0.6ms
[2025-01-06T19:25:03.045+0000][7][gc,phases   ] GC(1)   Other: 0.6ms
[2025-01-06T19:25:03.045+0000][7][gc,heap     ] GC(1) Eden regions: 98->0(97)
[2025-01-06T19:25:03.045+0000][7][gc,heap     ] GC(1) Survivor regions: 4->5(13)
[2025-01-06T19:25:03.045+0000][7][gc,heap     ] GC(1) Old regions: 0->0
[2025-01-06T19:25:03.046+0000][7][gc,heap     ] GC(1) Archive regions: 2->2
[2025-01-06T19:25:03.046+0000][7][gc,heap     ] GC(1) Humongous regions: 0->0
[2025-01-06T19:25:03.046+0000][7][gc,metaspace] GC(1) Metaspace: 19689K(20160K)->19689K(20160K) NonClass: 17280K(17536K)->17280K(17536K) Class: 2408K(2624K)->2408K(2624K)
[2025-01-06T19:25:03.046+0000][7][gc          ] GC(1) Pause Young (Normal) (G1 Evacuation Pause) 410M->21M(8192M) 17.226ms
[2025-01-06T19:25:03.046+0000][7][gc,cpu      ] GC(1) User=0.03s Sys=0.01s Real=0.02s
[2025-01-06T19:25:03.046+0000][7][safepoint   ] Safepoint "G1CollectForAllocation", Time since last: 549584000 ns, Reaching safepoint: 673125 ns, At safepoint: 17370750 ns, Total: 18043875 ns
[2025-01-06T19:25:03.544+0000][7][gc,start    ] GC(2) Pause Young (Concurrent Start) (Metadata GC Threshold)
[2025-01-06T19:25:03.545+0000][7][gc,task     ] GC(2) Using 6 workers of 6 for evacuation
[2025-01-06T19:25:03.545+0000][7][gc,age      ] GC(2) Desired survivor size 27262976 bytes, new threshold 15 (max threshold 15)
[2025-01-06T19:25:03.559+0000][7][gc,age      ] GC(2) Age table with threshold 15 (max threshold 15)
[2025-01-06T19:25:03.559+0000][7][gc,age      ] GC(2) - age   1:    2432000 bytes,    2432000 total
[2025-01-06T19:25:03.559+0000][7][gc,age      ] GC(2) - age   2:    2423416 bytes,    4855416 total
[2025-01-06T19:25:03.559+0000][7][gc,age      ] GC(2) - age   3:   13220776 bytes,   18076192 total
[2025-01-06T19:25:03.559+0000][7][gc,phases   ] GC(2)   Pre Evacuate Collection Set: 0.2ms
[2025-01-06T19:25:03.559+0000][7][gc,phases   ] GC(2)   Merge Heap Roots: 0.1ms
[2025-01-06T19:25:03.559+0000][7][gc,phases   ] GC(2)   Evacuate Collection Set: 12.8ms
[2025-01-06T19:25:03.559+0000][7][gc,phases   ] GC(2)   Post Evacuate Collection Set: 0.7ms
[2025-01-06T19:25:03.559+0000][7][gc,phases   ] GC(2)   Other: 0.8ms
[2025-01-06T19:25:03.559+0000][7][gc,heap     ] GC(2) Eden regions: 87->0(97)
[2025-01-06T19:25:03.559+0000][7][gc,heap     ] GC(2) Survivor regions: 5->5(13)
[2025-01-06T19:25:03.559+0000][7][gc,heap     ] GC(2) Old regions: 0->0
[2025-01-06T19:25:03.559+0000][7][gc,heap     ] GC(2) Archive regions: 2->2
[2025-01-06T19:25:03.560+0000][7][gc,heap     ] GC(2) Humongous regions: 0->0
[2025-01-06T19:25:03.560+0000][7][gc,metaspace] GC(2) Metaspace: 20931K(21504K)->20931K(21504K) NonClass: 18355K(18688K)->18355K(18688K) Class: 2576K(2816K)->2576K(2816K)
[2025-01-06T19:25:03.560+0000][7][gc          ] GC(2) Pause Young (Concurrent Start) (Metadata GC Threshold) 369M->22M(8192M) 15.261ms
[2025-01-06T19:25:03.560+0000][7][gc,cpu      ] GC(2) User=0.03s Sys=0.01s Real=0.02s
[2025-01-06T19:25:03.560+0000][7][gc          ] GC(3) Concurrent Mark Cycle
[2025-01-06T19:25:03.560+0000][7][safepoint   ] Safepoint "CollectForMetadataAllocation", Time since last: 497937292 ns, Reaching safepoint: 552709 ns, At safepoint: 15695291 ns, Total: 16248000 ns
[2025-01-06T19:25:03.560+0000][7][gc,marking  ] GC(3) Concurrent Clear Claimed Marks
[2025-01-06T19:25:03.561+0000][7][gc,marking  ] GC(3) Concurrent Clear Claimed Marks 0.464ms
[2025-01-06T19:25:03.561+0000][7][gc,marking  ] GC(3) Concurrent Scan Root Regions
[2025-01-06T19:25:03.567+0000][7][gc,marking  ] GC(3) Concurrent Scan Root Regions 6.057ms
[2025-01-06T19:25:03.568+0000][7][gc,marking  ] GC(3) Concurrent Mark
[2025-01-06T19:25:03.569+0000][7][gc,marking  ] GC(3) Concurrent Mark From Roots
[2025-01-06T19:25:03.569+0000][7][gc,task     ] GC(3) Using 2 workers of 2 for marking
[2025-01-06T19:25:03.574+0000][7][gc,marking  ] GC(3) Concurrent Mark From Roots 5.865ms
[2025-01-06T19:25:03.575+0000][7][gc,marking  ] GC(3) Concurrent Preclean
[2025-01-06T19:25:03.575+0000][7][gc,marking  ] GC(3) Concurrent Preclean 0.689ms
[2025-01-06T19:25:03.576+0000][7][gc,start    ] GC(3) Pause Remark
[2025-01-06T19:25:03.613+0000][7][gc          ] GC(3) Pause Remark 24M->24M(8192M) 37.912ms
[2025-01-06T19:25:03.614+0000][7][gc,cpu      ] GC(3) User=0.02s Sys=0.01s Real=0.04s
[2025-01-06T19:25:03.615+0000][7][safepoint   ] Safepoint "G1Concurrent", Time since last: 15463875 ns, Reaching safepoint: 67292 ns, At safepoint: 39824833 ns, Total: 39892125 ns
[2025-01-06T19:25:03.620+0000][7][gc,marking  ] GC(3) Concurrent Mark 52.139ms
[2025-01-06T19:25:03.621+0000][7][gc,marking  ] GC(3) Concurrent Rebuild Remembered Sets
[2025-01-06T19:25:03.621+0000][7][gc,marking  ] GC(3) Concurrent Rebuild Remembered Sets 0.127ms
[2025-01-06T19:25:03.621+0000][7][gc,start    ] GC(3) Pause Cleanup
[2025-01-06T19:25:03.622+0000][7][gc          ] GC(3) Pause Cleanup 24M->24M(8192M) 0.141ms
[2025-01-06T19:25:03.622+0000][7][gc,cpu      ] GC(3) User=0.00s Sys=0.00s Real=0.00s
[2025-01-06T19:25:03.622+0000][7][safepoint   ] Safepoint "G1Concurrent", Time since last: 5616709 ns, Reaching safepoint: 494750 ns, At safepoint: 243833 ns, Total: 738583 ns
[2025-01-06T19:25:03.625+0000][7][gc,marking  ] GC(3) Concurrent Cleanup for Next Mark
[2025-01-06T19:25:03.629+0000][7][gc,marking  ] GC(3) Concurrent Cleanup for Next Mark 3.375ms
[2025-01-06T19:25:03.629+0000][7][gc          ] GC(3) Concurrent Mark Cycle 69.517ms
[2025-01-06T19:25:04.209+0000][7][safepoint   ] Safepoint "ICBufferFull", Time since last: 586042834 ns, Reaching safepoint: 1427250 ns, At safepoint: 8250 ns, Total: 1435500 ns
[2025-01-06T19:25:04.266+0000][7][safepoint   ] Safepoint "ICBufferFull", Time since last: 57012625 ns, Reaching safepoint: 171666 ns, At safepoint: 3000 ns, Total: 174666 ns
[2025-01-06T19:25:04.274+0000][7][safepoint   ] Safepoint "ICBufferFull", Time since last: 7833250 ns, Reaching safepoint: 70584 ns, At safepoint: 16541 ns, Total: 87125 ns
[2025-01-06T19:25:04.282+0000][7][safepoint   ] Safepoint "ICBufferFull", Time since last: 7932792 ns, Reaching safepoint: 98625 ns, At safepoint: 1917 ns, Total: 100542 ns
[2025-01-06T19:25:04.303+0000][7][safepoint   ] Safepoint "ICBufferFull", Time since last: 20850500 ns, Reaching safepoint: 144833 ns, At safepoint: 2417 ns, Total: 147250 ns
[2025-01-06T19:25:04.311+0000][7][safepoint   ] Safepoint "ICBufferFull", Time since last: 7770875 ns, Reaching safepoint: 72625 ns, At safepoint: 2666 ns, Total: 75291 ns
[2025-01-06T19:25:04.407+0000][7][safepoint   ] Safepoint "ICBufferFull", Time since last: 95587625 ns, Reaching safepoint: 150042 ns, At safepoint: 5667 ns, Total: 155709 ns
[2025-01-06T19:25:04.420+0000][7][safepoint   ] Safepoint "ICBufferFull", Time since last: 13303333 ns, Reaching safepoint: 256583 ns, At safepoint: 4000 ns, Total: 260583 ns
[2025-01-06T19:25:04.438+0000][7][safepoint   ] Safepoint "ICBufferFull", Time since last: 16964167 ns, Reaching safepoint: 114917 ns, At safepoint: 3208 ns, Total: 118125 ns
[2025-01-06T19:25:04.502+0000][7][safepoint   ] Safepoint "ICBufferFull", Time since last: 64352458 ns, Reaching safepoint: 311709 ns, At safepoint: 4500 ns, Total: 316209 ns
[2025-01-06T19:25:04.920+0000][7][safepoint   ] Safepoint "ICBufferFull", Time since last: 416748583 ns, Reaching safepoint: 606375 ns, At safepoint: 7959 ns, Total: 614334 ns
[2025-01-06T19:25:05.773+0000][7][gc,start    ] GC(4) Pause Young (Normal) (G1 Evacuation Pause)
[2025-01-06T19:25:05.773+0000][7][gc,task     ] GC(4) Using 6 workers of 6 for evacuation
[2025-01-06T19:25:05.774+0000][7][gc,age      ] GC(4) Desired survivor size 27262976 bytes, new threshold 15 (max threshold 15)
[2025-01-06T19:25:05.799+0000][7][gc,age      ] GC(4) Age table with threshold 15 (max threshold 15)
[2025-01-06T19:25:05.799+0000][7][gc,age      ] GC(4) - age   1:   24092768 bytes,   24092768 total
[2025-01-06T19:25:05.799+0000][7][gc,age      ] GC(4) - age   2:    2382632 bytes,   26475400 total
[2025-01-06T19:25:05.799+0000][7][gc,age      ] GC(4) - age   3:    2401336 bytes,   28876736 total
[2025-01-06T19:25:05.799+0000][7][gc,age      ] GC(4) - age   4:   13051752 bytes,   41928488 total
[2025-01-06T19:25:05.799+0000][7][gc,phases   ] GC(4)   Pre Evacuate Collection Set: 0.2ms
[2025-01-06T19:25:05.799+0000][7][gc,phases   ] GC(4)   Merge Heap Roots: 0.1ms
[2025-01-06T19:25:05.799+0000][7][gc,phases   ] GC(4)   Evacuate Collection Set: 23.4ms
[2025-01-06T19:25:05.799+0000][7][gc,phases   ] GC(4)   Post Evacuate Collection Set: 1.3ms
[2025-01-06T19:25:05.799+0000][7][gc,phases   ] GC(4)   Other: 0.8ms
[2025-01-06T19:25:05.799+0000][7][gc,heap     ] GC(4) Eden regions: 97->0(100)
[2025-01-06T19:25:05.799+0000][7][gc,heap     ] GC(4) Survivor regions: 5->11(13)
[2025-01-06T19:25:05.800+0000][7][gc,heap     ] GC(4) Old regions: 0->0
[2025-01-06T19:25:05.800+0000][7][gc,heap     ] GC(4) Archive regions: 2->2
[2025-01-06T19:25:05.800+0000][7][gc,heap     ] GC(4) Humongous regions: 0->0
[2025-01-06T19:25:05.800+0000][7][gc,metaspace] GC(4) Metaspace: 30666K(31616K)->30666K(31616K) NonClass: 26728K(27328K)->26728K(27328K) Class: 3937K(4288K)->3937K(4288K)
[2025-01-06T19:25:05.800+0000][7][gc          ] GC(4) Pause Young (Normal) (G1 Evacuation Pause) 410M->45M(8192M) 26.379ms
[2025-01-06T19:25:05.800+0000][7][gc,cpu      ] GC(4) User=0.07s Sys=0.01s Real=0.03s
[2025-01-06T19:25:05.800+0000][7][safepoint   ] Safepoint "G1CollectForAllocation", Time since last: 853108583 ns, Reaching safepoint: 628084 ns, At safepoint: 26539708 ns, Total: 27167792 ns
[2025-01-06T19:25:06.354+0000][7][gc,start    ] GC(5) Pause Young (Concurrent Start) (Metadata GC Threshold)
[2025-01-06T19:25:06.354+0000][7][gc,task     ] GC(5) Using 6 workers of 6 for evacuation
[2025-01-06T19:25:06.354+0000][7][gc,age      ] GC(5) Desired survivor size 29360128 bytes, new threshold 4 (max threshold 15)
[2025-01-06T19:25:06.369+0000][7][gc,age      ] GC(5) Age table with threshold 4 (max threshold 15)
[2025-01-06T19:25:06.369+0000][7][gc,age      ] GC(5) - age   1:    4058008 bytes,    4058008 total
[2025-01-06T19:25:06.369+0000][7][gc,age      ] GC(5) - age   2:   23769896 bytes,   27827904 total
[2025-01-06T19:25:06.369+0000][7][gc,age      ] GC(5) - age   3:    2381632 bytes,   30209536 total
[2025-01-06T19:25:06.369+0000][7][gc,age      ] GC(5) - age   4:    2401304 bytes,   32610840 total
[2025-01-06T19:25:06.369+0000][7][gc,phases   ] GC(5)   Pre Evacuate Collection Set: 0.2ms
[2025-01-06T19:25:06.369+0000][7][gc,phases   ] GC(5)   Merge Heap Roots: 0.1ms
[2025-01-06T19:25:06.369+0000][7][gc,phases   ] GC(5)   Evacuate Collection Set: 13.3ms
[2025-01-06T19:25:06.370+0000][7][gc,phases   ] GC(5)   Post Evacuate Collection Set: 0.9ms
[2025-01-06T19:25:06.370+0000][7][gc,phases   ] GC(5)   Other: 0.9ms
[2025-01-06T19:25:06.370+0000][7][gc,heap     ] GC(5) Eden regions: 13->0(93)
[2025-01-06T19:25:06.370+0000][7][gc,heap     ] GC(5) Survivor regions: 11->9(14)
[2025-01-06T19:25:06.370+0000][7][gc,heap     ] GC(5) Old regions: 0->4
[2025-01-06T19:25:06.370+0000][7][gc,heap     ] GC(5) Archive regions: 2->2
[2025-01-06T19:25:06.370+0000][7][gc,heap     ] GC(5) Humongous regions: 0->0
[2025-01-06T19:25:06.370+0000][7][gc,metaspace] GC(5) Metaspace: 34936K(35968K)->34936K(35968K) NonClass: 30304K(30912K)->30304K(30912K) Class: 4632K(5056K)->4632K(5056K)
[2025-01-06T19:25:06.370+0000][7][gc          ] GC(5) Pause Young (Concurrent Start) (Metadata GC Threshold) 97M->51M(8192M) 15.869ms
[2025-01-06T19:25:06.370+0000][7][gc,cpu      ] GC(5) User=0.06s Sys=0.00s Real=0.02s
[2025-01-06T19:25:06.370+0000][7][gc          ] GC(6) Concurrent Mark Cycle
[2025-01-06T19:25:06.370+0000][7][gc,marking  ] GC(6) Concurrent Clear Claimed Marks
[2025-01-06T19:25:06.370+0000][7][safepoint   ] Safepoint "CollectForMetadataAllocation", Time since last: 552620417 ns, Reaching safepoint: 1484292 ns, At safepoint: 16078666 ns, Total: 17562958 ns
[2025-01-06T19:25:06.370+0000][7][gc,marking  ] GC(6) Concurrent Clear Claimed Marks 0.175ms
[2025-01-06T19:25:06.371+0000][7][gc,marking  ] GC(6) Concurrent Scan Root Regions
[2025-01-06T19:25:06.378+0000][7][gc,marking  ] GC(6) Concurrent Scan Root Regions 7.594ms
[2025-01-06T19:25:06.380+0000][7][gc,marking  ] GC(6) Concurrent Mark
[2025-01-06T19:25:06.381+0000][7][gc,marking  ] GC(6) Concurrent Mark From Roots
[2025-01-06T19:25:06.381+0000][7][gc,task     ] GC(6) Using 2 workers of 2 for marking
[2025-01-06T19:25:06.382+0000][7][gc,marking  ] GC(6) Concurrent Mark From Roots 1.620ms
[2025-01-06T19:25:06.384+0000][7][gc,marking  ] GC(6) Concurrent Preclean
[2025-01-06T19:25:06.384+0000][7][gc,marking  ] GC(6) Concurrent Preclean 0.113ms
[2025-01-06T19:25:06.385+0000][7][gc,start    ] GC(6) Pause Remark
[2025-01-06T19:25:06.402+0000][7][gc          ] GC(6) Pause Remark 53M->53M(8192M) 16.314ms
[2025-01-06T19:25:06.402+0000][7][gc,cpu      ] GC(6) User=0.01s Sys=0.01s Real=0.02s
[2025-01-06T19:25:06.402+0000][7][safepoint   ] Safepoint "G1Concurrent", Time since last: 14452875 ns, Reaching safepoint: 989959 ns, At safepoint: 16488541 ns, Total: 17478500 ns
[2025-01-06T19:25:06.402+0000][7][gc,marking  ] GC(6) Concurrent Mark 21.734ms
[2025-01-06T19:25:06.402+0000][7][gc,marking  ] GC(6) Concurrent Rebuild Remembered Sets
[2025-01-06T19:25:06.410+0000][7][gc,marking  ] GC(6) Concurrent Rebuild Remembered Sets 7.866ms
[2025-01-06T19:25:06.412+0000][7][gc,start    ] GC(6) Pause Cleanup
[2025-01-06T19:25:06.413+0000][7][gc          ] GC(6) Pause Cleanup 53M->53M(8192M) 1.338ms
[2025-01-06T19:25:06.413+0000][7][gc,cpu      ] GC(6) User=0.00s Sys=0.00s Real=0.00s
[2025-01-06T19:25:06.413+0000][7][safepoint   ] Safepoint "G1Concurrent", Time since last: 8164084 ns, Reaching safepoint: 1433458 ns, At safepoint: 1476208 ns, Total: 2909666 ns
[2025-01-06T19:25:06.413+0000][7][gc,marking  ] GC(6) Concurrent Cleanup for Next Mark
[2025-01-06T19:25:06.415+0000][7][gc,marking  ] GC(6) Concurrent Cleanup for Next Mark 2.199ms
[2025-01-06T19:25:06.415+0000][7][gc          ] GC(6) Concurrent Mark Cycle 45.457ms
[2025-01-06T19:25:07.450+0000][7][safepoint   ] Safepoint "ICBufferFull", Time since last: 1036416167 ns, Reaching safepoint: 844000 ns, At safepoint: 4375 ns, Total: 848375 ns
[2025-01-06T19:25:07.761+0000][7][safepoint   ] Safepoint "ICBufferFull", Time since last: 310359459 ns, Reaching safepoint: 477750 ns, At safepoint: 5542 ns, Total: 483292 ns
[2025-01-06T19:25:08.674+0000][7][safepoint   ] Safepoint "ICBufferFull", Time since last: 911959750 ns, Reaching safepoint: 640917 ns, At safepoint: 3708 ns, Total: 644625 ns
[2025-01-06T19:25:08.940+0000][7][gc,start    ] GC(7) Pause Young (Normal) (G1 Evacuation Pause)
[2025-01-06T19:25:08.940+0000][7][gc,task     ] GC(7) Using 6 workers of 6 for evacuation
[2025-01-06T19:25:08.940+0000][7][gc,age      ] GC(7) Desired survivor size 27262976 bytes, new threshold 2 (max threshold 15)
[2025-01-06T19:25:08.954+0000][7][gc,age      ] GC(7) Age table with threshold 2 (max threshold 15)
[2025-01-06T19:25:08.954+0000][7][gc,age      ] GC(7) - age   1:    9713200 bytes,    9713200 total
[2025-01-06T19:25:08.954+0000][7][gc,age      ] GC(7) - age   2:    3980472 bytes,   13693672 total
[2025-01-06T19:25:08.954+0000][7][gc,phases   ] GC(7)   Pre Evacuate Collection Set: 0.2ms
[2025-01-06T19:25:08.955+0000][7][gc,phases   ] GC(7)   Merge Heap Roots: 0.1ms
[2025-01-06T19:25:08.955+0000][7][gc,phases   ] GC(7)   Evacuate Collection Set: 12.3ms
[2025-01-06T19:25:08.955+0000][7][gc,phases   ] GC(7)   Post Evacuate Collection Set: 1.1ms
[2025-01-06T19:25:08.955+0000][7][gc,phases   ] GC(7)   Other: 0.7ms
[2025-01-06T19:25:08.955+0000][7][gc,heap     ] GC(7) Eden regions: 93->0(149)
[2025-01-06T19:25:08.955+0000][7][gc,heap     ] GC(7) Survivor regions: 9->5(13)
[2025-01-06T19:25:08.955+0000][7][gc,heap     ] GC(7) Old regions: 4->11
[2025-01-06T19:25:08.955+0000][7][gc,heap     ] GC(7) Archive regions: 2->2
[2025-01-06T19:25:08.955+0000][7][gc,heap     ] GC(7) Humongous regions: 0->0
[2025-01-06T19:25:08.955+0000][7][gc,metaspace] GC(7) Metaspace: 58728K(60032K)->58728K(60032K) NonClass: 50726K(51520K)->50726K(51520K) Class: 8001K(8512K)->8001K(8512K)
[2025-01-06T19:25:08.955+0000][7][gc          ] GC(7) Pause Young (Normal) (G1 Evacuation Pause) 423M->61M(8192M) 14.869ms
[2025-01-06T19:25:08.955+0000][7][gc,cpu      ] GC(7) User=0.06s Sys=0.01s Real=0.01s
[2025-01-06T19:25:08.955+0000][7][safepoint   ] Safepoint "G1CollectForAllocation", Time since last: 265894375 ns, Reaching safepoint: 451750 ns, At safepoint: 15011042 ns, Total: 15462792 ns
[2025-01-06T19:25:09.192+0000][7][gc,start    ] GC(8) Pause Young (Concurrent Start) (Metadata GC Threshold)
[2025-01-06T19:25:09.192+0000][7][gc,task     ] GC(8) Using 6 workers of 6 for evacuation
[2025-01-06T19:25:09.192+0000][7][gc,age      ] GC(8) Desired survivor size 41943040 bytes, new threshold 15 (max threshold 15)
[2025-01-06T19:25:09.197+0000][7][gc,age      ] GC(8) Age table with threshold 15 (max threshold 15)
[2025-01-06T19:25:09.197+0000][7][gc,age      ] GC(8) - age   1:      95192 bytes,      95192 total
[2025-01-06T19:25:09.197+0000][7][gc,age      ] GC(8) - age   2:    9490296 bytes,    9585488 total
[2025-01-06T19:25:09.197+0000][7][gc,age      ] GC(8) - age   3:    3980472 bytes,   13565960 total
[2025-01-06T19:25:09.197+0000][7][gc,phases   ] GC(8)   Pre Evacuate Collection Set: 0.2ms
[2025-01-06T19:25:09.197+0000][7][gc,phases   ] GC(8)   Merge Heap Roots: 0.1ms
[2025-01-06T19:25:09.197+0000][7][gc,phases   ] GC(8)   Evacuate Collection Set: 3.7ms
[2025-01-06T19:25:09.197+0000][7][gc,phases   ] GC(8)   Post Evacuate Collection Set: 0.6ms
[2025-01-06T19:25:09.197+0000][7][gc,phases   ] GC(8)   Other: 0.7ms
[2025-01-06T19:25:09.197+0000][7][gc,heap     ] GC(8) Eden regions: 3->0(193)
[2025-01-06T19:25:09.197+0000][7][gc,heap     ] GC(8) Survivor regions: 5->4(20)
[2025-01-06T19:25:09.197+0000][7][gc,heap     ] GC(8) Old regions: 11->11
[2025-01-06T19:25:09.197+0000][7][gc,heap     ] GC(8) Archive regions: 2->2
[2025-01-06T19:25:09.197+0000][7][gc,heap     ] GC(8) Humongous regions: 0->0
[2025-01-06T19:25:09.197+0000][7][gc,metaspace] GC(8) Metaspace: 59014K(60288K)->59014K(60288K) NonClass: 50989K(51712K)->50989K(51712K) Class: 8024K(8576K)->8024K(8576K)
[2025-01-06T19:25:09.198+0000][7][gc          ] GC(8) Pause Young (Concurrent Start) (Metadata GC Threshold) 73M->59M(8192M) 5.862ms
[2025-01-06T19:25:09.198+0000][7][gc,cpu      ] GC(8) User=0.02s Sys=0.00s Real=0.00s
[2025-01-06T19:25:09.198+0000][7][safepoint   ] Safepoint "CollectForMetadataAllocation", Time since last: 236321750 ns, Reaching safepoint: 222000 ns, At safepoint: 6080583 ns, Total: 6302583 ns
[2025-01-06T19:25:09.198+0000][7][gc          ] GC(9) Concurrent Mark Cycle
[2025-01-06T19:25:09.198+0000][7][gc,marking  ] GC(9) Concurrent Clear Claimed Marks
[2025-01-06T19:25:09.198+0000][7][gc,marking  ] GC(9) Concurrent Clear Claimed Marks 0.105ms
[2025-01-06T19:25:09.198+0000][7][gc,marking  ] GC(9) Concurrent Scan Root Regions
[2025-01-06T19:25:09.202+0000][7][gc,marking  ] GC(9) Concurrent Scan Root Regions 3.996ms
[2025-01-06T19:25:09.202+0000][7][gc,marking  ] GC(9) Concurrent Mark
[2025-01-06T19:25:09.202+0000][7][gc,marking  ] GC(9) Concurrent Mark From Roots
[2025-01-06T19:25:09.202+0000][7][gc,task     ] GC(9) Using 2 workers of 2 for marking
[2025-01-06T19:25:09.224+0000][7][gc,marking  ] GC(9) Concurrent Mark From Roots 21.819ms
[2025-01-06T19:25:09.224+0000][7][gc,marking  ] GC(9) Concurrent Preclean
[2025-01-06T19:25:09.224+0000][7][gc,marking  ] GC(9) Concurrent Preclean 0.232ms
[2025-01-06T19:25:09.226+0000][7][gc,start    ] GC(9) Pause Remark
[2025-01-06T19:25:09.279+0000][7][gc          ] GC(9) Pause Remark 61M->61M(8192M) 53.722ms
[2025-01-06T19:25:09.279+0000][7][gc,cpu      ] GC(9) User=0.02s Sys=0.02s Real=0.06s
[2025-01-06T19:25:09.279+0000][7][safepoint   ] Safepoint "G1Concurrent", Time since last: 26721500 ns, Reaching safepoint: 1047750 ns, At safepoint: 53988042 ns, Total: 55035792 ns
[2025-01-06T19:25:09.280+0000][7][gc,marking  ] GC(9) Concurrent Mark 77.406ms
[2025-01-06T19:25:09.280+0000][7][gc,marking  ] GC(9) Concurrent Rebuild Remembered Sets
[2025-01-06T19:25:09.294+0000][7][gc,marking  ] GC(9) Concurrent Rebuild Remembered Sets 14.145ms
[2025-01-06T19:25:09.294+0000][7][gc,start    ] GC(9) Pause Cleanup
[2025-01-06T19:25:09.295+0000][7][gc          ] GC(9) Pause Cleanup 61M->61M(8192M) 0.270ms
[2025-01-06T19:25:09.295+0000][7][gc,cpu      ] GC(9) User=0.00s Sys=0.00s Real=0.00s
[2025-01-06T19:25:09.295+0000][7][safepoint   ] Safepoint "G1Concurrent", Time since last: 14455750 ns, Reaching safepoint: 513333 ns, At safepoint: 415792 ns, Total: 929125 ns
[2025-01-06T19:25:09.295+0000][7][gc,marking  ] GC(9) Concurrent Cleanup for Next Mark
[2025-01-06T19:25:09.298+0000][7][gc,marking  ] GC(9) Concurrent Cleanup for Next Mark 2.647ms
[2025-01-06T19:25:09.298+0000][7][gc          ] GC(9) Concurrent Mark Cycle 99.971ms
[2025-01-06T19:25:10.522+0000][7][safepoint   ] Safepoint "ICBufferFull", Time since last: 1226506292 ns, Reaching safepoint: 919000 ns, At safepoint: 14542 ns, Total: 933542 ns
[2025-01-06T19:25:11.135+0000][7][safepoint   ] Safepoint "ICBufferFull", Time since last: 611980500 ns, Reaching safepoint: 744167 ns, At safepoint: 5250 ns, Total: 749417 ns
[2025-01-06T19:25:11.769+0000][7][safepoint   ] Safepoint "ICBufferFull", Time since last: 633091667 ns, Reaching safepoint: 851292 ns, At safepoint: 4000 ns, Total: 855292 ns
[2025-01-06T19:25:12.072+0000][7][safepoint   ] Safepoint "ICBufferFull", Time since last: 302013208 ns, Reaching safepoint: 592583 ns, At safepoint: 7334 ns, Total: 599917 ns
[2025-01-06T19:25:12.321+0000][7][safepoint   ] Safepoint "ICBufferFull", Time since last: 248977875 ns, Reaching safepoint: 334208 ns, At safepoint: 4708 ns, Total: 338916 ns
[2025-01-06T19:25:12.805+0000][7][safepoint   ] Safepoint "ICBufferFull", Time since last: 483021751 ns, Reaching safepoint: 913958 ns, At safepoint: 9000 ns, Total: 922958 ns
[2025-01-06T19:25:13.424+0000][7][safepoint   ] Safepoint "ICBufferFull", Time since last: 618078667 ns, Reaching safepoint: 1478125 ns, At safepoint: 20833 ns, Total: 1498958 ns
[2025-01-06T19:25:13.780+0000][7][gc,start    ] GC(10) Pause Young (Concurrent Start) (Metadata GC Threshold)
[2025-01-06T19:25:13.780+0000][7][gc,task     ] GC(10) Using 6 workers of 6 for evacuation
[2025-01-06T19:25:13.780+0000][7][gc,age      ] GC(10) Desired survivor size 54525952 bytes, new threshold 15 (max threshold 15)
[2025-01-06T19:25:13.801+0000][7][gc,age      ] GC(10) Age table with threshold 15 (max threshold 15)
[2025-01-06T19:25:13.801+0000][7][gc,age      ] GC(10) - age   1:   18725600 bytes,   18725600 total
[2025-01-06T19:25:13.801+0000][7][gc,age      ] GC(10) - age   2:      91264 bytes,   18816864 total
[2025-01-06T19:25:13.801+0000][7][gc,age      ] GC(10) - age   3:    9130152 bytes,   27947016 total
[2025-01-06T19:25:13.801+0000][7][gc,age      ] GC(10) - age   4:    3953424 bytes,   31900440 total
[2025-01-06T19:25:13.801+0000][7][gc,phases   ] GC(10)   Pre Evacuate Collection Set: 0.3ms
[2025-01-06T19:25:13.801+0000][7][gc,phases   ] GC(10)   Merge Heap Roots: 0.4ms
[2025-01-06T19:25:13.801+0000][7][gc,phases   ] GC(10)   Evacuate Collection Set: 18.3ms
[2025-01-06T19:25:13.801+0000][7][gc,phases   ] GC(10)   Post Evacuate Collection Set: 1.4ms
[2025-01-06T19:25:13.801+0000][7][gc,phases   ] GC(10)   Other: 0.8ms
[2025-01-06T19:25:13.801+0000][7][gc,heap     ] GC(10) Eden regions: 107->0(246)
[2025-01-06T19:25:13.801+0000][7][gc,heap     ] GC(10) Survivor regions: 4->8(26)
[2025-01-06T19:25:13.801+0000][7][gc,heap     ] GC(10) Old regions: 11->11
[2025-01-06T19:25:13.801+0000][7][gc,heap     ] GC(10) Archive regions: 2->2
[2025-01-06T19:25:13.801+0000][7][gc,heap     ] GC(10) Humongous regions: 2->2
[2025-01-06T19:25:13.802+0000][7][gc,metaspace] GC(10) Metaspace: 99304K(100800K)->99304K(100800K) NonClass: 85220K(86144K)->85220K(86144K) Class: 14083K(14656K)->14083K(14656K)
[2025-01-06T19:25:13.802+0000][7][gc          ] GC(10) Pause Young (Concurrent Start) (Metadata GC Threshold) 495M->84M(8192M) 21.546ms
[2025-01-06T19:25:13.802+0000][7][gc,cpu      ] GC(10) User=0.08s Sys=0.01s Real=0.02s
[2025-01-06T19:25:13.802+0000][7][gc          ] GC(11) Concurrent Mark Cycle
[2025-01-06T19:25:13.802+0000][7][gc,marking  ] GC(11) Concurrent Clear Claimed Marks
[2025-01-06T19:25:13.802+0000][7][safepoint   ] Safepoint "CollectForMetadataAllocation", Time since last: 354598500 ns, Reaching safepoint: 963875 ns, At safepoint: 21797584 ns, Total: 22761459 ns
[2025-01-06T19:25:13.802+0000][7][gc,marking  ] GC(11) Concurrent Clear Claimed Marks 0.163ms
[2025-01-06T19:25:13.802+0000][7][gc,marking  ] GC(11) Concurrent Scan Root Regions
[2025-01-06T19:25:13.810+0000][7][gc,marking  ] GC(11) Concurrent Scan Root Regions 7.683ms
[2025-01-06T19:25:13.810+0000][7][gc,marking  ] GC(11) Concurrent Mark
[2025-01-06T19:25:13.810+0000][7][gc,marking  ] GC(11) Concurrent Mark From Roots
[2025-01-06T19:25:13.810+0000][7][gc,task     ] GC(11) Using 2 workers of 2 for marking
[2025-01-06T19:25:13.832+0000][7][gc,marking  ] GC(11) Concurrent Mark From Roots 21.849ms
[2025-01-06T19:25:13.832+0000][7][gc,marking  ] GC(11) Concurrent Preclean
[2025-01-06T19:25:13.832+0000][7][gc,marking  ] GC(11) Concurrent Preclean 0.217ms
[2025-01-06T19:25:13.833+0000][7][gc,start    ] GC(11) Pause Remark
[2025-01-06T19:25:13.914+0000][7][gc          ] GC(11) Pause Remark 91M->91M(8192M) 80.573ms
[2025-01-06T19:25:13.914+0000][7][gc,cpu      ] GC(11) User=0.07s Sys=0.04s Real=0.08s
[2025-01-06T19:25:13.914+0000][7][safepoint   ] Safepoint "G1Concurrent", Time since last: 30545500 ns, Reaching safepoint: 1057500 ns, At safepoint: 80875208 ns, Total: 81932708 ns
[2025-01-06T19:25:13.914+0000][7][gc,marking  ] GC(11) Concurrent Mark 104.306ms
[2025-01-06T19:25:13.914+0000][7][gc,marking  ] GC(11) Concurrent Rebuild Remembered Sets
[2025-01-06T19:25:13.928+0000][7][gc,marking  ] GC(11) Concurrent Rebuild Remembered Sets 13.556ms
[2025-01-06T19:25:13.930+0000][7][gc,start    ] GC(11) Pause Cleanup
[2025-01-06T19:25:13.930+0000][7][gc          ] GC(11) Pause Cleanup 91M->91M(8192M) 0.270ms
[2025-01-06T19:25:13.930+0000][7][gc,cpu      ] GC(11) User=0.00s Sys=0.00s Real=0.00s
[2025-01-06T19:25:13.930+0000][7][safepoint   ] Safepoint "G1Concurrent", Time since last: 13869084 ns, Reaching safepoint: 1389708 ns, At safepoint: 431542 ns, Total: 1821250 ns
[2025-01-06T19:25:13.930+0000][7][gc,marking  ] GC(11) Concurrent Cleanup for Next Mark
[2025-01-06T19:25:13.933+0000][7][gc,marking  ] GC(11) Concurrent Cleanup for Next Mark 2.772ms
[2025-01-06T19:25:13.933+0000][7][gc          ] GC(11) Concurrent Mark Cycle 131.302ms
[2025-01-06T19:25:14.743+0000][7][safepoint   ] Safepoint "ICBufferFull", Time since last: 810000542 ns, Reaching safepoint: 2547916 ns, At safepoint: 23625 ns, Total: 2571541 ns
[2025-01-06T19:25:14.743+0000][7][safepoint   ] Safepoint "ICBufferFull", Time since last: 191917 ns, Reaching safepoint: 746542 ns, At safepoint: 20750 ns, Total: 767292 ns
[2025-01-06T19:25:15.563+0000][7][safepoint   ] Safepoint "ICBufferFull", Time since last: 816957374 ns, Reaching safepoint: 1718708 ns, At safepoint: 16792 ns, Total: 1735500 ns
[2025-01-06T19:25:17.047+0000][7][safepoint   ] Safepoint "Cleanup", Time since last: 1479568001 ns, Reaching safepoint: 4338791 ns, At safepoint: 70334 ns, Total: 4409125 ns
[2025-01-06T19:25:19.053+0000][7][safepoint   ] Safepoint "Cleanup", Time since last: 2005863584 ns, Reaching safepoint: 701875 ns, At safepoint: 31958 ns, Total: 733833 ns
[2025-01-06T19:25:20.060+0000][7][safepoint   ] Safepoint "Cleanup", Time since last: 1005051126 ns, Reaching safepoint: 1198042 ns, At safepoint: 31416 ns, Total: 1229458 ns
[2025-01-06T19:25:21.067+0000][7][safepoint   ] Safepoint "Cleanup", Time since last: 1005977751 ns, Reaching safepoint: 1102375 ns, At safepoint: 51083 ns, Total: 1153458 ns
[2025-01-06T19:25:22.069+0000][7][safepoint   ] Safepoint "Cleanup", Time since last: 1001221042 ns, Reaching safepoint: 1218208 ns, At safepoint: 20125 ns, Total: 1238333 ns
[2025-01-06T19:25:25.075+0000][7][safepoint   ] Safepoint "Cleanup", Time since last: 3005686210 ns, Reaching safepoint: 163459 ns, At safepoint: 11750 ns, Total: 175209 ns
[2025-01-06T19:25:28.080+0000][7][safepoint   ] Safepoint "Cleanup", Time since last: 3004282876 ns, Reaching safepoint: 150000 ns, At safepoint: 13750 ns, Total: 163750 ns
[2025-01-06T19:25:31.083+0000][7][safepoint   ] Safepoint "Cleanup", Time since last: 3003346710 ns, Reaching safepoint: 123125 ns, At safepoint: 5791 ns, Total: 128916 ns
[2025-01-06T19:25:32.084+0000][7][safepoint   ] Safepoint "Cleanup", Time since last: 1001123418 ns, Reaching safepoint: 213583 ns, At safepoint: 9250 ns, Total: 222833 ns
[2025-01-06T19:25:33.085+0000][7][safepoint   ] Safepoint "Cleanup", Time since last: 1000775542 ns, Reaching safepoint: 152542 ns, At safepoint: 6375 ns, Total: 158917 ns
[2025-01-06T19:25:34.089+0000][7][safepoint   ] Safepoint "Cleanup", Time since last: 1001122875 ns, Reaching safepoint: 2625667 ns, At safepoint: 24083 ns, Total: 2649750 ns
[2025-01-06T19:25:37.097+0000][7][safepoint   ] Safepoint "Cleanup", Time since last: 3006131877 ns, Reaching safepoint: 1310541 ns, At safepoint: 54625 ns, Total: 1365166 ns
[2025-01-06T19:25:38.103+0000][7][safepoint   ] Safepoint "Cleanup", Time since last: 1004581626 ns, Reaching safepoint: 1743916 ns, At safepoint: 42834 ns, Total: 1786750 ns
[2025-01-06T19:25:39.106+0000][7][safepoint   ] Safepoint "Cleanup", Time since last: 1002010042 ns, Reaching safepoint: 1354125 ns, At safepoint: 44333 ns, Total: 1398458 ns
[2025-01-06T19:25:41.121+0000][7][safepoint   ] Safepoint "Cleanup", Time since last: 2012679376 ns, Reaching safepoint: 1532875 ns, At safepoint: 43167 ns, Total: 1576042 ns
[2025-01-06T19:25:42.123+0000][7][safepoint   ] Safepoint "Cleanup", Time since last: 1001483125 ns, Reaching safepoint: 821000 ns, At safepoint: 36750 ns, Total: 857750 ns
[2025-01-06T19:25:43.129+0000][7][safepoint   ] Safepoint "Cleanup", Time since last: 1004082709 ns, Reaching safepoint: 1814667 ns, At safepoint: 51042 ns, Total: 1865709 ns
[2025-01-06T19:25:44.136+0000][7][safepoint   ] Safepoint "Cleanup", Time since last: 1002940250 ns, Reaching safepoint: 3671208 ns, At safepoint: 41375 ns, Total: 3712583 ns
[2025-01-06T19:25:45.139+0000][7][safepoint   ] Safepoint "Cleanup", Time since last: 1002558001 ns, Reaching safepoint: 995375 ns, At safepoint: 33541 ns, Total: 1028916 ns
[2025-01-06T19:25:47.144+0000][7][safepoint   ] Safepoint "Cleanup", Time since last: 2005820792 ns, Reaching safepoint: 361583 ns, At safepoint: 21542 ns, Total: 383125 ns
[2025-01-06T19:25:52.153+0000][7][safepoint   ] Safepoint "Cleanup", Time since last: 5006969169 ns, Reaching safepoint: 1280333 ns, At safepoint: 34084 ns, Total: 1314417 ns
[2025-01-06T19:25:58.169+0000][7][safepoint   ] Safepoint "Cleanup", Time since last: 6015401378 ns, Reaching safepoint: 462125 ns, At safepoint: 19458 ns, Total: 481583 ns
[2025-01-06T19:25:59.174+0000][7][safepoint   ] Safepoint "Cleanup", Time since last: 1004193626 ns, Reaching safepoint: 1001666 ns, At safepoint: 30709 ns, Total: 1032375 ns
[2025-01-06T19:26:02.182+0000][7][safepoint   ] Safepoint "Cleanup", Time since last: 3007405251 ns, Reaching safepoint: 793917 ns, At safepoint: 23708 ns, Total: 817625 ns
[2025-01-06T19:26:04.190+0000][7][safepoint   ] Safepoint "Cleanup", Time since last: 2007265543 ns, Reaching safepoint: 783791 ns, At safepoint: 42250 ns, Total: 826041 ns
[2025-01-06T19:26:05.192+0000][7][safepoint   ] Safepoint "Cleanup", Time since last: 1001123167 ns, Reaching safepoint: 636125 ns, At safepoint: 43125 ns, Total: 679250 ns
[2025-01-06T19:26:06.199+0000][7][safepoint   ] Safepoint "Cleanup", Time since last: 1006121251 ns, Reaching safepoint: 1279708 ns, At safepoint: 14000 ns, Total: 1293708 ns
[2025-01-06T19:26:07.876+0000][7][safepoint   ] Safepoint "Cleanup", Time since last: 1675859959 ns, Reaching safepoint: 652459 ns, At safepoint: 37333 ns, Total: 689792 ns
[2025-01-06T19:26:08.879+0000][7][safepoint   ] Safepoint "Cleanup", Time since last: 1002801917 ns, Reaching safepoint: 168708 ns, At safepoint: 6875 ns, Total: 175583 ns
[2025-01-06T19:26:11.886+0000][7][safepoint   ] Safepoint "Cleanup", Time since last: 3006260877 ns, Reaching safepoint: 342708 ns, At safepoint: 13375 ns, Total: 356083 ns
[2025-01-06T19:26:12.888+0000][7][safepoint   ] Safepoint "Cleanup", Time since last: 1002029584 ns, Reaching safepoint: 688875 ns, At safepoint: 33542 ns, Total: 722417 ns
[2025-01-06T19:26:13.894+0000][7][safepoint   ] Safepoint "Cleanup", Time since last: 1003677500 ns, Reaching safepoint: 1928167 ns, At safepoint: 39458 ns, Total: 1967625 ns
[2025-01-06T19:26:14.902+0000][7][safepoint   ] Safepoint "Cleanup", Time since last: 1007268501 ns, Reaching safepoint: 550708 ns, At safepoint: 11625 ns, Total: 562333 ns
[2025-01-06T19:26:16.300+0000][7][safepoint   ] Safepoint "Cleanup", Time since last: 1396763375 ns, Reaching safepoint: 570416 ns, At safepoint: 13125 ns, Total: 583541 ns
[2025-01-06T19:26:17.362+0000][7][safepoint   ] Safepoint "Cleanup", Time since last: 1060070501 ns, Reaching safepoint: 2328458 ns, At safepoint: 36667 ns, Total: 2365125 ns
[2025-01-06T19:26:18.366+0000][7][safepoint   ] Safepoint "Cleanup", Time since last: 1002245334 ns, Reaching safepoint: 794083 ns, At safepoint: 34667 ns, Total: 828750 ns
[2025-01-06T19:26:22.378+0000][7][safepoint   ] Safepoint "Cleanup", Time since last: 4010082627 ns, Reaching safepoint: 1934166 ns, At safepoint: 29000 ns, Total: 1963166 ns
[2025-01-06T19:26:24.386+0000][7][safepoint   ] Safepoint "Cleanup", Time since last: 2006727751 ns, Reaching safepoint: 1469709 ns, At safepoint: 25083 ns, Total: 1494792 ns
[2025-01-06T19:26:25.389+0000][7][safepoint   ] Safepoint "Cleanup", Time since last: 1002450250 ns, Reaching safepoint: 583167 ns, At safepoint: 27417 ns, Total: 610584 ns
[2025-01-06T19:26:29.402+0000][7][safepoint   ] Safepoint "Cleanup", Time since last: 4012373043 ns, Reaching safepoint: 913375 ns, At safepoint: 29000 ns, Total: 942375 ns
[2025-01-06T19:26:32.416+0000][7][safepoint   ] Safepoint "Cleanup", Time since last: 3013798043 ns, Reaching safepoint: 348167 ns, At safepoint: 58792 ns, Total: 406959 ns
[2025-01-06T19:26:35.427+0000][7][safepoint   ] Safepoint "Cleanup", Time since last: 3009092334 ns, Reaching safepoint: 1606834 ns, At safepoint: 30166 ns, Total: 1637000 ns
[2025-01-06T19:26:39.434+0000][7][safepoint   ] Safepoint "Cleanup", Time since last: 4006619586 ns, Reaching safepoint: 591000 ns, At safepoint: 23666 ns, Total: 614666 ns
[2025-01-06T19:26:41.441+0000][7][safepoint   ] Safepoint "Cleanup", Time since last: 2005587751 ns, Reaching safepoint: 1053542 ns, At safepoint: 5583 ns, Total: 1059125 ns
[2025-01-06T19:26:42.443+0000][7][safepoint   ] Safepoint "Cleanup", Time since last: 1001978334 ns, Reaching safepoint: 193417 ns, At safepoint: 7375 ns, Total: 200792 ns
[2025-01-06T19:26:44.448+0000][7][safepoint   ] Safepoint "Cleanup", Time since last: 2004276709 ns, Reaching safepoint: 912500 ns, At safepoint: 24250 ns, Total: 936750 ns
[2025-01-06T19:26:45.457+0000][7][safepoint   ] Safepoint "Cleanup", Time since last: 1007703000 ns, Reaching safepoint: 585750 ns, At safepoint: 33583 ns, Total: 619333 ns
[2025-01-06T19:26:53.481+0000][7][safepoint   ] Safepoint "Cleanup", Time since last: 8023700754 ns, Reaching safepoint: 383875 ns, At safepoint: 8875 ns, Total: 392750 ns
[2025-01-06T19:26:54.486+0000][7][safepoint   ] Safepoint "Cleanup", Time since last: 1004417334 ns, Reaching safepoint: 244000 ns, At safepoint: 9250 ns, Total: 253250 ns
[2025-01-06T19:26:55.488+0000][7][safepoint   ] Safepoint "Cleanup", Time since last: 1001258334 ns, Reaching safepoint: 273708 ns, At safepoint: 6125 ns, Total: 279833 ns
[2025-01-06T19:26:55.948+0000][7][gc,heap,exit] Heap
[2025-01-06T19:26:55.948+0000][7][gc,heap,exit]  garbage-first heap   total 8388608K, used 356719K [0x0000000600000000, 0x0000000800000000)
[2025-01-06T19:26:55.948+0000][7][gc,heap,exit]   region size 4096K, 74 young (303104K), 8 survivors (32768K)
[2025-01-06T19:26:55.948+0000][7][gc,heap,exit]  Metaspace       used 105780K, committed 107328K, reserved 1146880K
[2025-01-06T19:26:55.949+0000][7][gc,heap,exit]   class space    used 14985K, committed 15616K, reserved 1048576K
