[2025-01-06T18:55:19.739+0000][7][gc] Using G1
[2025-01-06T18:55:19.796+0000][7][gc,init] Version: 17.0.2+8 (release)
[2025-01-06T18:55:19.796+0000][7][gc,init] CPUs: 10 total, 6 available
[2025-01-06T18:55:19.796+0000][7][gc,init] Memory: 16384M
[2025-01-06T18:55:19.796+0000][7][gc,init] Large Page Support: Disabled
[2025-01-06T18:55:19.796+0000][7][gc,init] NUMA Support: Disabled
[2025-01-06T18:55:19.796+0000][7][gc,init] Compressed Oops: Enabled (Zero based)
[2025-01-06T18:55:19.796+0000][7][gc,init] Heap Region Size: 4M
[2025-01-06T18:55:19.796+0000][7][gc,init] Heap Min Capacity: 8G
[2025-01-06T18:55:19.796+0000][7][gc,init] Heap Initial Capacity: 8G
[2025-01-06T18:55:19.796+0000][7][gc,init] Heap Max Capacity: 8G
[2025-01-06T18:55:19.796+0000][7][gc,init] Pre-touch: Enabled
[2025-01-06T18:55:19.797+0000][7][gc,init] Parallel Workers: 6
[2025-01-06T18:55:19.797+0000][7][gc,init] Concurrent Workers: 2
[2025-01-06T18:55:19.797+0000][7][gc,init] Concurrent Refinement Workers: 6
[2025-01-06T18:55:19.797+0000][7][gc,init] Periodic GC: Disabled
[2025-01-06T18:55:19.798+0000][7][gc,metaspace] CDS archive(s) mapped at: [0x0000000800000000-0x0000000800bd2000-0x0000000800bd2000), size 12394496, SharedBaseAddress: 0x0000000800000000, ArchiveRelocationMode: 0.
[2025-01-06T18:55:19.798+0000][7][gc,metaspace] Compressed class space mapped at: 0x0000000800c00000-0x0000000840c00000, reserved size: 1073741824
[2025-01-06T18:55:19.799+0000][7][gc,metaspace] Narrow klass base: 0x0000000800000000, Narrow klass shift: 0, Narrow klass range: 0x100000000
[2025-01-06T18:55:20.675+0000][7][safepoint   ] Safepoint "ICBufferFull", Time since last: 838167709 ns, Reaching safepoint: 941125 ns, At safepoint: 222208 ns, Total: 1163333 ns
[2025-01-06T18:55:21.285+0000][7][safepoint   ] Safepoint "ICBufferFull", Time since last: 608884501 ns, Reaching safepoint: 919041 ns, At safepoint: 11125 ns, Total: 930166 ns
[2025-01-06T18:55:21.977+0000][7][safepoint   ] Safepoint "ICBufferFull", Time since last: 691454334 ns, Reaching safepoint: 777250 ns, At safepoint: 10792 ns, Total: 788042 ns
[2025-01-06T18:55:22.560+0000][7][safepoint   ] Safepoint "ICBufferFull", Time since last: 581868333 ns, Reaching safepoint: 912959 ns, At safepoint: 9750 ns, Total: 922709 ns
[2025-01-06T18:55:22.590+0000][7][safepoint   ] Safepoint "ICBufferFull", Time since last: 29925416 ns, Reaching safepoint: 137834 ns, At safepoint: 4333 ns, Total: 142167 ns
[2025-01-06T18:55:22.601+0000][7][safepoint   ] Safepoint "ICBufferFull", Time since last: 10970000 ns, Reaching safepoint: 79125 ns, At safepoint: 3042 ns, Total: 82167 ns
[2025-01-06T18:55:22.611+0000][7][safepoint   ] Safepoint "ICBufferFull", Time since last: 9855375 ns, Reaching safepoint: 62958 ns, At safepoint: 2583 ns, Total: 65541 ns
[2025-01-06T18:55:22.620+0000][7][safepoint   ] Safepoint "ICBufferFull", Time since last: 9657250 ns, Reaching safepoint: 70334 ns, At safepoint: 3416 ns, Total: 73750 ns
[2025-01-06T18:55:22.630+0000][7][safepoint   ] Safepoint "ICBufferFull", Time since last: 9099250 ns, Reaching safepoint: 64334 ns, At safepoint: 1916 ns, Total: 66250 ns
[2025-01-06T18:55:22.942+0000][7][safepoint   ] Safepoint "ICBufferFull", Time since last: 311420125 ns, Reaching safepoint: 1427959 ns, At safepoint: 7875 ns, Total: 1435834 ns
[2025-01-06T18:55:23.266+0000][7][gc,start    ] GC(0) Pause Young (Normal) (G1 Evacuation Pause)
[2025-01-06T18:55:23.266+0000][7][gc,task     ] GC(0) Using 6 workers of 6 for evacuation
[2025-01-06T18:55:23.267+0000][7][gc,age      ] GC(0) Desired survivor size 27262976 bytes, new threshold 15 (max threshold 15)
[2025-01-06T18:55:23.324+0000][7][gc,age      ] GC(0) Age table with threshold 15 (max threshold 15)
[2025-01-06T18:55:23.325+0000][7][gc,age      ] GC(0) - age   1:   13529936 bytes,   13529936 total
[2025-01-06T18:55:23.327+0000][7][gc,phases   ] GC(0)   Pre Evacuate Collection Set: 1.5ms
[2025-01-06T18:55:23.327+0000][7][gc,phases   ] GC(0)   Merge Heap Roots: 5.6ms
[2025-01-06T18:55:23.327+0000][7][gc,phases   ] GC(0)   Evacuate Collection Set: 39.9ms
[2025-01-06T18:55:23.327+0000][7][gc,phases   ] GC(0)   Post Evacuate Collection Set: 9.6ms
[2025-01-06T18:55:23.328+0000][7][gc,phases   ] GC(0)   Other: 4.1ms
[2025-01-06T18:55:23.328+0000][7][gc,heap     ] GC(0) Eden regions: 102->0(98)
[2025-01-06T18:55:23.328+0000][7][gc,heap     ] GC(0) Survivor regions: 0->4(13)
[2025-01-06T18:55:23.328+0000][7][gc,heap     ] GC(0) Old regions: 0->0
[2025-01-06T18:55:23.328+0000][7][gc,heap     ] GC(0) Archive regions: 2->2
[2025-01-06T18:55:23.328+0000][7][gc,heap     ] GC(0) Humongous regions: 0->0
[2025-01-06T18:55:23.328+0000][7][gc,metaspace] GC(0) Metaspace: 18699K(19072K)->18699K(19072K) NonClass: 16428K(16640K)->16428K(16640K) Class: 2271K(2432K)->2271K(2432K)
[2025-01-06T18:55:23.329+0000][7][gc          ] GC(0) Pause Young (Normal) (G1 Evacuation Pause) 411M->17M(8192M) 63.032ms
[2025-01-06T18:55:23.329+0000][7][gc,cpu      ] GC(0) User=0.06s Sys=0.01s Real=0.06s
[2025-01-06T18:55:23.329+0000][7][safepoint   ] Safepoint "G1CollectForAllocation", Time since last: 321170292 ns, Reaching safepoint: 417000 ns, At safepoint: 65244166 ns, Total: 65661166 ns
[2025-01-06T18:55:23.855+0000][7][gc,start    ] GC(1) Pause Young (Normal) (G1 Evacuation Pause)
[2025-01-06T18:55:23.855+0000][7][gc,task     ] GC(1) Using 6 workers of 6 for evacuation
[2025-01-06T18:55:23.855+0000][7][gc,age      ] GC(1) Desired survivor size 27262976 bytes, new threshold 15 (max threshold 15)
[2025-01-06T18:55:23.867+0000][7][gc,age      ] GC(1) Age table with threshold 15 (max threshold 15)
[2025-01-06T18:55:23.867+0000][7][gc,age      ] GC(1) - age   1:    2803312 bytes,    2803312 total
[2025-01-06T18:55:23.868+0000][7][gc,age      ] GC(1) - age   2:   13275432 bytes,   16078744 total
[2025-01-06T18:55:23.868+0000][7][gc,phases   ] GC(1)   Pre Evacuate Collection Set: 0.2ms
[2025-01-06T18:55:23.868+0000][7][gc,phases   ] GC(1)   Merge Heap Roots: 0.1ms
[2025-01-06T18:55:23.868+0000][7][gc,phases   ] GC(1)   Evacuate Collection Set: 11.2ms
[2025-01-06T18:55:23.868+0000][7][gc,phases   ] GC(1)   Post Evacuate Collection Set: 0.6ms
[2025-01-06T18:55:23.868+0000][7][gc,phases   ] GC(1)   Other: 0.6ms
[2025-01-06T18:55:23.868+0000][7][gc,heap     ] GC(1) Eden regions: 98->0(97)
[2025-01-06T18:55:23.868+0000][7][gc,heap     ] GC(1) Survivor regions: 4->5(13)
[2025-01-06T18:55:23.868+0000][7][gc,heap     ] GC(1) Old regions: 0->0
[2025-01-06T18:55:23.868+0000][7][gc,heap     ] GC(1) Archive regions: 2->2
[2025-01-06T18:55:23.868+0000][7][gc,heap     ] GC(1) Humongous regions: 0->0
[2025-01-06T18:55:23.868+0000][7][gc,metaspace] GC(1) Metaspace: 19811K(20224K)->19811K(20224K) NonClass: 17388K(17664K)->17388K(17664K) Class: 2423K(2560K)->2423K(2560K)
[2025-01-06T18:55:23.868+0000][7][gc          ] GC(1) Pause Young (Normal) (G1 Evacuation Pause) 409M->20M(8192M) 13.303ms
[2025-01-06T18:55:23.868+0000][7][gc,cpu      ] GC(1) User=0.02s Sys=0.01s Real=0.01s
[2025-01-06T18:55:23.868+0000][7][safepoint   ] Safepoint "G1CollectForAllocation", Time since last: 525145500 ns, Reaching safepoint: 525959 ns, At safepoint: 13449625 ns, Total: 13975584 ns
[2025-01-06T18:55:24.298+0000][7][gc,start    ] GC(2) Pause Young (Concurrent Start) (Metadata GC Threshold)
[2025-01-06T18:55:24.298+0000][7][gc,task     ] GC(2) Using 6 workers of 6 for evacuation
[2025-01-06T18:55:24.298+0000][7][gc,age      ] GC(2) Desired survivor size 27262976 bytes, new threshold 15 (max threshold 15)
[2025-01-06T18:55:24.313+0000][7][gc,age      ] GC(2) Age table with threshold 15 (max threshold 15)
[2025-01-06T18:55:24.313+0000][7][gc,age      ] GC(2) - age   1:    2269056 bytes,    2269056 total
[2025-01-06T18:55:24.313+0000][7][gc,age      ] GC(2) - age   2:    2433976 bytes,    4703032 total
[2025-01-06T18:55:24.313+0000][7][gc,age      ] GC(2) - age   3:   13267736 bytes,   17970768 total
[2025-01-06T18:55:24.313+0000][7][gc,phases   ] GC(2)   Pre Evacuate Collection Set: 0.2ms
[2025-01-06T18:55:24.313+0000][7][gc,phases   ] GC(2)   Merge Heap Roots: 0.1ms
[2025-01-06T18:55:24.313+0000][7][gc,phases   ] GC(2)   Evacuate Collection Set: 13.8ms
[2025-01-06T18:55:24.313+0000][7][gc,phases   ] GC(2)   Post Evacuate Collection Set: 0.7ms
[2025-01-06T18:55:24.313+0000][7][gc,phases   ] GC(2)   Other: 0.9ms
[2025-01-06T18:55:24.314+0000][7][gc,heap     ] GC(2) Eden regions: 76->0(97)
[2025-01-06T18:55:24.314+0000][7][gc,heap     ] GC(2) Survivor regions: 5->5(13)
[2025-01-06T18:55:24.314+0000][7][gc,heap     ] GC(2) Old regions: 0->0
[2025-01-06T18:55:24.314+0000][7][gc,heap     ] GC(2) Archive regions: 2->2
[2025-01-06T18:55:24.314+0000][7][gc,heap     ] GC(2) Humongous regions: 0->0
[2025-01-06T18:55:24.314+0000][7][gc,metaspace] GC(2) Metaspace: 21037K(21504K)->21037K(21504K) NonClass: 18450K(18752K)->18450K(18752K) Class: 2586K(2752K)->2586K(2752K)
[2025-01-06T18:55:24.314+0000][7][gc          ] GC(2) Pause Young (Concurrent Start) (Metadata GC Threshold) 322M->22M(8192M) 16.255ms
[2025-01-06T18:55:24.314+0000][7][gc,cpu      ] GC(2) User=0.03s Sys=0.01s Real=0.01s
[2025-01-06T18:55:24.314+0000][7][gc          ] GC(3) Concurrent Mark Cycle
[2025-01-06T18:55:24.314+0000][7][safepoint   ] Safepoint "CollectForMetadataAllocation", Time since last: 428557500 ns, Reaching safepoint: 499000 ns, At safepoint: 16682333 ns, Total: 17181333 ns
[2025-01-06T18:55:24.314+0000][7][gc,marking  ] GC(3) Concurrent Clear Claimed Marks
[2025-01-06T18:55:24.318+0000][7][gc,marking  ] GC(3) Concurrent Clear Claimed Marks 3.678ms
[2025-01-06T18:55:24.318+0000][7][gc,marking  ] GC(3) Concurrent Scan Root Regions
[2025-01-06T18:55:24.323+0000][7][gc,marking  ] GC(3) Concurrent Scan Root Regions 4.810ms
[2025-01-06T18:55:24.323+0000][7][gc,marking  ] GC(3) Concurrent Mark
[2025-01-06T18:55:24.324+0000][7][gc,marking  ] GC(3) Concurrent Mark From Roots
[2025-01-06T18:55:24.324+0000][7][gc,task     ] GC(3) Using 2 workers of 2 for marking
[2025-01-06T18:55:24.329+0000][7][gc,marking  ] GC(3) Concurrent Mark From Roots 5.580ms
[2025-01-06T18:55:24.329+0000][7][gc,marking  ] GC(3) Concurrent Preclean
[2025-01-06T18:55:24.330+0000][7][gc,marking  ] GC(3) Concurrent Preclean 0.629ms
[2025-01-06T18:55:24.331+0000][7][gc,start    ] GC(3) Pause Remark
[2025-01-06T18:55:24.369+0000][7][gc          ] GC(3) Pause Remark 24M->24M(8192M) 38.025ms
[2025-01-06T18:55:24.369+0000][7][gc,cpu      ] GC(3) User=0.01s Sys=0.02s Real=0.04s
[2025-01-06T18:55:24.369+0000][7][safepoint   ] Safepoint "G1Concurrent", Time since last: 15951084 ns, Reaching safepoint: 788708 ns, At safepoint: 38268708 ns, Total: 39057416 ns
[2025-01-06T18:55:24.374+0000][7][gc,marking  ] GC(3) Concurrent Mark 50.737ms
[2025-01-06T18:55:24.374+0000][7][gc,marking  ] GC(3) Concurrent Rebuild Remembered Sets
[2025-01-06T18:55:24.374+0000][7][gc,marking  ] GC(3) Concurrent Rebuild Remembered Sets 0.092ms
[2025-01-06T18:55:24.375+0000][7][gc,start    ] GC(3) Pause Cleanup
[2025-01-06T18:55:24.375+0000][7][gc          ] GC(3) Pause Cleanup 24M->24M(8192M) 0.198ms
[2025-01-06T18:55:24.375+0000][7][gc,cpu      ] GC(3) User=0.00s Sys=0.00s Real=0.00s
[2025-01-06T18:55:24.375+0000][7][safepoint   ] Safepoint "G1Concurrent", Time since last: 4997875 ns, Reaching safepoint: 769250 ns, At safepoint: 354375 ns, Total: 1123625 ns
[2025-01-06T18:55:24.380+0000][7][gc,marking  ] GC(3) Concurrent Cleanup for Next Mark
[2025-01-06T18:55:24.383+0000][7][gc,marking  ] GC(3) Concurrent Cleanup for Next Mark 3.416ms
[2025-01-06T18:55:24.384+0000][7][gc          ] GC(3) Concurrent Mark Cycle 69.999ms
[2025-01-06T18:55:25.003+0000][7][safepoint   ] Safepoint "ICBufferFull", Time since last: 626173709 ns, Reaching safepoint: 1236583 ns, At safepoint: 11084 ns, Total: 1247667 ns
[2025-01-06T18:55:25.068+0000][7][safepoint   ] Safepoint "ICBufferFull", Time since last: 64854166 ns, Reaching safepoint: 114667 ns, At safepoint: 3792 ns, Total: 118459 ns
[2025-01-06T18:55:25.076+0000][7][safepoint   ] Safepoint "ICBufferFull", Time since last: 8022666 ns, Reaching safepoint: 124875 ns, At safepoint: 5209 ns, Total: 130084 ns
[2025-01-06T18:55:25.084+0000][7][safepoint   ] Safepoint "ICBufferFull", Time since last: 7807583 ns, Reaching safepoint: 73583 ns, At safepoint: 2750 ns, Total: 76333 ns
[2025-01-06T18:55:25.106+0000][7][safepoint   ] Safepoint "ICBufferFull", Time since last: 22623167 ns, Reaching safepoint: 120958 ns, At safepoint: 3250 ns, Total: 124208 ns
[2025-01-06T18:55:25.114+0000][7][safepoint   ] Safepoint "ICBufferFull", Time since last: 7787334 ns, Reaching safepoint: 71208 ns, At safepoint: 2667 ns, Total: 73875 ns
[2025-01-06T18:55:25.207+0000][7][safepoint   ] Safepoint "ICBufferFull", Time since last: 92676333 ns, Reaching safepoint: 84500 ns, At safepoint: 3500 ns, Total: 88000 ns
[2025-01-06T18:55:25.221+0000][7][safepoint   ] Safepoint "ICBufferFull", Time since last: 13716667 ns, Reaching safepoint: 125916 ns, At safepoint: 9167 ns, Total: 135083 ns
[2025-01-06T18:55:25.238+0000][7][safepoint   ] Safepoint "ICBufferFull", Time since last: 17050625 ns, Reaching safepoint: 96667 ns, At safepoint: 3458 ns, Total: 100125 ns
[2025-01-06T18:55:25.304+0000][7][safepoint   ] Safepoint "ICBufferFull", Time since last: 65580542 ns, Reaching safepoint: 352125 ns, At safepoint: 9208 ns, Total: 361333 ns
[2025-01-06T18:55:25.311+0000][7][safepoint   ] Safepoint "ICBufferFull", Time since last: 7136334 ns, Reaching safepoint: 81625 ns, At safepoint: 4166 ns, Total: 85791 ns
[2025-01-06T18:55:25.319+0000][7][safepoint   ] Safepoint "ICBufferFull", Time since last: 6767709 ns, Reaching safepoint: 982333 ns, At safepoint: 9375 ns, Total: 991708 ns
[2025-01-06T18:55:25.419+0000][7][safepoint   ] Safepoint "ICBufferFull", Time since last: 99372458 ns, Reaching safepoint: 271834 ns, At safepoint: 3041 ns, Total: 274875 ns
[2025-01-06T18:55:26.138+0000][7][safepoint   ] Safepoint "ICBufferFull", Time since last: 718705084 ns, Reaching safepoint: 1169667 ns, At safepoint: 7666 ns, Total: 1177333 ns
[2025-01-06T18:55:26.459+0000][7][gc,start    ] GC(4) Pause Young (Normal) (G1 Evacuation Pause)
[2025-01-06T18:55:26.459+0000][7][gc,task     ] GC(4) Using 6 workers of 6 for evacuation
[2025-01-06T18:55:26.459+0000][7][gc,age      ] GC(4) Desired survivor size 27262976 bytes, new threshold 15 (max threshold 15)
[2025-01-06T18:55:26.476+0000][7][gc,age      ] GC(4) Age table with threshold 15 (max threshold 15)
[2025-01-06T18:55:26.476+0000][7][gc,age      ] GC(4) - age   1:   19490424 bytes,   19490424 total
[2025-01-06T18:55:26.476+0000][7][gc,age      ] GC(4) - age   2:    2218376 bytes,   21708800 total
[2025-01-06T18:55:26.476+0000][7][gc,age      ] GC(4) - age   3:    2411408 bytes,   24120208 total
[2025-01-06T18:55:26.476+0000][7][gc,age      ] GC(4) - age   4:   13098760 bytes,   37218968 total
[2025-01-06T18:55:26.477+0000][7][gc,phases   ] GC(4)   Pre Evacuate Collection Set: 0.2ms
[2025-01-06T18:55:26.477+0000][7][gc,phases   ] GC(4)   Merge Heap Roots: 0.1ms
[2025-01-06T18:55:26.477+0000][7][gc,phases   ] GC(4)   Evacuate Collection Set: 15.4ms
[2025-01-06T18:55:26.477+0000][7][gc,phases   ] GC(4)   Post Evacuate Collection Set: 1.2ms
[2025-01-06T18:55:26.477+0000][7][gc,phases   ] GC(4)   Other: 0.8ms
[2025-01-06T18:55:26.477+0000][7][gc,heap     ] GC(4) Eden regions: 97->0(105)
[2025-01-06T18:55:26.477+0000][7][gc,heap     ] GC(4) Survivor regions: 5->10(13)
[2025-01-06T18:55:26.477+0000][7][gc,heap     ] GC(4) Old regions: 0->0
[2025-01-06T18:55:26.477+0000][7][gc,heap     ] GC(4) Archive regions: 2->2
[2025-01-06T18:55:26.477+0000][7][gc,heap     ] GC(4) Humongous regions: 0->0
[2025-01-06T18:55:26.477+0000][7][gc,metaspace] GC(4) Metaspace: 30765K(31744K)->30765K(31744K) NonClass: 26812K(27392K)->26812K(27392K) Class: 3952K(4352K)->3952K(4352K)
[2025-01-06T18:55:26.477+0000][7][gc          ] GC(4) Pause Young (Normal) (G1 Evacuation Pause) 410M->40M(8192M) 18.387ms
[2025-01-06T18:55:26.477+0000][7][gc,cpu      ] GC(4) User=0.09s Sys=0.01s Real=0.02s
[2025-01-06T18:55:26.477+0000][7][safepoint   ] Safepoint "G1CollectForAllocation", Time since last: 320101792 ns, Reaching safepoint: 311708 ns, At safepoint: 18559084 ns, Total: 18870792 ns
[2025-01-06T18:55:27.186+0000][7][gc,start    ] GC(5) Pause Young (Concurrent Start) (Metadata GC Threshold)
[2025-01-06T18:55:27.186+0000][7][gc,task     ] GC(5) Using 6 workers of 6 for evacuation
[2025-01-06T18:55:27.186+0000][7][gc,age      ] GC(5) Desired survivor size 31457280 bytes, new threshold 4 (max threshold 15)
[2025-01-06T18:55:27.204+0000][7][gc,age      ] GC(5) Age table with threshold 4 (max threshold 15)
[2025-01-06T18:55:27.205+0000][7][gc,age      ] GC(5) - age   1:    9117128 bytes,    9117128 total
[2025-01-06T18:55:27.205+0000][7][gc,age      ] GC(5) - age   2:   18870496 bytes,   27987624 total
[2025-01-06T18:55:27.205+0000][7][gc,age      ] GC(5) - age   3:    2217408 bytes,   30205032 total
[2025-01-06T18:55:27.205+0000][7][gc,age      ] GC(5) - age   4:    2411376 bytes,   32616408 total
[2025-01-06T18:55:27.205+0000][7][gc,phases   ] GC(5)   Pre Evacuate Collection Set: 0.2ms
[2025-01-06T18:55:27.205+0000][7][gc,phases   ] GC(5)   Merge Heap Roots: 0.1ms
[2025-01-06T18:55:27.205+0000][7][gc,phases   ] GC(5)   Evacuate Collection Set: 16.6ms
[2025-01-06T18:55:27.205+0000][7][gc,phases   ] GC(5)   Post Evacuate Collection Set: 1.0ms
[2025-01-06T18:55:27.205+0000][7][gc,phases   ] GC(5)   Other: 0.9ms
[2025-01-06T18:55:27.205+0000][7][gc,heap     ] GC(5) Eden regions: 27->0(93)
[2025-01-06T18:55:27.205+0000][7][gc,heap     ] GC(5) Survivor regions: 10->9(15)
[2025-01-06T18:55:27.205+0000][7][gc,heap     ] GC(5) Old regions: 0->4
[2025-01-06T18:55:27.205+0000][7][gc,heap     ] GC(5) Archive regions: 2->2
[2025-01-06T18:55:27.205+0000][7][gc,heap     ] GC(5) Humongous regions: 0->0
[2025-01-06T18:55:27.205+0000][7][gc,metaspace] GC(5) Metaspace: 34949K(35968K)->34949K(35968K) NonClass: 30307K(30912K)->30307K(30912K) Class: 4642K(5056K)->4642K(5056K)
[2025-01-06T18:55:27.206+0000][7][gc          ] GC(5) Pause Young (Concurrent Start) (Metadata GC Threshold) 146M->50M(8192M) 19.408ms
[2025-01-06T18:55:27.206+0000][7][gc,cpu      ] GC(5) User=0.07s Sys=0.01s Real=0.02s
[2025-01-06T18:55:27.206+0000][7][gc          ] GC(6) Concurrent Mark Cycle
[2025-01-06T18:55:27.206+0000][7][gc,marking  ] GC(6) Concurrent Clear Claimed Marks
[2025-01-06T18:55:27.206+0000][7][safepoint   ] Safepoint "CollectForMetadataAllocation", Time since last: 707969583 ns, Reaching safepoint: 625500 ns, At safepoint: 19602459 ns, Total: 20227959 ns
[2025-01-06T18:55:27.206+0000][7][gc,marking  ] GC(6) Concurrent Clear Claimed Marks 0.127ms
[2025-01-06T18:55:27.206+0000][7][gc,marking  ] GC(6) Concurrent Scan Root Regions
[2025-01-06T18:55:27.213+0000][7][gc,marking  ] GC(6) Concurrent Scan Root Regions 7.431ms
[2025-01-06T18:55:27.215+0000][7][gc,marking  ] GC(6) Concurrent Mark
[2025-01-06T18:55:27.216+0000][7][gc,marking  ] GC(6) Concurrent Mark From Roots
[2025-01-06T18:55:27.217+0000][7][gc,task     ] GC(6) Using 2 workers of 2 for marking
[2025-01-06T18:55:27.221+0000][7][gc,marking  ] GC(6) Concurrent Mark From Roots 5.119ms
[2025-01-06T18:55:27.222+0000][7][gc,marking  ] GC(6) Concurrent Preclean
[2025-01-06T18:55:27.223+0000][7][gc,marking  ] GC(6) Concurrent Preclean 1.216ms
[2025-01-06T18:55:27.226+0000][7][gc,start    ] GC(6) Pause Remark
[2025-01-06T18:55:27.249+0000][7][gc          ] GC(6) Pause Remark 52M->52M(8192M) 22.476ms
[2025-01-06T18:55:27.249+0000][7][gc,cpu      ] GC(6) User=0.01s Sys=0.01s Real=0.02s
[2025-01-06T18:55:27.249+0000][7][safepoint   ] Safepoint "G1Concurrent", Time since last: 19117375 ns, Reaching safepoint: 1248000 ns, At safepoint: 22731833 ns, Total: 23979833 ns
[2025-01-06T18:55:27.249+0000][7][gc,marking  ] GC(6) Concurrent Mark 34.098ms
[2025-01-06T18:55:27.249+0000][7][gc,marking  ] GC(6) Concurrent Rebuild Remembered Sets
[2025-01-06T18:55:27.258+0000][7][gc,marking  ] GC(6) Concurrent Rebuild Remembered Sets 8.636ms
[2025-01-06T18:55:27.259+0000][7][gc,start    ] GC(6) Pause Cleanup
[2025-01-06T18:55:27.260+0000][7][gc          ] GC(6) Pause Cleanup 52M->52M(8192M) 1.164ms
[2025-01-06T18:55:27.260+0000][7][gc,cpu      ] GC(6) User=0.00s Sys=0.00s Real=0.00s
[2025-01-06T18:55:27.260+0000][7][safepoint   ] Safepoint "G1Concurrent", Time since last: 8939917 ns, Reaching safepoint: 1287833 ns, At safepoint: 1285042 ns, Total: 2572875 ns
[2025-01-06T18:55:27.260+0000][7][gc,marking  ] GC(6) Concurrent Cleanup for Next Mark
[2025-01-06T18:55:27.263+0000][7][gc,marking  ] GC(6) Concurrent Cleanup for Next Mark 2.198ms
[2025-01-06T18:55:27.263+0000][7][gc          ] GC(6) Concurrent Mark Cycle 57.128ms
[2025-01-06T18:55:28.300+0000][7][safepoint   ] Safepoint "ICBufferFull", Time since last: 1038872042 ns, Reaching safepoint: 818792 ns, At safepoint: 7791 ns, Total: 826583 ns
[2025-01-06T18:55:28.636+0000][7][safepoint   ] Safepoint "ICBufferFull", Time since last: 335783417 ns, Reaching safepoint: 451625 ns, At safepoint: 12958 ns, Total: 464583 ns
[2025-01-06T18:55:29.559+0000][7][safepoint   ] Safepoint "ICBufferFull", Time since last: 922403126 ns, Reaching safepoint: 711542 ns, At safepoint: 9291 ns, Total: 720833 ns
[2025-01-06T18:55:29.863+0000][7][gc,start    ] GC(7) Pause Young (Normal) (G1 Evacuation Pause)
[2025-01-06T18:55:29.863+0000][7][gc,task     ] GC(7) Using 6 workers of 6 for evacuation
[2025-01-06T18:55:29.863+0000][7][gc,age      ] GC(7) Desired survivor size 27262976 bytes, new threshold 2 (max threshold 15)
[2025-01-06T18:55:29.876+0000][7][gc,age      ] GC(7) Age table with threshold 2 (max threshold 15)
[2025-01-06T18:55:29.876+0000][7][gc,age      ] GC(7) - age   1:    9701384 bytes,    9701384 total
[2025-01-06T18:55:29.876+0000][7][gc,age      ] GC(7) - age   2:    9044624 bytes,   18746008 total
[2025-01-06T18:55:29.876+0000][7][gc,phases   ] GC(7)   Pre Evacuate Collection Set: 0.2ms
[2025-01-06T18:55:29.876+0000][7][gc,phases   ] GC(7)   Merge Heap Roots: 0.2ms
[2025-01-06T18:55:29.876+0000][7][gc,phases   ] GC(7)   Evacuate Collection Set: 11.2ms
[2025-01-06T18:55:29.876+0000][7][gc,phases   ] GC(7)   Post Evacuate Collection Set: 1.2ms
[2025-01-06T18:55:29.876+0000][7][gc,phases   ] GC(7)   Other: 0.7ms
[2025-01-06T18:55:29.876+0000][7][gc,heap     ] GC(7) Eden regions: 93->0(134)
[2025-01-06T18:55:29.877+0000][7][gc,heap     ] GC(7) Survivor regions: 9->5(13)
[2025-01-06T18:55:29.877+0000][7][gc,heap     ] GC(7) Old regions: 4->9
[2025-01-06T18:55:29.877+0000][7][gc,heap     ] GC(7) Archive regions: 2->2
[2025-01-06T18:55:29.877+0000][7][gc,heap     ] GC(7) Humongous regions: 0->0
[2025-01-06T18:55:29.877+0000][7][gc,metaspace] GC(7) Metaspace: 58950K(60224K)->58950K(60224K) NonClass: 50923K(51712K)->50923K(51712K) Class: 8026K(8512K)->8026K(8512K)
[2025-01-06T18:55:29.877+0000][7][gc          ] GC(7) Pause Young (Normal) (G1 Evacuation Pause) 422M->59M(8192M) 13.929ms
[2025-01-06T18:55:29.877+0000][7][gc,cpu      ] GC(7) User=0.07s Sys=0.00s Real=0.02s
[2025-01-06T18:55:29.877+0000][7][safepoint   ] Safepoint "G1CollectForAllocation", Time since last: 303018584 ns, Reaching safepoint: 430541 ns, At safepoint: 14080292 ns, Total: 14510833 ns
[2025-01-06T18:55:30.198+0000][7][gc,start    ] GC(8) Pause Young (Concurrent Start) (Metadata GC Threshold)
[2025-01-06T18:55:30.199+0000][7][gc,task     ] GC(8) Using 6 workers of 6 for evacuation
[2025-01-06T18:55:30.199+0000][7][gc,age      ] GC(8) Desired survivor size 35651584 bytes, new threshold 15 (max threshold 15)
[2025-01-06T18:55:30.205+0000][7][gc,age      ] GC(8) Age table with threshold 15 (max threshold 15)
[2025-01-06T18:55:30.205+0000][7][gc,age      ] GC(8) - age   1:     281864 bytes,     281864 total
[2025-01-06T18:55:30.205+0000][7][gc,age      ] GC(8) - age   2:    9497688 bytes,    9779552 total
[2025-01-06T18:55:30.205+0000][7][gc,age      ] GC(8) - age   3:    9044624 bytes,   18824176 total
[2025-01-06T18:55:30.205+0000][7][gc,phases   ] GC(8)   Pre Evacuate Collection Set: 0.2ms
[2025-01-06T18:55:30.205+0000][7][gc,phases   ] GC(8)   Merge Heap Roots: 0.2ms
[2025-01-06T18:55:30.205+0000][7][gc,phases   ] GC(8)   Evacuate Collection Set: 4.9ms
[2025-01-06T18:55:30.205+0000][7][gc,phases   ] GC(8)   Post Evacuate Collection Set: 0.5ms
[2025-01-06T18:55:30.205+0000][7][gc,phases   ] GC(8)   Other: 0.8ms
[2025-01-06T18:55:30.205+0000][7][gc,heap     ] GC(8) Eden regions: 4->0(174)
[2025-01-06T18:55:30.205+0000][7][gc,heap     ] GC(8) Survivor regions: 5->5(17)
[2025-01-06T18:55:30.206+0000][7][gc,heap     ] GC(8) Old regions: 9->9
[2025-01-06T18:55:30.206+0000][7][gc,heap     ] GC(8) Archive regions: 2->2
[2025-01-06T18:55:30.206+0000][7][gc,heap     ] GC(8) Humongous regions: 0->0
[2025-01-06T18:55:30.206+0000][7][gc,metaspace] GC(8) Metaspace: 59312K(60480K)->59312K(60480K) NonClass: 51232K(51968K)->51232K(51968K) Class: 8080K(8512K)->8080K(8512K)
[2025-01-06T18:55:30.206+0000][7][gc          ] GC(8) Pause Young (Concurrent Start) (Metadata GC Threshold) 73M->58M(8192M) 7.279ms
[2025-01-06T18:55:30.206+0000][7][gc,cpu      ] GC(8) User=0.03s Sys=0.01s Real=0.01s
[2025-01-06T18:55:30.206+0000][7][safepoint   ] Safepoint "CollectForMetadataAllocation", Time since last: 321374500 ns, Reaching safepoint: 192000 ns, At safepoint: 7478125 ns, Total: 7670125 ns
[2025-01-06T18:55:30.206+0000][7][gc          ] GC(9) Concurrent Mark Cycle
[2025-01-06T18:55:30.206+0000][7][gc,marking  ] GC(9) Concurrent Clear Claimed Marks
[2025-01-06T18:55:30.206+0000][7][gc,marking  ] GC(9) Concurrent Clear Claimed Marks 0.117ms
[2025-01-06T18:55:30.206+0000][7][gc,marking  ] GC(9) Concurrent Scan Root Regions
[2025-01-06T18:55:30.211+0000][7][gc,marking  ] GC(9) Concurrent Scan Root Regions 4.814ms
[2025-01-06T18:55:30.211+0000][7][gc,marking  ] GC(9) Concurrent Mark
[2025-01-06T18:55:30.211+0000][7][gc,marking  ] GC(9) Concurrent Mark From Roots
[2025-01-06T18:55:30.211+0000][7][gc,task     ] GC(9) Using 2 workers of 2 for marking
[2025-01-06T18:55:30.229+0000][7][gc,marking  ] GC(9) Concurrent Mark From Roots 17.421ms
[2025-01-06T18:55:30.229+0000][7][gc,marking  ] GC(9) Concurrent Preclean
[2025-01-06T18:55:30.229+0000][7][gc,marking  ] GC(9) Concurrent Preclean 0.323ms
[2025-01-06T18:55:30.230+0000][7][gc,start    ] GC(9) Pause Remark
[2025-01-06T18:55:30.285+0000][7][gc          ] GC(9) Pause Remark 62M->62M(8192M) 55.027ms
[2025-01-06T18:55:30.285+0000][7][gc,cpu      ] GC(9) User=0.03s Sys=0.02s Real=0.06s
[2025-01-06T18:55:30.285+0000][7][safepoint   ] Safepoint "G1Concurrent", Time since last: 23277125 ns, Reaching safepoint: 645500 ns, At safepoint: 55249042 ns, Total: 55894542 ns
[2025-01-06T18:55:30.285+0000][7][gc,marking  ] GC(9) Concurrent Mark 74.003ms
[2025-01-06T18:55:30.285+0000][7][gc,marking  ] GC(9) Concurrent Rebuild Remembered Sets
[2025-01-06T18:55:30.296+0000][7][gc,marking  ] GC(9) Concurrent Rebuild Remembered Sets 11.167ms
[2025-01-06T18:55:30.297+0000][7][gc,start    ] GC(9) Pause Cleanup
[2025-01-06T18:55:30.297+0000][7][gc          ] GC(9) Pause Cleanup 62M->62M(8192M) 0.230ms
[2025-01-06T18:55:30.297+0000][7][gc,cpu      ] GC(9) User=0.00s Sys=0.00s Real=0.00s
[2025-01-06T18:55:30.297+0000][7][safepoint   ] Safepoint "G1Concurrent", Time since last: 11489458 ns, Reaching safepoint: 199125 ns, At safepoint: 388959 ns, Total: 588084 ns
[2025-01-06T18:55:30.297+0000][7][gc,marking  ] GC(9) Concurrent Cleanup for Next Mark
[2025-01-06T18:55:30.299+0000][7][gc,marking  ] GC(9) Concurrent Cleanup for Next Mark 2.136ms
[2025-01-06T18:55:30.300+0000][7][gc          ] GC(9) Concurrent Mark Cycle 93.583ms
[2025-01-06T18:55:30.975+0000][7][safepoint   ] Safepoint "ICBufferFull", Time since last: 675955417 ns, Reaching safepoint: 1618333 ns, At safepoint: 7333 ns, Total: 1625666 ns
[2025-01-06T18:55:31.936+0000][7][safepoint   ] Safepoint "ICBufferFull", Time since last: 960553751 ns, Reaching safepoint: 1067833 ns, At safepoint: 10542 ns, Total: 1078375 ns
[2025-01-06T18:55:32.580+0000][7][safepoint   ] Safepoint "ICBufferFull", Time since last: 642484125 ns, Reaching safepoint: 739208 ns, At safepoint: 8334 ns, Total: 747542 ns
[2025-01-06T18:55:32.913+0000][7][safepoint   ] Safepoint "ICBufferFull", Time since last: 332299750 ns, Reaching safepoint: 690125 ns, At safepoint: 6833 ns, Total: 696958 ns
[2025-01-06T18:55:33.374+0000][7][safepoint   ] Safepoint "ICBufferFull", Time since last: 460704125 ns, Reaching safepoint: 1126709 ns, At safepoint: 11333 ns, Total: 1138042 ns
[2025-01-06T18:55:33.826+0000][7][safepoint   ] Safepoint "ICBufferFull", Time since last: 450864792 ns, Reaching safepoint: 833042 ns, At safepoint: 11041 ns, Total: 844083 ns
[2025-01-06T18:55:34.273+0000][7][safepoint   ] Safepoint "ICBufferFull", Time since last: 444657625 ns, Reaching safepoint: 1916500 ns, At safepoint: 26250 ns, Total: 1942750 ns
[2025-01-06T18:55:34.751+0000][7][gc,start    ] GC(10) Pause Young (Concurrent Start) (Metadata GC Threshold)
[2025-01-06T18:55:34.752+0000][7][gc,task     ] GC(10) Using 6 workers of 6 for evacuation
[2025-01-06T18:55:34.752+0000][7][gc,age      ] GC(10) Desired survivor size 48234496 bytes, new threshold 15 (max threshold 15)
[2025-01-06T18:55:34.775+0000][7][gc,age      ] GC(10) Age table with threshold 15 (max threshold 15)
[2025-01-06T18:55:34.775+0000][7][gc,age      ] GC(10) - age   1:   18609784 bytes,   18609784 total
[2025-01-06T18:55:34.775+0000][7][gc,age      ] GC(10) - age   2:     249464 bytes,   18859248 total
[2025-01-06T18:55:34.775+0000][7][gc,age      ] GC(10) - age   3:    9139680 bytes,   27998928 total
[2025-01-06T18:55:34.775+0000][7][gc,age      ] GC(10) - age   4:    9017632 bytes,   37016560 total
[2025-01-06T18:55:34.775+0000][7][gc,phases   ] GC(10)   Pre Evacuate Collection Set: 0.3ms
[2025-01-06T18:55:34.775+0000][7][gc,phases   ] GC(10)   Merge Heap Roots: 0.3ms
[2025-01-06T18:55:34.775+0000][7][gc,phases   ] GC(10)   Evacuate Collection Set: 21.0ms
[2025-01-06T18:55:34.775+0000][7][gc,phases   ] GC(10)   Post Evacuate Collection Set: 1.4ms
[2025-01-06T18:55:34.775+0000][7][gc,phases   ] GC(10)   Other: 0.8ms
[2025-01-06T18:55:34.775+0000][7][gc,heap     ] GC(10) Eden regions: 106->0(149)
[2025-01-06T18:55:34.775+0000][7][gc,heap     ] GC(10) Survivor regions: 5->10(23)
[2025-01-06T18:55:34.775+0000][7][gc,heap     ] GC(10) Old regions: 9->9
[2025-01-06T18:55:34.776+0000][7][gc,heap     ] GC(10) Archive regions: 2->2
[2025-01-06T18:55:34.776+0000][7][gc,heap     ] GC(10) Humongous regions: 2->2
[2025-01-06T18:55:34.776+0000][7][gc,metaspace] GC(10) Metaspace: 99872K(101376K)->99872K(101376K) NonClass: 85695K(86592K)->85695K(86592K) Class: 14177K(14784K)->14177K(14784K)
[2025-01-06T18:55:34.776+0000][7][gc          ] GC(10) Pause Young (Concurrent Start) (Metadata GC Threshold) 490M->84M(8192M) 24.222ms
[2025-01-06T18:55:34.776+0000][7][gc,cpu      ] GC(10) User=0.08s Sys=0.00s Real=0.03s
[2025-01-06T18:55:34.776+0000][7][gc          ] GC(11) Concurrent Mark Cycle
[2025-01-06T18:55:34.776+0000][7][gc,marking  ] GC(11) Concurrent Clear Claimed Marks
[2025-01-06T18:55:34.776+0000][7][gc,marking  ] GC(11) Concurrent Clear Claimed Marks 0.127ms
[2025-01-06T18:55:34.776+0000][7][gc,marking  ] GC(11) Concurrent Scan Root Regions
[2025-01-06T18:55:34.776+0000][7][safepoint   ] Safepoint "CollectForMetadataAllocation", Time since last: 477341501 ns, Reaching safepoint: 1300541 ns, At safepoint: 24495167 ns, Total: 25795708 ns
[2025-01-06T18:55:34.785+0000][7][gc,marking  ] GC(11) Concurrent Scan Root Regions 9.108ms
[2025-01-06T18:55:34.785+0000][7][gc,marking  ] GC(11) Concurrent Mark
[2025-01-06T18:55:34.785+0000][7][gc,marking  ] GC(11) Concurrent Mark From Roots
[2025-01-06T18:55:34.785+0000][7][gc,task     ] GC(11) Using 2 workers of 2 for marking
[2025-01-06T18:55:34.802+0000][7][gc,marking  ] GC(11) Concurrent Mark From Roots 16.589ms
[2025-01-06T18:55:34.802+0000][7][gc,marking  ] GC(11) Concurrent Preclean
[2025-01-06T18:55:34.802+0000][7][gc,marking  ] GC(11) Concurrent Preclean 0.222ms
[2025-01-06T18:55:34.803+0000][7][gc,start    ] GC(11) Pause Remark
[2025-01-06T18:55:34.879+0000][7][gc          ] GC(11) Pause Remark 88M->88M(8192M) 76.129ms
[2025-01-06T18:55:34.879+0000][7][gc,cpu      ] GC(11) User=0.04s Sys=0.02s Real=0.08s
[2025-01-06T18:55:34.879+0000][7][safepoint   ] Safepoint "G1Concurrent", Time since last: 26573833 ns, Reaching safepoint: 366792 ns, At safepoint: 76390167 ns, Total: 76756959 ns
[2025-01-06T18:55:34.879+0000][7][gc,marking  ] GC(11) Concurrent Mark 94.046ms
[2025-01-06T18:55:34.879+0000][7][gc,marking  ] GC(11) Concurrent Rebuild Remembered Sets
[2025-01-06T18:55:34.891+0000][7][gc,marking  ] GC(11) Concurrent Rebuild Remembered Sets 11.990ms
[2025-01-06T18:55:34.893+0000][7][gc,start    ] GC(11) Pause Cleanup
[2025-01-06T18:55:34.893+0000][7][gc          ] GC(11) Pause Cleanup 88M->88M(8192M) 0.384ms
[2025-01-06T18:55:34.893+0000][7][gc,cpu      ] GC(11) User=0.00s Sys=0.00s Real=0.00s
[2025-01-06T18:55:34.893+0000][7][safepoint   ] Safepoint "G1Concurrent", Time since last: 12453333 ns, Reaching safepoint: 1174208 ns, At safepoint: 576584 ns, Total: 1750792 ns
[2025-01-06T18:55:34.894+0000][7][gc,marking  ] GC(11) Concurrent Cleanup for Next Mark
[2025-01-06T18:55:34.896+0000][7][gc,marking  ] GC(11) Concurrent Cleanup for Next Mark 2.162ms
[2025-01-06T18:55:34.896+0000][7][gc          ] GC(11) Concurrent Mark Cycle 120.317ms
[2025-01-06T18:55:36.021+0000][7][safepoint   ] Safepoint "Cleanup", Time since last: 1125805959 ns, Reaching safepoint: 1717375 ns, At safepoint: 31958 ns, Total: 1749333 ns
[2025-01-06T18:55:36.479+0000][7][safepoint   ] Safepoint "ICBufferFull", Time since last: 457314292 ns, Reaching safepoint: 985458 ns, At safepoint: 10000 ns, Total: 995458 ns
[2025-01-06T18:55:37.482+0000][7][safepoint   ] Safepoint "Cleanup", Time since last: 1001193459 ns, Reaching safepoint: 1903667 ns, At safepoint: 13000 ns, Total: 1916667 ns
[2025-01-06T18:55:38.557+0000][7][safepoint   ] Safepoint "Cleanup", Time since last: 1071993875 ns, Reaching safepoint: 2580292 ns, At safepoint: 26708 ns, Total: 2607000 ns
[2025-01-06T18:55:39.558+0000][7][safepoint   ] Safepoint "Cleanup", Time since last: 1000823959 ns, Reaching safepoint: 241292 ns, At safepoint: 36125 ns, Total: 277417 ns
[2025-01-06T18:55:43.564+0000][7][safepoint   ] Safepoint "Cleanup", Time since last: 4004736043 ns, Reaching safepoint: 1267209 ns, At safepoint: 24125 ns, Total: 1291334 ns
[2025-01-06T18:55:49.572+0000][7][safepoint   ] Safepoint "Cleanup", Time since last: 6007585377 ns, Reaching safepoint: 149416 ns, At safepoint: 6000 ns, Total: 155416 ns
[2025-01-06T18:55:50.573+0000][7][safepoint   ] Safepoint "Cleanup", Time since last: 1000842418 ns, Reaching safepoint: 124583 ns, At safepoint: 5500 ns, Total: 130083 ns
[2025-01-06T18:55:52.576+0000][7][safepoint   ] Safepoint "Cleanup", Time since last: 2002372459 ns, Reaching safepoint: 151417 ns, At safepoint: 6042 ns, Total: 157459 ns
[2025-01-06T18:55:53.576+0000][7][safepoint   ] Safepoint "Cleanup", Time since last: 1000376917 ns, Reaching safepoint: 211333 ns, At safepoint: 5625 ns, Total: 216958 ns
[2025-01-06T18:55:54.578+0000][7][safepoint   ] Safepoint "Cleanup", Time since last: 1001230709 ns, Reaching safepoint: 129375 ns, At safepoint: 5791 ns, Total: 135166 ns
[2025-01-06T18:55:55.582+0000][7][safepoint   ] Safepoint "Cleanup", Time since last: 1002776376 ns, Reaching safepoint: 1864667 ns, At safepoint: 23041 ns, Total: 1887708 ns
[2025-01-06T18:55:59.597+0000][7][safepoint   ] Safepoint "Cleanup", Time since last: 4013509502 ns, Reaching safepoint: 1016709 ns, At safepoint: 48791 ns, Total: 1065500 ns
[2025-01-06T18:56:00.604+0000][7][safepoint   ] Safepoint "Cleanup", Time since last: 1006293584 ns, Reaching safepoint: 620708 ns, At safepoint: 19209 ns, Total: 639917 ns
[2025-01-06T18:56:01.608+0000][7][safepoint   ] Safepoint "Cleanup", Time since last: 1002503125 ns, Reaching safepoint: 2094209 ns, At safepoint: 39166 ns, Total: 2133375 ns
[2025-01-06T18:56:02.612+0000][7][safepoint   ] Safepoint "Cleanup", Time since last: 1002933709 ns, Reaching safepoint: 892750 ns, At safepoint: 36667 ns, Total: 929417 ns
[2025-01-06T18:56:03.615+0000][7][safepoint   ] Safepoint "Cleanup", Time since last: 1001866042 ns, Reaching safepoint: 1047250 ns, At safepoint: 31541 ns, Total: 1078791 ns
[2025-01-06T18:56:04.619+0000][7][safepoint   ] Safepoint "Cleanup", Time since last: 1003093918 ns, Reaching safepoint: 1043458 ns, At safepoint: 36250 ns, Total: 1079708 ns
[2025-01-06T18:56:06.628+0000][7][safepoint   ] Safepoint "Cleanup", Time since last: 2007894001 ns, Reaching safepoint: 786042 ns, At safepoint: 29250 ns, Total: 815292 ns
[2025-01-06T18:56:13.645+0000][7][safepoint   ] Safepoint "Cleanup", Time since last: 7015221295 ns, Reaching safepoint: 1243333 ns, At safepoint: 35583 ns, Total: 1278916 ns
[2025-01-06T18:56:14.648+0000][7][safepoint   ] Safepoint "Cleanup", Time since last: 1003753750 ns, Reaching safepoint: 239667 ns, At safepoint: 9458 ns, Total: 249125 ns
[2025-01-06T18:56:16.658+0000][7][safepoint   ] Safepoint "Cleanup", Time since last: 2007457543 ns, Reaching safepoint: 2026708 ns, At safepoint: 32000 ns, Total: 2058708 ns
[2025-01-06T18:56:22.676+0000][7][safepoint   ] Safepoint "Cleanup", Time since last: 6017059795 ns, Reaching safepoint: 941625 ns, At safepoint: 23083 ns, Total: 964708 ns
[2025-01-06T18:56:23.753+0000][7][safepoint   ] Safepoint "Cleanup", Time since last: 1076847376 ns, Reaching safepoint: 379041 ns, At safepoint: 12042 ns, Total: 391083 ns
[2025-01-06T18:56:24.812+0000][7][safepoint   ] Safepoint "Cleanup", Time since last: 1056738334 ns, Reaching safepoint: 1980958 ns, At safepoint: 30209 ns, Total: 2011167 ns
[2025-01-06T18:56:26.823+0000][7][safepoint   ] Safepoint "Cleanup", Time since last: 2010178626 ns, Reaching safepoint: 1014541 ns, At safepoint: 33584 ns, Total: 1048125 ns
[2025-01-06T18:56:29.831+0000][7][safepoint   ] Safepoint "Cleanup", Time since last: 3007906459 ns, Reaching safepoint: 163625 ns, At safepoint: 5875 ns, Total: 169500 ns
[2025-01-06T18:56:31.835+0000][7][safepoint   ] Safepoint "Cleanup", Time since last: 2003139918 ns, Reaching safepoint: 857083 ns, At safepoint: 12459 ns, Total: 869542 ns
[2025-01-06T18:56:34.841+0000][7][safepoint   ] Safepoint "Cleanup", Time since last: 3005784751 ns, Reaching safepoint: 195667 ns, At safepoint: 20458 ns, Total: 216125 ns
[2025-01-06T18:56:35.842+0000][7][safepoint   ] Safepoint "Cleanup", Time since last: 1000728292 ns, Reaching safepoint: 406292 ns, At safepoint: 26417 ns, Total: 432709 ns
[2025-01-06T18:56:39.860+0000][7][safepoint   ] Safepoint "Cleanup", Time since last: 4015462501 ns, Reaching safepoint: 1834209 ns, At safepoint: 72291 ns, Total: 1906500 ns
[2025-01-06T18:56:40.862+0000][7][safepoint   ] Safepoint "Cleanup", Time since last: 1001327459 ns, Reaching safepoint: 552209 ns, At safepoint: 30291 ns, Total: 582500 ns
[2025-01-06T18:56:41.863+0000][7][safepoint   ] Safepoint "Cleanup", Time since last: 1001171792 ns, Reaching safepoint: 227875 ns, At safepoint: 5792 ns, Total: 233667 ns
[2025-01-06T18:56:42.872+0000][7][safepoint   ] Safepoint "Cleanup", Time since last: 1005378626 ns, Reaching safepoint: 3171750 ns, At safepoint: 45250 ns, Total: 3217000 ns
[2025-01-06T18:56:43.881+0000][7][safepoint   ] Safepoint "Cleanup", Time since last: 1007651417 ns, Reaching safepoint: 1419291 ns, At safepoint: 26792 ns, Total: 1446083 ns
[2025-01-06T18:56:49.898+0000][7][safepoint   ] Safepoint "Cleanup", Time since last: 6016275419 ns, Reaching safepoint: 712416 ns, At safepoint: 35750 ns, Total: 748166 ns
[2025-01-06T18:56:50.909+0000][7][safepoint   ] Safepoint "Cleanup", Time since last: 1003624792 ns, Reaching safepoint: 7875209 ns, At safepoint: 37458 ns, Total: 7912667 ns
[2025-01-06T18:56:59.938+0000][7][safepoint   ] Safepoint "Cleanup", Time since last: 9028078629 ns, Reaching safepoint: 792334 ns, At safepoint: 30166 ns, Total: 822500 ns
[2025-01-06T18:57:03.943+0000][7][safepoint   ] Safepoint "Cleanup", Time since last: 4004656711 ns, Reaching safepoint: 266500 ns, At safepoint: 18708 ns, Total: 285208 ns
[2025-01-06T18:57:04.949+0000][7][safepoint   ] Safepoint "Cleanup", Time since last: 1005712709 ns, Reaching safepoint: 520541 ns, At safepoint: 30500 ns, Total: 551041 ns
[2025-01-06T18:57:09.969+0000][7][safepoint   ] Safepoint "Cleanup", Time since last: 5018571294 ns, Reaching safepoint: 816750 ns, At safepoint: 26167 ns, Total: 842917 ns
[2025-01-06T18:57:10.972+0000][7][safepoint   ] Safepoint "Cleanup", Time since last: 1002777584 ns, Reaching safepoint: 822458 ns, At safepoint: 36459 ns, Total: 858917 ns
[2025-01-06T18:57:13.984+0000][7][safepoint   ] Safepoint "Cleanup", Time since last: 3011322209 ns, Reaching safepoint: 200500 ns, At safepoint: 22875 ns, Total: 223375 ns
[2025-01-06T18:57:14.989+0000][7][safepoint   ] Safepoint "Cleanup", Time since last: 1003595875 ns, Reaching safepoint: 802417 ns, At safepoint: 35958 ns, Total: 838375 ns
[2025-01-06T18:57:18.005+0000][7][safepoint   ] Safepoint "Cleanup", Time since last: 3015443710 ns, Reaching safepoint: 509917 ns, At safepoint: 30000 ns, Total: 539917 ns
[2025-01-06T18:57:25.014+0000][7][safepoint   ] Safepoint "Cleanup", Time since last: 7008425795 ns, Reaching safepoint: 894250 ns, At safepoint: 55625 ns, Total: 949875 ns
[2025-01-06T18:57:33.034+0000][7][safepoint   ] Safepoint "Cleanup", Time since last: 8019439087 ns, Reaching safepoint: 391250 ns, At safepoint: 27042 ns, Total: 418292 ns
[2025-01-06T18:57:35.038+0000][7][safepoint   ] Safepoint "Cleanup", Time since last: 2003100125 ns, Reaching safepoint: 688417 ns, At safepoint: 34417 ns, Total: 722834 ns
[2025-01-06T18:57:40.056+0000][7][safepoint   ] Safepoint "Cleanup", Time since last: 5017609252 ns, Reaching safepoint: 734834 ns, At safepoint: 49208 ns, Total: 784042 ns
[2025-01-06T18:57:41.059+0000][7][safepoint   ] Safepoint "Cleanup", Time since last: 1001914084 ns, Reaching safepoint: 1026166 ns, At safepoint: 51667 ns, Total: 1077833 ns
[2025-01-06T18:57:45.068+0000][7][safepoint   ] Safepoint "Cleanup", Time since last: 4007328793 ns, Reaching safepoint: 1615917 ns, At safepoint: 34500 ns, Total: 1650417 ns
[2025-01-06T18:57:53.090+0000][7][safepoint   ] Safepoint "Cleanup", Time since last: 8021301712 ns, Reaching safepoint: 696333 ns, At safepoint: 30542 ns, Total: 726875 ns
[2025-01-06T18:57:55.094+0000][7][safepoint   ] Safepoint "Cleanup", Time since last: 2003679584 ns, Reaching safepoint: 633917 ns, At safepoint: 47625 ns, Total: 681542 ns
[2025-01-06T18:58:02.116+0000][7][safepoint   ] Safepoint "Cleanup", Time since last: 7020656378 ns, Reaching safepoint: 699209 ns, At safepoint: 39583 ns, Total: 738792 ns
[2025-01-06T18:58:11.160+0000][7][safepoint   ] Safepoint "Cleanup", Time since last: 9043520296 ns, Reaching safepoint: 971083 ns, At safepoint: 34292 ns, Total: 1005375 ns
[2025-01-06T18:58:18.188+0000][7][safepoint   ] Safepoint "Cleanup", Time since last: 7026876128 ns, Reaching safepoint: 805125 ns, At safepoint: 35083 ns, Total: 840208 ns
[2025-01-06T18:58:33.240+0000][7][safepoint   ] Safepoint "Cleanup", Time since last: 15050588799 ns, Reaching safepoint: 1439875 ns, At safepoint: 53208 ns, Total: 1493083 ns
[2025-01-06T18:58:34.244+0000][7][safepoint   ] Safepoint "Cleanup", Time since last: 1002079584 ns, Reaching safepoint: 995750 ns, At safepoint: 40000 ns, Total: 1035750 ns
[2025-01-06T18:58:38.263+0000][7][safepoint   ] Safepoint "Cleanup", Time since last: 4018875294 ns, Reaching safepoint: 808333 ns, At safepoint: 38625 ns, Total: 846958 ns
[2025-01-06T18:58:43.273+0000][7][safepoint   ] Safepoint "Cleanup", Time since last: 5009055669 ns, Reaching safepoint: 652833 ns, At safepoint: 33625 ns, Total: 686458 ns
[2025-01-06T18:58:56.313+0000][7][safepoint   ] Safepoint "Cleanup", Time since last: 13039369464 ns, Reaching safepoint: 421750 ns, At safepoint: 19458 ns, Total: 441208 ns
[2025-01-06T18:59:01.320+0000][7][safepoint   ] Safepoint "Cleanup", Time since last: 5005845669 ns, Reaching safepoint: 1004792 ns, At safepoint: 34458 ns, Total: 1039250 ns
[2025-01-06T18:59:04.330+0000][7][safepoint   ] Safepoint "Cleanup", Time since last: 3009261127 ns, Reaching safepoint: 828625 ns, At safepoint: 38708 ns, Total: 867333 ns
[2025-01-06T18:59:05.332+0000][7][safepoint   ] Safepoint "Cleanup", Time since last: 1001678209 ns, Reaching safepoint: 230667 ns, At safepoint: 16041 ns, Total: 246708 ns
[2025-01-06T18:59:15.365+0000][7][safepoint   ] Safepoint "Cleanup", Time since last: 10033406921 ns, Reaching safepoint: 205083 ns, At safepoint: 7792 ns, Total: 212875 ns
[2025-01-06T18:59:21.387+0000][7][safepoint   ] Safepoint "Cleanup", Time since last: 6021235253 ns, Reaching safepoint: 690292 ns, At safepoint: 33500 ns, Total: 723792 ns
[2025-01-06T18:59:24.393+0000][7][safepoint   ] Safepoint "Cleanup", Time since last: 3004900543 ns, Reaching safepoint: 592333 ns, At safepoint: 31208 ns, Total: 623541 ns
[2025-01-06T18:59:26.402+0000][7][safepoint   ] Safepoint "Cleanup", Time since last: 2008480251 ns, Reaching safepoint: 869125 ns, At safepoint: 34167 ns, Total: 903292 ns
[2025-01-06T18:59:30.420+0000][7][safepoint   ] Safepoint "Cleanup", Time since last: 4016902627 ns, Reaching safepoint: 387792 ns, At safepoint: 40708 ns, Total: 428500 ns
[2025-01-06T18:59:31.422+0000][7][safepoint   ] Safepoint "Cleanup", Time since last: 1001172375 ns, Reaching safepoint: 622625 ns, At safepoint: 29875 ns, Total: 652500 ns
[2025-01-06T18:59:34.429+0000][7][safepoint   ] Safepoint "Cleanup", Time since last: 3007082252 ns, Reaching safepoint: 659291 ns, At safepoint: 84875 ns, Total: 744166 ns
[2025-01-06T18:59:35.431+0000][7][safepoint   ] Safepoint "Cleanup", Time since last: 1001152001 ns, Reaching safepoint: 590667 ns, At safepoint: 22416 ns, Total: 613083 ns
[2025-01-06T18:59:36.437+0000][7][safepoint   ] Safepoint "Cleanup", Time since last: 1005114626 ns, Reaching safepoint: 556916 ns, At safepoint: 28542 ns, Total: 585458 ns
[2025-01-06T18:59:45.716+0000][7][safepoint   ] Safepoint "Cleanup", Time since last: 9278498504 ns, Reaching safepoint: 115292 ns, At safepoint: 7875 ns, Total: 123167 ns
[2025-01-06T18:59:46.717+0000][7][safepoint   ] Safepoint "Cleanup", Time since last: 1001015209 ns, Reaching safepoint: 630625 ns, At safepoint: 37625 ns, Total: 668250 ns
[2025-01-06T19:00:03.769+0000][7][safepoint   ] Safepoint "Cleanup", Time since last: 17050692341 ns, Reaching safepoint: 758750 ns, At safepoint: 34334 ns, Total: 793084 ns
[2025-01-06T19:00:06.777+0000][7][safepoint   ] Safepoint "Cleanup", Time since last: 3006265084 ns, Reaching safepoint: 1632042 ns, At safepoint: 35208 ns, Total: 1667250 ns
[2025-01-06T19:00:13.801+0000][7][safepoint   ] Safepoint "Cleanup", Time since last: 7023928795 ns, Reaching safepoint: 625459 ns, At safepoint: 42166 ns, Total: 667625 ns
[2025-01-06T19:00:19.821+0000][7][safepoint   ] Safepoint "Cleanup", Time since last: 6018352669 ns, Reaching safepoint: 663500 ns, At safepoint: 38333 ns, Total: 701833 ns
[2025-01-06T19:00:20.823+0000][7][safepoint   ] Safepoint "Cleanup", Time since last: 1001984251 ns, Reaching safepoint: 754458 ns, At safepoint: 35792 ns, Total: 790250 ns
[2025-01-06T19:00:26.844+0000][7][safepoint   ] Safepoint "Cleanup", Time since last: 6020211544 ns, Reaching safepoint: 724459 ns, At safepoint: 36000 ns, Total: 760459 ns
[2025-01-06T19:00:34.872+0000][7][safepoint   ] Safepoint "Cleanup", Time since last: 8026491462 ns, Reaching safepoint: 757291 ns, At safepoint: 28250 ns, Total: 785541 ns
[2025-01-06T19:00:36.878+0000][7][safepoint   ] Safepoint "Cleanup", Time since last: 2004861626 ns, Reaching safepoint: 1029000 ns, At safepoint: 37542 ns, Total: 1066542 ns
[2025-01-06T19:00:39.892+0000][7][safepoint   ] Safepoint "Cleanup", Time since last: 3014351043 ns, Reaching safepoint: 549875 ns, At safepoint: 37375 ns, Total: 587250 ns
[2025-01-06T19:00:46.926+0000][7][safepoint   ] Safepoint "Cleanup", Time since last: 7032374878 ns, Reaching safepoint: 866167 ns, At safepoint: 35458 ns, Total: 901625 ns
[2025-01-06T19:00:56.957+0000][7][safepoint   ] Safepoint "Cleanup", Time since last: 10030439088 ns, Reaching safepoint: 753084 ns, At safepoint: 29333 ns, Total: 782417 ns
[2025-01-06T19:01:17.015+0000][7][safepoint   ] Safepoint "Cleanup", Time since last: 20057825259 ns, Reaching safepoint: 270375 ns, At safepoint: 15750 ns, Total: 286125 ns
[2025-01-06T19:01:34.076+0000][7][safepoint   ] Safepoint "Cleanup", Time since last: 17059633633 ns, Reaching safepoint: 853667 ns, At safepoint: 22333 ns, Total: 876000 ns
[2025-01-06T19:01:38.082+0000][7][safepoint   ] Safepoint "Cleanup", Time since last: 4005627294 ns, Reaching safepoint: 753875 ns, At safepoint: 30416 ns, Total: 784291 ns
[2025-01-06T19:01:44.101+0000][7][safepoint   ] Safepoint "Cleanup", Time since last: 6018196461 ns, Reaching safepoint: 720167 ns, At safepoint: 32250 ns, Total: 752417 ns
[2025-01-06T19:01:45.104+0000][7][safepoint   ] Safepoint "Cleanup", Time since last: 1002269292 ns, Reaching safepoint: 840625 ns, At safepoint: 29750 ns, Total: 870375 ns
[2025-01-06T19:01:54.133+0000][7][safepoint   ] Safepoint "Cleanup", Time since last: 9027854629 ns, Reaching safepoint: 653292 ns, At safepoint: 27792 ns, Total: 681084 ns
[2025-01-06T19:01:55.139+0000][7][safepoint   ] Safepoint "Cleanup", Time since last: 1005459417 ns, Reaching safepoint: 647625 ns, At safepoint: 33458 ns, Total: 681083 ns
[2025-01-06T19:02:04.170+0000][7][safepoint   ] Safepoint "Cleanup", Time since last: 9030175004 ns, Reaching safepoint: 1077084 ns, At safepoint: 36458 ns, Total: 1113542 ns
[2025-01-06T19:02:07.183+0000][7][safepoint   ] Safepoint "Cleanup", Time since last: 3011217210 ns, Reaching safepoint: 863916 ns, At safepoint: 30625 ns, Total: 894541 ns
[2025-01-06T19:02:08.186+0000][7][safepoint   ] Safepoint "Cleanup", Time since last: 1002086126 ns, Reaching safepoint: 1185375 ns, At safepoint: 35208 ns, Total: 1220583 ns
[2025-01-06T19:02:28.252+0000][7][safepoint   ] Safepoint "Cleanup", Time since last: 20066633342 ns, Reaching safepoint: 1198084 ns, At safepoint: 36458 ns, Total: 1234542 ns
[2025-01-06T19:02:32.266+0000][7][safepoint   ] Safepoint "Cleanup", Time since last: 4013210502 ns, Reaching safepoint: 660666 ns, At safepoint: 36084 ns, Total: 696750 ns
[2025-01-06T19:02:34.272+0000][7][safepoint   ] Safepoint "Cleanup", Time since last: 2004955959 ns, Reaching safepoint: 472208 ns, At safepoint: 47167 ns, Total: 519375 ns
[2025-01-06T19:02:37.280+0000][7][safepoint   ] Safepoint "Cleanup", Time since last: 3007359668 ns, Reaching safepoint: 557667 ns, At safepoint: 35875 ns, Total: 593542 ns
[2025-01-06T19:02:38.286+0000][7][safepoint   ] Safepoint "Cleanup", Time since last: 1006172334 ns, Reaching safepoint: 714541 ns, At safepoint: 40167 ns, Total: 754708 ns
[2025-01-06T19:02:58.348+0000][7][safepoint   ] Safepoint "Cleanup", Time since last: 20059144134 ns, Reaching safepoint: 985000 ns, At safepoint: 30416 ns, Total: 1015416 ns
[2025-01-06T19:03:04.367+0000][7][safepoint   ] Safepoint "Cleanup", Time since last: 6018307920 ns, Reaching safepoint: 736041 ns, At safepoint: 35125 ns, Total: 771166 ns
[2025-01-06T19:03:06.372+0000][7][safepoint   ] Safepoint "Cleanup", Time since last: 2003683126 ns, Reaching safepoint: 899542 ns, At safepoint: 16417 ns, Total: 915959 ns
[2025-01-06T19:03:08.381+0000][7][safepoint   ] Safepoint "Cleanup", Time since last: 2008200834 ns, Reaching safepoint: 1165792 ns, At safepoint: 31625 ns, Total: 1197417 ns
[2025-01-06T19:03:14.401+0000][7][safepoint   ] Safepoint "Cleanup", Time since last: 6018316669 ns, Reaching safepoint: 587250 ns, At safepoint: 17833 ns, Total: 605083 ns
[2025-01-06T19:03:37.486+0000][7][safepoint   ] Safepoint "Cleanup", Time since last: 23084271011 ns, Reaching safepoint: 696292 ns, At safepoint: 31667 ns, Total: 727959 ns
[2025-01-06T19:03:39.489+0000][7][safepoint   ] Safepoint "Cleanup", Time since last: 2001638084 ns, Reaching safepoint: 1240375 ns, At safepoint: 33375 ns, Total: 1273750 ns
[2025-01-06T19:03:49.530+0000][7][safepoint   ] Safepoint "Cleanup", Time since last: 10039844004 ns, Reaching safepoint: 1152667 ns, At safepoint: 47375 ns, Total: 1200042 ns
[2025-01-06T19:03:50.532+0000][7][safepoint   ] Safepoint "Cleanup", Time since last: 1001685459 ns, Reaching safepoint: 267833 ns, At safepoint: 34833 ns, Total: 302666 ns
[2025-01-06T19:03:58.565+0000][7][safepoint   ] Safepoint "Cleanup", Time since last: 8032505837 ns, Reaching safepoint: 717084 ns, At safepoint: 12041 ns, Total: 729125 ns
[2025-01-06T19:03:59.567+0000][7][safepoint   ] Safepoint "Cleanup", Time since last: 1000993792 ns, Reaching safepoint: 1121959 ns, At safepoint: 31458 ns, Total: 1153417 ns
[2025-01-06T19:04:04.584+0000][7][safepoint   ] Safepoint "Cleanup", Time since last: 5015449544 ns, Reaching safepoint: 1367792 ns, At safepoint: 38167 ns, Total: 1405959 ns
[2025-01-06T19:04:09.600+0000][7][safepoint   ] Safepoint "Cleanup", Time since last: 5015401127 ns, Reaching safepoint: 1061583 ns, At safepoint: 49667 ns, Total: 1111250 ns
[2025-01-06T19:04:19.642+0000][7][safepoint   ] Safepoint "Cleanup", Time since last: 10040864754 ns, Reaching safepoint: 714125 ns, At safepoint: 45917 ns, Total: 760042 ns
[2025-01-06T19:04:24.670+0000][7][safepoint   ] Safepoint "Cleanup", Time since last: 5027052044 ns, Reaching safepoint: 746250 ns, At safepoint: 30000 ns, Total: 776250 ns
[2025-01-06T19:04:26.677+0000][7][safepoint   ] Safepoint "Cleanup", Time since last: 2006243668 ns, Reaching safepoint: 660583 ns, At safepoint: 32417 ns, Total: 693000 ns
[2025-01-06T19:04:29.687+0000][7][safepoint   ] Safepoint "Cleanup", Time since last: 3009100335 ns, Reaching safepoint: 672958 ns, At safepoint: 32417 ns, Total: 705375 ns
[2025-01-06T19:04:33.696+0000][7][safepoint   ] Safepoint "Cleanup", Time since last: 4009108126 ns, Reaching safepoint: 102792 ns, At safepoint: 9042 ns, Total: 111834 ns
[2025-01-06T19:04:34.698+0000][7][safepoint   ] Safepoint "Cleanup", Time since last: 1001841459 ns, Reaching safepoint: 655500 ns, At safepoint: 31291 ns, Total: 686791 ns
[2025-01-06T19:04:36.706+0000][7][safepoint   ] Safepoint "Cleanup", Time since last: 2006616376 ns, Reaching safepoint: 780292 ns, At safepoint: 48875 ns, Total: 829167 ns
[2025-01-06T19:04:39.686+0000][7][gc,heap,exit] Heap
[2025-01-06T19:04:39.686+0000][7][gc,heap,exit]  garbage-first heap   total 8388608K, used 513325K [0x0000000600000000, 0x0000000800000000)
[2025-01-06T19:04:39.687+0000][7][gc,heap,exit]   region size 4096K, 115 young (471040K), 10 survivors (40960K)
[2025-01-06T19:04:39.687+0000][7][gc,heap,exit]  Metaspace       used 106068K, committed 107712K, reserved 1146880K
[2025-01-06T19:04:39.687+0000][7][gc,heap,exit]   class space    used 14966K, committed 15616K, reserved 1048576K
