[2025-01-06T19:27:12.350+0000][7][gc] Using G1
[2025-01-06T19:27:12.407+0000][7][gc,init] Version: 17.0.2+8 (release)
[2025-01-06T19:27:12.407+0000][7][gc,init] CPUs: 10 total, 6 available
[2025-01-06T19:27:12.407+0000][7][gc,init] Memory: 16384M
[2025-01-06T19:27:12.407+0000][7][gc,init] Large Page Support: Disabled
[2025-01-06T19:27:12.408+0000][7][gc,init] NUMA Support: Disabled
[2025-01-06T19:27:12.408+0000][7][gc,init] Compressed Oops: Enabled (Zero based)
[2025-01-06T19:27:12.408+0000][7][gc,init] Heap Region Size: 4M
[2025-01-06T19:27:12.408+0000][7][gc,init] Heap Min Capacity: 8G
[2025-01-06T19:27:12.408+0000][7][gc,init] Heap Initial Capacity: 8G
[2025-01-06T19:27:12.408+0000][7][gc,init] Heap Max Capacity: 8G
[2025-01-06T19:27:12.408+0000][7][gc,init] Pre-touch: Enabled
[2025-01-06T19:27:12.408+0000][7][gc,init] Parallel Workers: 6
[2025-01-06T19:27:12.408+0000][7][gc,init] Concurrent Workers: 2
[2025-01-06T19:27:12.408+0000][7][gc,init] Concurrent Refinement Workers: 6
[2025-01-06T19:27:12.408+0000][7][gc,init] Periodic GC: Disabled
[2025-01-06T19:27:12.410+0000][7][gc,metaspace] CDS archive(s) mapped at: [0x0000000800000000-0x0000000800bd2000-0x0000000800bd2000), size 12394496, SharedBaseAddress: 0x0000000800000000, ArchiveRelocationMode: 0.
[2025-01-06T19:27:12.410+0000][7][gc,metaspace] Compressed class space mapped at: 0x0000000800c00000-0x0000000840c00000, reserved size: 1073741824
[2025-01-06T19:27:12.410+0000][7][gc,metaspace] Narrow klass base: 0x0000000800000000, Narrow klass shift: 0, Narrow klass range: 0x100000000
[2025-01-06T19:27:13.310+0000][7][safepoint   ] Safepoint "ICBufferFull", Time since last: 861646959 ns, Reaching safepoint: 942125 ns, At safepoint: 197834 ns, Total: 1139959 ns
[2025-01-06T19:27:13.880+0000][7][safepoint   ] Safepoint "ICBufferFull", Time since last: 568856833 ns, Reaching safepoint: 619417 ns, At safepoint: 3208 ns, Total: 622625 ns
[2025-01-06T19:27:14.617+0000][7][safepoint   ] Safepoint "ICBufferFull", Time since last: 736610084 ns, Reaching safepoint: 913833 ns, At safepoint: 12292 ns, Total: 926125 ns
[2025-01-06T19:27:15.193+0000][7][safepoint   ] Safepoint "ICBufferFull", Time since last: 573961083 ns, Reaching safepoint: 882166 ns, At safepoint: 4375 ns, Total: 886541 ns
[2025-01-06T19:27:15.202+0000][7][safepoint   ] Safepoint "ICBufferFull", Time since last: 8932125 ns, Reaching safepoint: 105584 ns, At safepoint: 3583 ns, Total: 109167 ns
[2025-01-06T19:27:15.213+0000][7][safepoint   ] Safepoint "ICBufferFull", Time since last: 10666000 ns, Reaching safepoint: 92083 ns, At safepoint: 3209 ns, Total: 95292 ns
[2025-01-06T19:27:15.221+0000][7][safepoint   ] Safepoint "ICBufferFull", Time since last: 8355375 ns, Reaching safepoint: 76333 ns, At safepoint: 2917 ns, Total: 79250 ns
[2025-01-06T19:27:15.229+0000][7][safepoint   ] Safepoint "ICBufferFull", Time since last: 8196416 ns, Reaching safepoint: 59209 ns, At safepoint: 2041 ns, Total: 61250 ns
[2025-01-06T19:27:15.237+0000][7][safepoint   ] Safepoint "ICBufferFull", Time since last: 7874459 ns, Reaching safepoint: 57666 ns, At safepoint: 1959 ns, Total: 59625 ns
[2025-01-06T19:27:15.665+0000][7][safepoint   ] Safepoint "ICBufferFull", Time since last: 426863291 ns, Reaching safepoint: 738417 ns, At safepoint: 8958 ns, Total: 747375 ns
[2025-01-06T19:27:15.871+0000][7][gc,start    ] GC(0) Pause Young (Normal) (G1 Evacuation Pause)
[2025-01-06T19:27:15.871+0000][7][gc,task     ] GC(0) Using 6 workers of 6 for evacuation
[2025-01-06T19:27:15.872+0000][7][gc,age      ] GC(0) Desired survivor size 27262976 bytes, new threshold 15 (max threshold 15)
[2025-01-06T19:27:15.935+0000][7][gc,age      ] GC(0) Age table with threshold 15 (max threshold 15)
[2025-01-06T19:27:15.936+0000][7][gc,age      ] GC(0) - age   1:   14562144 bytes,   14562144 total
[2025-01-06T19:27:15.938+0000][7][gc,phases   ] GC(0)   Pre Evacuate Collection Set: 1.4ms
[2025-01-06T19:27:15.938+0000][7][gc,phases   ] GC(0)   Merge Heap Roots: 5.6ms
[2025-01-06T19:27:15.938+0000][7][gc,phases   ] GC(0)   Evacuate Collection Set: 46.3ms
[2025-01-06T19:27:15.938+0000][7][gc,phases   ] GC(0)   Post Evacuate Collection Set: 9.1ms
[2025-01-06T19:27:15.939+0000][7][gc,phases   ] GC(0)   Other: 4.1ms
[2025-01-06T19:27:15.939+0000][7][gc,heap     ] GC(0) Eden regions: 102->0(98)
[2025-01-06T19:27:15.939+0000][7][gc,heap     ] GC(0) Survivor regions: 0->4(13)
[2025-01-06T19:27:15.939+0000][7][gc,heap     ] GC(0) Old regions: 0->0
[2025-01-06T19:27:15.939+0000][7][gc,heap     ] GC(0) Archive regions: 2->2
[2025-01-06T19:27:15.939+0000][7][gc,heap     ] GC(0) Humongous regions: 0->0
[2025-01-06T19:27:15.939+0000][7][gc,metaspace] GC(0) Metaspace: 18619K(19008K)->18619K(19008K) NonClass: 16360K(16576K)->16360K(16576K) Class: 2259K(2432K)->2259K(2432K)
[2025-01-06T19:27:15.940+0000][7][gc          ] GC(0) Pause Young (Normal) (G1 Evacuation Pause) 411M->18M(8192M) 68.848ms
[2025-01-06T19:27:15.940+0000][7][gc,cpu      ] GC(0) User=0.07s Sys=0.02s Real=0.07s
[2025-01-06T19:27:15.940+0000][7][safepoint   ] Safepoint "G1CollectForAllocation", Time since last: 203902042 ns, Reaching safepoint: 316958 ns, At safepoint: 71106126 ns, Total: 71423084 ns
[2025-01-06T19:27:16.494+0000][7][gc,start    ] GC(1) Pause Young (Normal) (G1 Evacuation Pause)
[2025-01-06T19:27:16.494+0000][7][gc,task     ] GC(1) Using 6 workers of 6 for evacuation
[2025-01-06T19:27:16.495+0000][7][gc,age      ] GC(1) Desired survivor size 27262976 bytes, new threshold 15 (max threshold 15)
[2025-01-06T19:27:16.511+0000][7][gc,age      ] GC(1) Age table with threshold 15 (max threshold 15)
[2025-01-06T19:27:16.511+0000][7][gc,age      ] GC(1) - age   1:    3867712 bytes,    3867712 total
[2025-01-06T19:27:16.511+0000][7][gc,age      ] GC(1) - age   2:   13226128 bytes,   17093840 total
[2025-01-06T19:27:16.511+0000][7][gc,phases   ] GC(1)   Pre Evacuate Collection Set: 0.2ms
[2025-01-06T19:27:16.511+0000][7][gc,phases   ] GC(1)   Merge Heap Roots: 0.1ms
[2025-01-06T19:27:16.511+0000][7][gc,phases   ] GC(1)   Evacuate Collection Set: 15.1ms
[2025-01-06T19:27:16.511+0000][7][gc,phases   ] GC(1)   Post Evacuate Collection Set: 0.7ms
[2025-01-06T19:27:16.511+0000][7][gc,phases   ] GC(1)   Other: 0.6ms
[2025-01-06T19:27:16.511+0000][7][gc,heap     ] GC(1) Eden regions: 98->0(97)
[2025-01-06T19:27:16.511+0000][7][gc,heap     ] GC(1) Survivor regions: 4->5(13)
[2025-01-06T19:27:16.511+0000][7][gc,heap     ] GC(1) Old regions: 0->0
[2025-01-06T19:27:16.511+0000][7][gc,heap     ] GC(1) Archive regions: 2->2
[2025-01-06T19:27:16.511+0000][7][gc,heap     ] GC(1) Humongous regions: 0->0
[2025-01-06T19:27:16.512+0000][7][gc,metaspace] GC(1) Metaspace: 19676K(20160K)->19676K(20160K) NonClass: 17268K(17536K)->17268K(17536K) Class: 2408K(2624K)->2408K(2624K)
[2025-01-06T19:27:16.512+0000][7][gc          ] GC(1) Pause Young (Normal) (G1 Evacuation Pause) 410M->21M(8192M) 17.262ms
[2025-01-06T19:27:16.512+0000][7][gc,cpu      ] GC(1) User=0.03s Sys=0.01s Real=0.02s
[2025-01-06T19:27:16.512+0000][7][safepoint   ] Safepoint "G1CollectForAllocation", Time since last: 553616500 ns, Reaching safepoint: 515208 ns, At safepoint: 17412333 ns, Total: 17927541 ns
[2025-01-06T19:27:16.995+0000][7][gc,start    ] GC(2) Pause Young (Concurrent Start) (Metadata GC Threshold)
[2025-01-06T19:27:16.995+0000][7][gc,task     ] GC(2) Using 6 workers of 6 for evacuation
[2025-01-06T19:27:16.995+0000][7][gc,age      ] GC(2) Desired survivor size 27262976 bytes, new threshold 15 (max threshold 15)
[2025-01-06T19:27:17.013+0000][7][gc,age      ] GC(2) Age table with threshold 15 (max threshold 15)
[2025-01-06T19:27:17.014+0000][7][gc,age      ] GC(2) - age   1:    2432016 bytes,    2432016 total
[2025-01-06T19:27:17.014+0000][7][gc,age      ] GC(2) - age   2:    2423416 bytes,    4855432 total
[2025-01-06T19:27:17.014+0000][7][gc,age      ] GC(2) - age   3:   13218368 bytes,   18073800 total
[2025-01-06T19:27:17.014+0000][7][gc,phases   ] GC(2)   Pre Evacuate Collection Set: 0.2ms
[2025-01-06T19:27:17.014+0000][7][gc,phases   ] GC(2)   Merge Heap Roots: 0.1ms
[2025-01-06T19:27:17.014+0000][7][gc,phases   ] GC(2)   Evacuate Collection Set: 17.4ms
[2025-01-06T19:27:17.014+0000][7][gc,phases   ] GC(2)   Post Evacuate Collection Set: 0.7ms
[2025-01-06T19:27:17.014+0000][7][gc,phases   ] GC(2)   Other: 0.8ms
[2025-01-06T19:27:17.014+0000][7][gc,heap     ] GC(2) Eden regions: 87->0(97)
[2025-01-06T19:27:17.014+0000][7][gc,heap     ] GC(2) Survivor regions: 5->5(13)
[2025-01-06T19:27:17.014+0000][7][gc,heap     ] GC(2) Old regions: 0->0
[2025-01-06T19:27:17.014+0000][7][gc,heap     ] GC(2) Archive regions: 2->2
[2025-01-06T19:27:17.014+0000][7][gc,heap     ] GC(2) Humongous regions: 0->0
[2025-01-06T19:27:17.014+0000][7][gc,metaspace] GC(2) Metaspace: 20923K(21504K)->20923K(21504K) NonClass: 18349K(18688K)->18349K(18688K) Class: 2574K(2816K)->2574K(2816K)
[2025-01-06T19:27:17.014+0000][7][gc          ] GC(2) Pause Young (Concurrent Start) (Metadata GC Threshold) 369M->23M(8192M) 19.674ms
[2025-01-06T19:27:17.014+0000][7][gc,cpu      ] GC(2) User=0.02s Sys=0.01s Real=0.02s
[2025-01-06T19:27:17.015+0000][7][gc          ] GC(3) Concurrent Mark Cycle
[2025-01-06T19:27:17.015+0000][7][safepoint   ] Safepoint "CollectForMetadataAllocation", Time since last: 482310542 ns, Reaching safepoint: 608792 ns, At safepoint: 20086875 ns, Total: 20695667 ns
[2025-01-06T19:27:17.015+0000][7][gc,marking  ] GC(3) Concurrent Clear Claimed Marks
[2025-01-06T19:27:17.015+0000][7][gc,marking  ] GC(3) Concurrent Clear Claimed Marks 0.376ms
[2025-01-06T19:27:17.015+0000][7][gc,marking  ] GC(3) Concurrent Scan Root Regions
[2025-01-06T19:27:17.021+0000][7][gc,marking  ] GC(3) Concurrent Scan Root Regions 5.365ms
[2025-01-06T19:27:17.022+0000][7][gc,marking  ] GC(3) Concurrent Mark
[2025-01-06T19:27:17.023+0000][7][gc,marking  ] GC(3) Concurrent Mark From Roots
[2025-01-06T19:27:17.023+0000][7][gc,task     ] GC(3) Using 2 workers of 2 for marking
[2025-01-06T19:27:17.029+0000][7][gc,marking  ] GC(3) Concurrent Mark From Roots 6.214ms
[2025-01-06T19:27:17.029+0000][7][gc,marking  ] GC(3) Concurrent Preclean
[2025-01-06T19:27:17.030+0000][7][gc,marking  ] GC(3) Concurrent Preclean 0.693ms
[2025-01-06T19:27:17.030+0000][7][gc,start    ] GC(3) Pause Remark
[2025-01-06T19:27:17.069+0000][7][gc          ] GC(3) Pause Remark 25M->25M(8192M) 38.417ms
[2025-01-06T19:27:17.069+0000][7][gc,cpu      ] GC(3) User=0.02s Sys=0.01s Real=0.04s
[2025-01-06T19:27:17.069+0000][7][safepoint   ] Safepoint "G1Concurrent", Time since last: 15324458 ns, Reaching safepoint: 234292 ns, At safepoint: 38652833 ns, Total: 38887125 ns
[2025-01-06T19:27:17.073+0000][7][gc,marking  ] GC(3) Concurrent Mark 50.292ms
[2025-01-06T19:27:17.073+0000][7][gc,marking  ] GC(3) Concurrent Rebuild Remembered Sets
[2025-01-06T19:27:17.073+0000][7][gc,marking  ] GC(3) Concurrent Rebuild Remembered Sets 0.131ms
[2025-01-06T19:27:17.073+0000][7][gc,start    ] GC(3) Pause Cleanup
[2025-01-06T19:27:17.073+0000][7][gc          ] GC(3) Pause Cleanup 25M->25M(8192M) 0.162ms
[2025-01-06T19:27:17.073+0000][7][gc,cpu      ] GC(3) User=0.00s Sys=0.00s Real=0.00s
[2025-01-06T19:27:17.074+0000][7][safepoint   ] Safepoint "G1Concurrent", Time since last: 4069084 ns, Reaching safepoint: 225333 ns, At safepoint: 292333 ns, Total: 517666 ns
[2025-01-06T19:27:17.077+0000][7][gc,marking  ] GC(3) Concurrent Cleanup for Next Mark
[2025-01-06T19:27:17.081+0000][7][gc,marking  ] GC(3) Concurrent Cleanup for Next Mark 3.508ms
[2025-01-06T19:27:17.082+0000][7][gc          ] GC(3) Concurrent Mark Cycle 67.214ms
[2025-01-06T19:27:17.653+0000][7][safepoint   ] Safepoint "ICBufferFull", Time since last: 577678876 ns, Reaching safepoint: 2119208 ns, At safepoint: 9125 ns, Total: 2128333 ns
[2025-01-06T19:27:17.674+0000][7][safepoint   ] Safepoint "ICBufferFull", Time since last: 20209333 ns, Reaching safepoint: 113375 ns, At safepoint: 3959 ns, Total: 117334 ns
[2025-01-06T19:27:17.682+0000][7][safepoint   ] Safepoint "ICBufferFull", Time since last: 8174000 ns, Reaching safepoint: 74875 ns, At safepoint: 4541 ns, Total: 79416 ns
[2025-01-06T19:27:17.690+0000][7][safepoint   ] Safepoint "ICBufferFull", Time since last: 8315417 ns, Reaching safepoint: 72167 ns, At safepoint: 2333 ns, Total: 74500 ns
[2025-01-06T19:27:17.710+0000][7][safepoint   ] Safepoint "ICBufferFull", Time since last: 19324792 ns, Reaching safepoint: 110791 ns, At safepoint: 3167 ns, Total: 113958 ns
[2025-01-06T19:27:17.718+0000][7][safepoint   ] Safepoint "ICBufferFull", Time since last: 7990542 ns, Reaching safepoint: 73583 ns, At safepoint: 2125 ns, Total: 75708 ns
[2025-01-06T19:27:17.757+0000][7][safepoint   ] Safepoint "ICBufferFull", Time since last: 38703375 ns, Reaching safepoint: 124292 ns, At safepoint: 3625 ns, Total: 127917 ns
[2025-01-06T19:27:17.770+0000][7][safepoint   ] Safepoint "ICBufferFull", Time since last: 13602916 ns, Reaching safepoint: 143625 ns, At safepoint: 3792 ns, Total: 147417 ns
[2025-01-06T19:27:17.793+0000][7][safepoint   ] Safepoint "ICBufferFull", Time since last: 22795167 ns, Reaching safepoint: 94750 ns, At safepoint: 7416 ns, Total: 102166 ns
[2025-01-06T19:27:18.273+0000][7][safepoint   ] Safepoint "ICBufferFull", Time since last: 479173167 ns, Reaching safepoint: 669417 ns, At safepoint: 21167 ns, Total: 690584 ns
[2025-01-06T19:27:19.133+0000][7][gc,start    ] GC(4) Pause Young (Normal) (G1 Evacuation Pause)
[2025-01-06T19:27:19.133+0000][7][gc,task     ] GC(4) Using 6 workers of 6 for evacuation
[2025-01-06T19:27:19.133+0000][7][gc,age      ] GC(4) Desired survivor size 27262976 bytes, new threshold 15 (max threshold 15)
[2025-01-06T19:27:19.149+0000][7][gc,age      ] GC(4) Age table with threshold 15 (max threshold 15)
[2025-01-06T19:27:19.149+0000][7][gc,age      ] GC(4) - age   1:   23396872 bytes,   23396872 total
[2025-01-06T19:27:19.149+0000][7][gc,age      ] GC(4) - age   2:    2382808 bytes,   25779680 total
[2025-01-06T19:27:19.149+0000][7][gc,age      ] GC(4) - age   3:    2401464 bytes,   28181144 total
[2025-01-06T19:27:19.149+0000][7][gc,age      ] GC(4) - age   4:   13049896 bytes,   41231040 total
[2025-01-06T19:27:19.150+0000][7][gc,phases   ] GC(4)   Pre Evacuate Collection Set: 0.1ms
[2025-01-06T19:27:19.150+0000][7][gc,phases   ] GC(4)   Merge Heap Roots: 0.1ms
[2025-01-06T19:27:19.150+0000][7][gc,phases   ] GC(4)   Evacuate Collection Set: 14.6ms
[2025-01-06T19:27:19.150+0000][7][gc,phases   ] GC(4)   Post Evacuate Collection Set: 1.3ms
[2025-01-06T19:27:19.150+0000][7][gc,phases   ] GC(4)   Other: 0.9ms
[2025-01-06T19:27:19.150+0000][7][gc,heap     ] GC(4) Eden regions: 97->0(102)
[2025-01-06T19:27:19.150+0000][7][gc,heap     ] GC(4) Survivor regions: 5->11(13)
[2025-01-06T19:27:19.150+0000][7][gc,heap     ] GC(4) Old regions: 0->0
[2025-01-06T19:27:19.150+0000][7][gc,heap     ] GC(4) Archive regions: 2->2
[2025-01-06T19:27:19.150+0000][7][gc,heap     ] GC(4) Humongous regions: 0->0
[2025-01-06T19:27:19.150+0000][7][gc,metaspace] GC(4) Metaspace: 30571K(31424K)->30571K(31424K) NonClass: 26655K(27200K)->26655K(27200K) Class: 3916K(4224K)->3916K(4224K)
[2025-01-06T19:27:19.150+0000][7][gc          ] GC(4) Pause Young (Normal) (G1 Evacuation Pause) 411M->44M(8192M) 17.493ms
[2025-01-06T19:27:19.150+0000][7][gc,cpu      ] GC(4) User=0.08s Sys=0.00s Real=0.01s
[2025-01-06T19:27:19.150+0000][7][safepoint   ] Safepoint "G1CollectForAllocation", Time since last: 858793125 ns, Reaching safepoint: 704167 ns, At safepoint: 17700541 ns, Total: 18404708 ns
[2025-01-06T19:27:19.757+0000][7][gc,start    ] GC(5) Pause Young (Concurrent Start) (Metadata GC Threshold)
[2025-01-06T19:27:19.757+0000][7][gc,task     ] GC(5) Using 6 workers of 6 for evacuation
[2025-01-06T19:27:19.757+0000][7][gc,age      ] GC(5) Desired survivor size 31457280 bytes, new threshold 4 (max threshold 15)
[2025-01-06T19:27:19.776+0000][7][gc,age      ] GC(5) Age table with threshold 4 (max threshold 15)
[2025-01-06T19:27:19.776+0000][7][gc,age      ] GC(5) - age   1:    5056376 bytes,    5056376 total
[2025-01-06T19:27:19.776+0000][7][gc,age      ] GC(5) - age   2:   22779248 bytes,   27835624 total
[2025-01-06T19:27:19.776+0000][7][gc,age      ] GC(5) - age   3:    2381872 bytes,   30217496 total
[2025-01-06T19:27:19.777+0000][7][gc,age      ] GC(5) - age   4:    2401432 bytes,   32618928 total
[2025-01-06T19:27:19.777+0000][7][gc,phases   ] GC(5)   Pre Evacuate Collection Set: 0.3ms
[2025-01-06T19:27:19.777+0000][7][gc,phases   ] GC(5)   Merge Heap Roots: 0.1ms
[2025-01-06T19:27:19.777+0000][7][gc,phases   ] GC(5)   Evacuate Collection Set: 17.5ms
[2025-01-06T19:27:19.777+0000][7][gc,phases   ] GC(5)   Post Evacuate Collection Set: 1.0ms
[2025-01-06T19:27:19.777+0000][7][gc,phases   ] GC(5)   Other: 0.9ms
[2025-01-06T19:27:19.777+0000][7][gc,heap     ] GC(5) Eden regions: 13->0(93)
[2025-01-06T19:27:19.777+0000][7][gc,heap     ] GC(5) Survivor regions: 11->9(15)
[2025-01-06T19:27:19.777+0000][7][gc,heap     ] GC(5) Old regions: 0->4
[2025-01-06T19:27:19.777+0000][7][gc,heap     ] GC(5) Archive regions: 2->2
[2025-01-06T19:27:19.777+0000][7][gc,heap     ] GC(5) Humongous regions: 0->0
[2025-01-06T19:27:19.777+0000][7][gc,metaspace] GC(5) Metaspace: 35029K(35968K)->35029K(35968K) NonClass: 30392K(30976K)->30392K(30976K) Class: 4636K(4992K)->4636K(4992K)
[2025-01-06T19:27:19.777+0000][7][gc          ] GC(5) Pause Young (Concurrent Start) (Metadata GC Threshold) 96M->50M(8192M) 20.262ms
[2025-01-06T19:27:19.777+0000][7][gc,cpu      ] GC(5) User=0.08s Sys=0.00s Real=0.02s
[2025-01-06T19:27:19.777+0000][7][gc          ] GC(6) Concurrent Mark Cycle
[2025-01-06T19:27:19.777+0000][7][gc,marking  ] GC(6) Concurrent Clear Claimed Marks
[2025-01-06T19:27:19.777+0000][7][safepoint   ] Safepoint "CollectForMetadataAllocation", Time since last: 606015542 ns, Reaching safepoint: 554500 ns, At safepoint: 20487209 ns, Total: 21041709 ns
[2025-01-06T19:27:19.778+0000][7][gc,marking  ] GC(6) Concurrent Clear Claimed Marks 0.119ms
[2025-01-06T19:27:19.778+0000][7][gc,marking  ] GC(6) Concurrent Scan Root Regions
[2025-01-06T19:27:19.785+0000][7][gc,marking  ] GC(6) Concurrent Scan Root Regions 7.336ms
[2025-01-06T19:27:19.786+0000][7][gc,marking  ] GC(6) Concurrent Mark
[2025-01-06T19:27:19.787+0000][7][gc,marking  ] GC(6) Concurrent Mark From Roots
[2025-01-06T19:27:19.788+0000][7][gc,task     ] GC(6) Using 2 workers of 2 for marking
[2025-01-06T19:27:19.790+0000][7][gc,marking  ] GC(6) Concurrent Mark From Roots 2.623ms
[2025-01-06T19:27:19.790+0000][7][gc,marking  ] GC(6) Concurrent Preclean
[2025-01-06T19:27:19.791+0000][7][gc,marking  ] GC(6) Concurrent Preclean 0.885ms
[2025-01-06T19:27:19.792+0000][7][gc,start    ] GC(6) Pause Remark
[2025-01-06T19:27:19.816+0000][7][gc          ] GC(6) Pause Remark 52M->52M(8192M) 23.574ms
[2025-01-06T19:27:19.816+0000][7][gc,cpu      ] GC(6) User=0.02s Sys=0.01s Real=0.02s
[2025-01-06T19:27:19.816+0000][7][safepoint   ] Safepoint "G1Concurrent", Time since last: 14000541 ns, Reaching safepoint: 1014667 ns, At safepoint: 23807542 ns, Total: 24822209 ns
[2025-01-06T19:27:19.816+0000][7][gc,marking  ] GC(6) Concurrent Mark 30.069ms
[2025-01-06T19:27:19.816+0000][7][gc,marking  ] GC(6) Concurrent Rebuild Remembered Sets
[2025-01-06T19:27:19.825+0000][7][gc,marking  ] GC(6) Concurrent Rebuild Remembered Sets 8.604ms
[2025-01-06T19:27:19.826+0000][7][gc,start    ] GC(6) Pause Cleanup
[2025-01-06T19:27:19.827+0000][7][gc          ] GC(6) Pause Cleanup 52M->52M(8192M) 1.005ms
[2025-01-06T19:27:19.828+0000][7][gc,cpu      ] GC(6) User=0.00s Sys=0.00s Real=0.00s
[2025-01-06T19:27:19.828+0000][7][safepoint   ] Safepoint "G1Concurrent", Time since last: 8858083 ns, Reaching safepoint: 1355000 ns, At safepoint: 1134042 ns, Total: 2489042 ns
[2025-01-06T19:27:19.828+0000][7][gc,marking  ] GC(6) Concurrent Cleanup for Next Mark
[2025-01-06T19:27:19.830+0000][7][gc,marking  ] GC(6) Concurrent Cleanup for Next Mark 2.256ms
[2025-01-06T19:27:19.830+0000][7][gc          ] GC(6) Concurrent Mark Cycle 52.798ms
[2025-01-06T19:27:20.840+0000][7][safepoint   ] Safepoint "ICBufferFull", Time since last: 1011401334 ns, Reaching safepoint: 866041 ns, At safepoint: 4500 ns, Total: 870541 ns
[2025-01-06T19:27:21.159+0000][7][safepoint   ] Safepoint "ICBufferFull", Time since last: 318695000 ns, Reaching safepoint: 425167 ns, At safepoint: 8250 ns, Total: 433417 ns
[2025-01-06T19:27:21.731+0000][7][safepoint   ] Safepoint "ICBufferFull", Time since last: 571592584 ns, Reaching safepoint: 411083 ns, At safepoint: 11250 ns, Total: 422333 ns
[2025-01-06T19:27:22.206+0000][7][safepoint   ] Safepoint "ICBufferFull", Time since last: 473941209 ns, Reaching safepoint: 685166 ns, At safepoint: 4875 ns, Total: 690041 ns
[2025-01-06T19:27:22.416+0000][7][gc,start    ] GC(7) Pause Young (Normal) (G1 Evacuation Pause)
[2025-01-06T19:27:22.416+0000][7][gc,task     ] GC(7) Using 6 workers of 6 for evacuation
[2025-01-06T19:27:22.416+0000][7][gc,age      ] GC(7) Desired survivor size 27262976 bytes, new threshold 2 (max threshold 15)
[2025-01-06T19:27:22.429+0000][7][gc,age      ] GC(7) Age table with threshold 2 (max threshold 15)
[2025-01-06T19:27:22.430+0000][7][gc,age      ] GC(7) - age   1:    9692696 bytes,    9692696 total
[2025-01-06T19:27:22.430+0000][7][gc,age      ] GC(7) - age   2:    4974016 bytes,   14666712 total
[2025-01-06T19:27:22.430+0000][7][gc,phases   ] GC(7)   Pre Evacuate Collection Set: 0.1ms
[2025-01-06T19:27:22.430+0000][7][gc,phases   ] GC(7)   Merge Heap Roots: 0.1ms
[2025-01-06T19:27:22.430+0000][7][gc,phases   ] GC(7)   Evacuate Collection Set: 12.2ms
[2025-01-06T19:27:22.430+0000][7][gc,phases   ] GC(7)   Post Evacuate Collection Set: 1.1ms
[2025-01-06T19:27:22.430+0000][7][gc,phases   ] GC(7)   Other: 0.7ms
[2025-01-06T19:27:22.430+0000][7][gc,heap     ] GC(7) Eden regions: 93->0(137)
[2025-01-06T19:27:22.430+0000][7][gc,heap     ] GC(7) Survivor regions: 9->4(13)
[2025-01-06T19:27:22.430+0000][7][gc,heap     ] GC(7) Old regions: 4->10
[2025-01-06T19:27:22.430+0000][7][gc,heap     ] GC(7) Archive regions: 2->2
[2025-01-06T19:27:22.430+0000][7][gc,heap     ] GC(7) Humongous regions: 0->0
[2025-01-06T19:27:22.430+0000][7][gc,metaspace] GC(7) Metaspace: 58758K(59968K)->58758K(59968K) NonClass: 50751K(51520K)->50751K(51520K) Class: 8006K(8448K)->8006K(8448K)
[2025-01-06T19:27:22.430+0000][7][gc          ] GC(7) Pause Young (Normal) (G1 Evacuation Pause) 422M->59M(8192M) 14.738ms
[2025-01-06T19:27:22.430+0000][7][gc,cpu      ] GC(7) User=0.06s Sys=0.01s Real=0.01s
[2025-01-06T19:27:22.430+0000][7][safepoint   ] Safepoint "G1CollectForAllocation", Time since last: 209427792 ns, Reaching safepoint: 429042 ns, At safepoint: 14887000 ns, Total: 15316042 ns
[2025-01-06T19:27:22.695+0000][7][gc,start    ] GC(8) Pause Young (Concurrent Start) (Metadata GC Threshold)
[2025-01-06T19:27:22.695+0000][7][gc,task     ] GC(8) Using 6 workers of 6 for evacuation
[2025-01-06T19:27:22.695+0000][7][gc,age      ] GC(8) Desired survivor size 37748736 bytes, new threshold 15 (max threshold 15)
[2025-01-06T19:27:22.701+0000][7][gc,age      ] GC(8) Age table with threshold 15 (max threshold 15)
[2025-01-06T19:27:22.701+0000][7][gc,age      ] GC(8) - age   1:     112224 bytes,     112224 total
[2025-01-06T19:27:22.701+0000][7][gc,age      ] GC(8) - age   2:    9495568 bytes,    9607792 total
[2025-01-06T19:27:22.701+0000][7][gc,age      ] GC(8) - age   3:    4974016 bytes,   14581808 total
[2025-01-06T19:27:22.701+0000][7][gc,phases   ] GC(8)   Pre Evacuate Collection Set: 0.3ms
[2025-01-06T19:27:22.701+0000][7][gc,phases   ] GC(8)   Merge Heap Roots: 0.2ms
[2025-01-06T19:27:22.701+0000][7][gc,phases   ] GC(8)   Evacuate Collection Set: 4.4ms
[2025-01-06T19:27:22.701+0000][7][gc,phases   ] GC(8)   Post Evacuate Collection Set: 0.6ms
[2025-01-06T19:27:22.701+0000][7][gc,phases   ] GC(8)   Other: 0.7ms
[2025-01-06T19:27:22.701+0000][7][gc,heap     ] GC(8) Eden regions: 3->0(170)
[2025-01-06T19:27:22.701+0000][7][gc,heap     ] GC(8) Survivor regions: 4->4(18)
[2025-01-06T19:27:22.701+0000][7][gc,heap     ] GC(8) Old regions: 10->10
[2025-01-06T19:27:22.701+0000][7][gc,heap     ] GC(8) Archive regions: 2->2
[2025-01-06T19:27:22.701+0000][7][gc,heap     ] GC(8) Humongous regions: 0->0
[2025-01-06T19:27:22.701+0000][7][gc,metaspace] GC(8) Metaspace: 59083K(60288K)->59083K(60288K) NonClass: 51040K(51776K)->51040K(51776K) Class: 8042K(8512K)->8042K(8512K)
[2025-01-06T19:27:22.701+0000][7][gc          ] GC(8) Pause Young (Concurrent Start) (Metadata GC Threshold) 71M->58M(8192M) 6.641ms
[2025-01-06T19:27:22.702+0000][7][gc,cpu      ] GC(8) User=0.03s Sys=0.00s Real=0.01s
[2025-01-06T19:27:22.702+0000][7][safepoint   ] Safepoint "CollectForMetadataAllocation", Time since last: 264178750 ns, Reaching safepoint: 165916 ns, At safepoint: 6886459 ns, Total: 7052375 ns
[2025-01-06T19:27:22.702+0000][7][gc          ] GC(9) Concurrent Mark Cycle
[2025-01-06T19:27:22.702+0000][7][gc,marking  ] GC(9) Concurrent Clear Claimed Marks
[2025-01-06T19:27:22.702+0000][7][gc,marking  ] GC(9) Concurrent Clear Claimed Marks 0.108ms
[2025-01-06T19:27:22.702+0000][7][gc,marking  ] GC(9) Concurrent Scan Root Regions
[2025-01-06T19:27:22.706+0000][7][gc,marking  ] GC(9) Concurrent Scan Root Regions 3.805ms
[2025-01-06T19:27:22.706+0000][7][gc,marking  ] GC(9) Concurrent Mark
[2025-01-06T19:27:22.706+0000][7][gc,marking  ] GC(9) Concurrent Mark From Roots
[2025-01-06T19:27:22.706+0000][7][gc,task     ] GC(9) Using 2 workers of 2 for marking
[2025-01-06T19:27:22.727+0000][7][gc,marking  ] GC(9) Concurrent Mark From Roots 21.009ms
[2025-01-06T19:27:22.727+0000][7][gc,marking  ] GC(9) Concurrent Preclean
[2025-01-06T19:27:22.728+0000][7][gc,marking  ] GC(9) Concurrent Preclean 0.296ms
[2025-01-06T19:27:22.728+0000][7][gc,start    ] GC(9) Pause Remark
[2025-01-06T19:27:22.783+0000][7][gc          ] GC(9) Pause Remark 60M->60M(8192M) 54.413ms
[2025-01-06T19:27:22.783+0000][7][gc,cpu      ] GC(9) User=0.03s Sys=0.02s Real=0.06s
[2025-01-06T19:27:22.783+0000][7][safepoint   ] Safepoint "G1Concurrent", Time since last: 25974541 ns, Reaching safepoint: 902000 ns, At safepoint: 54612459 ns, Total: 55514459 ns
[2025-01-06T19:27:22.783+0000][7][gc,marking  ] GC(9) Concurrent Mark 77.263ms
[2025-01-06T19:27:22.783+0000][7][gc,marking  ] GC(9) Concurrent Rebuild Remembered Sets
[2025-01-06T19:27:22.797+0000][7][gc,marking  ] GC(9) Concurrent Rebuild Remembered Sets 14.148ms
[2025-01-06T19:27:22.798+0000][7][gc,start    ] GC(9) Pause Cleanup
[2025-01-06T19:27:22.799+0000][7][gc          ] GC(9) Pause Cleanup 60M->60M(8192M) 0.295ms
[2025-01-06T19:27:22.799+0000][7][gc,cpu      ] GC(9) User=0.00s Sys=0.00s Real=0.00s
[2025-01-06T19:27:22.799+0000][7][safepoint   ] Safepoint "G1Concurrent", Time since last: 14463916 ns, Reaching safepoint: 788500 ns, At safepoint: 481917 ns, Total: 1270417 ns
[2025-01-06T19:27:22.799+0000][7][gc,marking  ] GC(9) Concurrent Cleanup for Next Mark
[2025-01-06T19:27:22.801+0000][7][gc,marking  ] GC(9) Concurrent Cleanup for Next Mark 2.563ms
[2025-01-06T19:27:22.802+0000][7][gc          ] GC(9) Concurrent Mark Cycle 99.998ms
[2025-01-06T19:27:23.506+0000][7][safepoint   ] Safepoint "ICBufferFull", Time since last: 706820084 ns, Reaching safepoint: 817500 ns, At safepoint: 12166 ns, Total: 829666 ns
[2025-01-06T19:27:24.460+0000][7][safepoint   ] Safepoint "ICBufferFull", Time since last: 952994168 ns, Reaching safepoint: 821416 ns, At safepoint: 7542 ns, Total: 828958 ns
[2025-01-06T19:27:25.169+0000][7][safepoint   ] Safepoint "ICBufferFull", Time since last: 706897042 ns, Reaching safepoint: 2150708 ns, At safepoint: 13709 ns, Total: 2164417 ns
[2025-01-06T19:27:25.477+0000][7][safepoint   ] Safepoint "ICBufferFull", Time since last: 306682375 ns, Reaching safepoint: 622958 ns, At safepoint: 7542 ns, Total: 630500 ns
[2025-01-06T19:27:25.934+0000][7][safepoint   ] Safepoint "ICBufferFull", Time since last: 456575917 ns, Reaching safepoint: 777625 ns, At safepoint: 4625 ns, Total: 782250 ns
[2025-01-06T19:27:26.433+0000][7][safepoint   ] Safepoint "ICBufferFull", Time since last: 498472917 ns, Reaching safepoint: 850875 ns, At safepoint: 5916 ns, Total: 856791 ns
[2025-01-06T19:27:26.872+0000][7][safepoint   ] Safepoint "ICBufferFull", Time since last: 437286834 ns, Reaching safepoint: 1668625 ns, At safepoint: 19416 ns, Total: 1688041 ns
[2025-01-06T19:27:27.230+0000][7][gc,start    ] GC(10) Pause Young (Concurrent Start) (Metadata GC Threshold)
[2025-01-06T19:27:27.230+0000][7][gc,task     ] GC(10) Using 6 workers of 6 for evacuation
[2025-01-06T19:27:27.230+0000][7][gc,age      ] GC(10) Desired survivor size 46137344 bytes, new threshold 15 (max threshold 15)
[2025-01-06T19:27:27.251+0000][7][gc,age      ] GC(10) Age table with threshold 15 (max threshold 15)
[2025-01-06T19:27:27.251+0000][7][gc,age      ] GC(10) - age   1:   18521664 bytes,   18521664 total
[2025-01-06T19:27:27.251+0000][7][gc,age      ] GC(10) - age   2:     103632 bytes,   18625296 total
[2025-01-06T19:27:27.251+0000][7][gc,age      ] GC(10) - age   3:    9135328 bytes,   27760624 total
[2025-01-06T19:27:27.251+0000][7][gc,age      ] GC(10) - age   4:    4946208 bytes,   32706832 total
[2025-01-06T19:27:27.251+0000][7][gc,phases   ] GC(10)   Pre Evacuate Collection Set: 0.3ms
[2025-01-06T19:27:27.251+0000][7][gc,phases   ] GC(10)   Merge Heap Roots: 0.4ms
[2025-01-06T19:27:27.251+0000][7][gc,phases   ] GC(10)   Evacuate Collection Set: 18.2ms
[2025-01-06T19:27:27.252+0000][7][gc,phases   ] GC(10)   Post Evacuate Collection Set: 1.4ms
[2025-01-06T19:27:27.252+0000][7][gc,phases   ] GC(10)   Other: 0.9ms
[2025-01-06T19:27:27.252+0000][7][gc,heap     ] GC(10) Eden regions: 106->0(188)
[2025-01-06T19:27:27.252+0000][7][gc,heap     ] GC(10) Survivor regions: 4->9(22)
[2025-01-06T19:27:27.252+0000][7][gc,heap     ] GC(10) Old regions: 10->10
[2025-01-06T19:27:27.252+0000][7][gc,heap     ] GC(10) Archive regions: 2->2
[2025-01-06T19:27:27.252+0000][7][gc,heap     ] GC(10) Humongous regions: 2->2
[2025-01-06T19:27:27.252+0000][7][gc,metaspace] GC(10) Metaspace: 99146K(100608K)->99146K(100608K) NonClass: 85104K(85952K)->85104K(85952K) Class: 14042K(14656K)->14042K(14656K)
[2025-01-06T19:27:27.252+0000][7][gc          ] GC(10) Pause Young (Concurrent Start) (Metadata GC Threshold) 490M->84M(8192M) 21.698ms
[2025-01-06T19:27:27.252+0000][7][gc,cpu      ] GC(10) User=0.08s Sys=0.00s Real=0.03s
[2025-01-06T19:27:27.252+0000][7][gc          ] GC(11) Concurrent Mark Cycle
[2025-01-06T19:27:27.252+0000][7][gc,marking  ] GC(11) Concurrent Clear Claimed Marks
[2025-01-06T19:27:27.252+0000][7][safepoint   ] Safepoint "CollectForMetadataAllocation", Time since last: 356121167 ns, Reaching safepoint: 1678709 ns, At safepoint: 21962291 ns, Total: 23641000 ns
[2025-01-06T19:27:27.252+0000][7][gc,marking  ] GC(11) Concurrent Clear Claimed Marks 0.235ms
[2025-01-06T19:27:27.252+0000][7][gc,marking  ] GC(11) Concurrent Scan Root Regions
[2025-01-06T19:27:27.261+0000][7][gc,marking  ] GC(11) Concurrent Scan Root Regions 8.145ms
[2025-01-06T19:27:27.261+0000][7][gc,marking  ] GC(11) Concurrent Mark
[2025-01-06T19:27:27.261+0000][7][gc,marking  ] GC(11) Concurrent Mark From Roots
[2025-01-06T19:27:27.261+0000][7][gc,task     ] GC(11) Using 2 workers of 2 for marking
[2025-01-06T19:27:27.281+0000][7][gc,marking  ] GC(11) Concurrent Mark From Roots 20.385ms
[2025-01-06T19:27:27.281+0000][7][gc,marking  ] GC(11) Concurrent Preclean
[2025-01-06T19:27:27.282+0000][7][gc,marking  ] GC(11) Concurrent Preclean 0.265ms
[2025-01-06T19:27:27.283+0000][7][gc,start    ] GC(11) Pause Remark
[2025-01-06T19:27:27.374+0000][7][gc          ] GC(11) Pause Remark 89M->89M(8192M) 90.636ms
[2025-01-06T19:27:27.374+0000][7][gc,cpu      ] GC(11) User=0.11s Sys=0.03s Real=0.09s
[2025-01-06T19:27:27.374+0000][7][safepoint   ] Safepoint "G1Concurrent", Time since last: 29729959 ns, Reaching safepoint: 1658541 ns, At safepoint: 90945417 ns, Total: 92603958 ns
[2025-01-06T19:27:27.375+0000][7][gc,marking  ] GC(11) Concurrent Mark 113.744ms
[2025-01-06T19:27:27.375+0000][7][gc,marking  ] GC(11) Concurrent Rebuild Remembered Sets
[2025-01-06T19:27:27.389+0000][7][gc,marking  ] GC(11) Concurrent Rebuild Remembered Sets 13.891ms
[2025-01-06T19:27:27.390+0000][7][gc,start    ] GC(11) Pause Cleanup
[2025-01-06T19:27:27.391+0000][7][gc          ] GC(11) Pause Cleanup 89M->89M(8192M) 0.320ms
[2025-01-06T19:27:27.391+0000][7][gc,cpu      ] GC(11) User=0.00s Sys=0.00s Real=0.00s
[2025-01-06T19:27:27.391+0000][7][safepoint   ] Safepoint "G1Concurrent", Time since last: 14240208 ns, Reaching safepoint: 1703000 ns, At safepoint: 507542 ns, Total: 2210542 ns
[2025-01-06T19:27:27.391+0000][7][gc,marking  ] GC(11) Concurrent Cleanup for Next Mark
[2025-01-06T19:27:27.394+0000][7][gc,marking  ] GC(11) Concurrent Cleanup for Next Mark 2.622ms
[2025-01-06T19:27:27.394+0000][7][gc          ] GC(11) Concurrent Mark Cycle 141.693ms
[2025-01-06T19:27:28.615+0000][7][safepoint   ] Safepoint "ICBufferFull", Time since last: 1222888209 ns, Reaching safepoint: 1354708 ns, At safepoint: 40917 ns, Total: 1395625 ns
[2025-01-06T19:27:28.616+0000][7][safepoint   ] Safepoint "ICBufferFull", Time since last: 209708 ns, Reaching safepoint: 969834 ns, At safepoint: 33833 ns, Total: 1003667 ns
[2025-01-06T19:27:29.393+0000][7][safepoint   ] Safepoint "ICBufferFull", Time since last: 775258459 ns, Reaching safepoint: 1423125 ns, At safepoint: 10708 ns, Total: 1433833 ns
[2025-01-06T19:27:30.948+0000][7][safepoint   ] Safepoint "Cleanup", Time since last: 1550603209 ns, Reaching safepoint: 4392458 ns, At safepoint: 64834 ns, Total: 4457292 ns
[2025-01-06T19:27:32.956+0000][7][safepoint   ] Safepoint "Cleanup", Time since last: 2006917959 ns, Reaching safepoint: 674958 ns, At safepoint: 20750 ns, Total: 695708 ns
[2025-01-06T19:27:33.963+0000][7][safepoint   ] Safepoint "Cleanup", Time since last: 1006687626 ns, Reaching safepoint: 645375 ns, At safepoint: 31500 ns, Total: 676875 ns
[2025-01-06T19:27:35.966+0000][7][safepoint   ] Safepoint "Cleanup", Time since last: 2003086667 ns, Reaching safepoint: 278167 ns, At safepoint: 6250 ns, Total: 284417 ns
[2025-01-06T19:27:36.967+0000][7][safepoint   ] Safepoint "Cleanup", Time since last: 1000728042 ns, Reaching safepoint: 142875 ns, At safepoint: 11792 ns, Total: 154667 ns
[2025-01-06T19:27:37.968+0000][7][safepoint   ] Safepoint "Cleanup", Time since last: 1000848750 ns, Reaching safepoint: 125709 ns, At safepoint: 7041 ns, Total: 132750 ns
[2025-01-06T19:27:39.973+0000][7][safepoint   ] Safepoint "Cleanup", Time since last: 2004833835 ns, Reaching safepoint: 134333 ns, At safepoint: 5500 ns, Total: 139833 ns
[2025-01-06T19:27:44.979+0000][7][safepoint   ] Safepoint "Cleanup", Time since last: 5005103127 ns, Reaching safepoint: 153000 ns, At safepoint: 6625 ns, Total: 159625 ns
[2025-01-06T19:27:45.980+0000][7][safepoint   ] Safepoint "Cleanup", Time since last: 1001100584 ns, Reaching safepoint: 237958 ns, At safepoint: 12292 ns, Total: 250250 ns
[2025-01-06T19:27:46.983+0000][7][safepoint   ] Safepoint "Cleanup", Time since last: 1002271458 ns, Reaching safepoint: 190750 ns, At safepoint: 7417 ns, Total: 198167 ns
[2025-01-06T19:27:47.987+0000][7][safepoint   ] Safepoint "Cleanup", Time since last: 1001839917 ns, Reaching safepoint: 2266542 ns, At safepoint: 25291 ns, Total: 2291833 ns
[2025-01-06T19:27:50.997+0000][7][safepoint   ] Safepoint "Cleanup", Time since last: 3009958210 ns, Reaching safepoint: 594250 ns, At safepoint: 34959 ns, Total: 629209 ns
[2025-01-06T19:27:52.002+0000][7][safepoint   ] Safepoint "Cleanup", Time since last: 1002966792 ns, Reaching safepoint: 1152625 ns, At safepoint: 30916 ns, Total: 1183541 ns
[2025-01-06T19:27:53.009+0000][7][safepoint   ] Safepoint "Cleanup", Time since last: 1006247209 ns, Reaching safepoint: 675375 ns, At safepoint: 28084 ns, Total: 703459 ns
[2025-01-06T19:27:54.017+0000][7][safepoint   ] Safepoint "Cleanup", Time since last: 1008062958 ns, Reaching safepoint: 719250 ns, At safepoint: 19875 ns, Total: 739125 ns
[2025-01-06T19:27:55.024+0000][7][safepoint   ] Safepoint "Cleanup", Time since last: 1006337293 ns, Reaching safepoint: 687041 ns, At safepoint: 25875 ns, Total: 712916 ns
[2025-01-06T19:27:56.031+0000][7][safepoint   ] Safepoint "Cleanup", Time since last: 1006173667 ns, Reaching safepoint: 381500 ns, At safepoint: 7417 ns, Total: 388917 ns
[2025-01-06T19:27:57.034+0000][7][safepoint   ] Safepoint "Cleanup", Time since last: 1001790709 ns, Reaching safepoint: 861291 ns, At safepoint: 26917 ns, Total: 888208 ns
[2025-01-06T19:27:58.035+0000][7][safepoint   ] Safepoint "Cleanup", Time since last: 1001130626 ns, Reaching safepoint: 210166 ns, At safepoint: 14792 ns, Total: 224958 ns
[2025-01-06T19:27:59.040+0000][7][safepoint   ] Safepoint "Cleanup", Time since last: 1004071875 ns, Reaching safepoint: 586709 ns, At safepoint: 23833 ns, Total: 610542 ns
[2025-01-06T19:28:06.058+0000][7][safepoint   ] Safepoint "Cleanup", Time since last: 7017023712 ns, Reaching safepoint: 888583 ns, At safepoint: 30292 ns, Total: 918875 ns
[2025-01-06T19:28:08.063+0000][7][safepoint   ] Safepoint "Cleanup", Time since last: 2005051709 ns, Reaching safepoint: 649792 ns, At safepoint: 32666 ns, Total: 682458 ns
[2025-01-06T19:28:11.079+0000][7][safepoint   ] Safepoint "Cleanup", Time since last: 3014717169 ns, Reaching safepoint: 784458 ns, At safepoint: 22625 ns, Total: 807083 ns
[2025-01-06T19:28:17.091+0000][7][safepoint   ] Safepoint "Cleanup", Time since last: 6012026335 ns, Reaching safepoint: 651417 ns, At safepoint: 34041 ns, Total: 685458 ns
[2025-01-06T19:28:19.099+0000][7][safepoint   ] Safepoint "Cleanup", Time since last: 2006779835 ns, Reaching safepoint: 795541 ns, At safepoint: 31417 ns, Total: 826958 ns
[2025-01-06T19:28:22.114+0000][7][safepoint   ] Safepoint "Cleanup", Time since last: 3014832460 ns, Reaching safepoint: 633625 ns, At safepoint: 27333 ns, Total: 660958 ns
[2025-01-06T19:28:26.133+0000][7][safepoint   ] Safepoint "Cleanup", Time since last: 4017057044 ns, Reaching safepoint: 1337666 ns, At safepoint: 28375 ns, Total: 1366041 ns
[2025-01-06T19:28:27.142+0000][7][safepoint   ] Safepoint "Cleanup", Time since last: 1008686168 ns, Reaching safepoint: 562416 ns, At safepoint: 33709 ns, Total: 596125 ns
[2025-01-06T19:28:33.162+0000][7][safepoint   ] Safepoint "Cleanup", Time since last: 6018177711 ns, Reaching safepoint: 1120000 ns, At safepoint: 31041 ns, Total: 1151041 ns
[2025-01-06T19:28:36.174+0000][7][safepoint   ] Safepoint "Cleanup", Time since last: 3011983502 ns, Reaching safepoint: 672458 ns, At safepoint: 35375 ns, Total: 707833 ns
[2025-01-06T19:28:44.204+0000][7][safepoint   ] Safepoint "Cleanup", Time since last: 8029001379 ns, Reaching safepoint: 839375 ns, At safepoint: 27750 ns, Total: 867125 ns
[2025-01-06T19:28:46.211+0000][7][safepoint   ] Safepoint "Cleanup", Time since last: 2006571959 ns, Reaching safepoint: 200500 ns, At safepoint: 11333 ns, Total: 211833 ns
[2025-01-06T19:28:48.216+0000][7][safepoint   ] Safepoint "Cleanup", Time since last: 2004682668 ns, Reaching safepoint: 344250 ns, At safepoint: 11250 ns, Total: 355500 ns
[2025-01-06T19:28:56.240+0000][7][safepoint   ] Safepoint "Cleanup", Time since last: 8023804337 ns, Reaching safepoint: 189250 ns, At safepoint: 6375 ns, Total: 195625 ns
[2025-01-06T19:28:57.245+0000][7][safepoint   ] Safepoint "Cleanup", Time since last: 1003893542 ns, Reaching safepoint: 874542 ns, At safepoint: 31875 ns, Total: 906417 ns
[2025-01-06T19:29:04.266+0000][7][safepoint   ] Safepoint "Cleanup", Time since last: 7020299878 ns, Reaching safepoint: 884875 ns, At safepoint: 67833 ns, Total: 952708 ns
[2025-01-06T19:29:05.273+0000][7][safepoint   ] Safepoint "Cleanup", Time since last: 1005475667 ns, Reaching safepoint: 931959 ns, At safepoint: 31833 ns, Total: 963792 ns
[2025-01-06T19:29:07.283+0000][7][safepoint   ] Safepoint "Cleanup", Time since last: 2008229334 ns, Reaching safepoint: 1432625 ns, At safepoint: 35000 ns, Total: 1467625 ns
[2025-01-06T19:29:15.067+0000][7][gc,heap,exit] Heap
[2025-01-06T19:29:15.069+0000][7][gc,heap,exit]  garbage-first heap   total 8388608K, used 338791K [0x0000000600000000, 0x0000000800000000)
[2025-01-06T19:29:15.070+0000][7][gc,heap,exit]   region size 4096K, 71 young (290816K), 9 survivors (36864K)
[2025-01-06T19:29:15.071+0000][7][gc,heap,exit]  Metaspace       used 104378K, committed 105984K, reserved 1146880K
[2025-01-06T19:29:15.071+0000][7][gc,heap,exit]   class space    used 14757K, committed 15424K, reserved 1048576K
